Archive member included to satisfy reference by file (symbol)

../Middlewares/ST/AI/Lib\NetworkRuntime1000_CM7_GCC.a(ai_platform.o)
                              ./X-CUBE-AI/App/network.o (ai_buffer_array_item_set_address)
../Middlewares/ST/AI/Lib\NetworkRuntime1000_CM7_GCC.a(ai_platform_interface.o)
                              ./X-CUBE-AI/App/network.o (ai_platform_get_weights_map)
../Middlewares/ST/AI/Lib\NetworkRuntime1000_CM7_GCC.a(core_common.o)
                              ../Middlewares/ST/AI/Lib\NetworkRuntime1000_CM7_GCC.a(ai_platform_interface.o) (core_init)
../Middlewares/ST/AI/Lib\NetworkRuntime1000_CM7_GCC.a(core_mem_manager.o)
                              ../Middlewares/ST/AI/Lib\NetworkRuntime1000_CM7_GCC.a(ai_platform_interface.o) (core_mem_alloc)
../Middlewares/ST/AI/Lib\NetworkRuntime1000_CM7_GCC.a(layers.o)
                              ../Middlewares/ST/AI/Lib\NetworkRuntime1000_CM7_GCC.a(ai_platform_interface.o) (ai_check_custom_types)
../Middlewares/ST/AI/Lib\NetworkRuntime1000_CM7_GCC.a(layers_conv2d_sssa8_ch.o)
                              ./X-CUBE-AI/App/network.o (forward_conv2d_sssa8_ch_nl_pool)
../Middlewares/ST/AI/Lib\NetworkRuntime1000_CM7_GCC.a(layers_conv2d_stm32_integer.o)
                              ./X-CUBE-AI/App/network.o (forward_dense_integer_SSSA_ch)
../Middlewares/ST/AI/Lib\NetworkRuntime1000_CM7_GCC.a(layers_nl_stm32_integer.o)
                              ./X-CUBE-AI/App/network.o (forward_sm_integer)
../Middlewares/ST/AI/Lib\NetworkRuntime1000_CM7_GCC.a(layers_pool_stm32_integer.o)
                              ./X-CUBE-AI/App/network.o (pool_func_mp_array_integer_INT8)
../Middlewares/ST/AI/Lib\NetworkRuntime1000_CM7_GCC.a(layers_conv2d_integer_scratch.o)
                              ../Middlewares/ST/AI/Lib\NetworkRuntime1000_CM7_GCC.a(layers.o) (get_conv2d_scratch_size)
../Middlewares/ST/AI/Lib\NetworkRuntime1000_CM7_GCC.a(forward_lite_dense_is8os8ws8.o)
                              ../Middlewares/ST/AI/Lib\NetworkRuntime1000_CM7_GCC.a(layers_conv2d_stm32_integer.o) (forward_lite_dense_is8os8ws8)
../Middlewares/ST/AI/Lib\NetworkRuntime1000_CM7_GCC.a(forward_lite_maxpool_is8os8_scalepos.o)
                              ../Middlewares/ST/AI/Lib\NetworkRuntime1000_CM7_GCC.a(layers_pool_stm32_integer.o) (forward_lite_maxpool_is8os8_scalepos)
../Middlewares/ST/AI/Lib\NetworkRuntime1000_CM7_GCC.a(forward_lite_avepool_is8os8.o)
                              ../Middlewares/ST/AI/Lib\NetworkRuntime1000_CM7_GCC.a(layers_pool_stm32_integer.o) (forward_lite_avepool_is8os8)
../Middlewares/ST/AI/Lib\NetworkRuntime1000_CM7_GCC.a(forward_lite_conv2d_sssa8_ch.o)
                              ../Middlewares/ST/AI/Lib\NetworkRuntime1000_CM7_GCC.a(layers_conv2d_sssa8_ch.o) (forward_lite_conv2d_dilated_sssa8_ch)
../Middlewares/ST/AI/Lib\NetworkRuntime1000_CM7_GCC.a(forward_lite_maxpool_is16os16.o)
                              ../Middlewares/ST/AI/Lib\NetworkRuntime1000_CM7_GCC.a(layers_pool_stm32_integer.o) (forward_lite_maxpool_is16os16_scalepos)
../Middlewares/ST/AI/Lib\NetworkRuntime1000_CM7_GCC.a(forward_lite_maxpool_is8os8.o)
                              ../Middlewares/ST/AI/Lib\NetworkRuntime1000_CM7_GCC.a(layers_pool_stm32_integer.o) (forward_lite_maxpool_is8os8_scaleneg)
../Middlewares/ST/AI/Lib\NetworkRuntime1000_CM7_GCC.a(forward_lite_maxpool_iu16ou16.o)
                              ../Middlewares/ST/AI/Lib\NetworkRuntime1000_CM7_GCC.a(layers_pool_stm32_integer.o) (forward_lite_maxpool_iu16ou16_scalepos)
../Middlewares/ST/AI/Lib\NetworkRuntime1000_CM7_GCC.a(forward_lite_maxpool_iu8ou8.o)
                              ../Middlewares/ST/AI/Lib\NetworkRuntime1000_CM7_GCC.a(layers_pool_stm32_integer.o) (forward_lite_maxpool_iu8ou8_scalepos)
../Middlewares/ST/AI/Lib\NetworkRuntime1000_CM7_GCC.a(lite_nl_generic_integer.o)
                              ../Middlewares/ST/AI/Lib\NetworkRuntime1000_CM7_GCC.a(layers_nl_stm32_integer.o) (forward_lite_nl_softmax_is8os8)
../Middlewares/ST/AI/Lib\NetworkRuntime1000_CM7_GCC.a(st_align_factor.o)
                              ../Middlewares/ST/AI/Lib\NetworkRuntime1000_CM7_GCC.a(layers_conv2d_stm32_integer.o) (align_factor)
../Middlewares/ST/AI/Lib\NetworkRuntime1000_CM7_GCC.a(st_int8_to16_no_shift.o)
                              ../Middlewares/ST/AI/Lib\NetworkRuntime1000_CM7_GCC.a(forward_lite_conv2d_sssa8_ch.o) (st_int8_to16_no_shift)
../Middlewares/ST/AI/Lib\NetworkRuntime1000_CM7_GCC.a(st_padding_opt.o)
                              ../Middlewares/ST/AI/Lib\NetworkRuntime1000_CM7_GCC.a(forward_lite_conv2d_sssa8_ch.o) (ai_padding_opt_init)
../Middlewares/ST/AI/Lib\NetworkRuntime1000_CM7_GCC.a(st_int8_pool.o)
                              ../Middlewares/ST/AI/Lib\NetworkRuntime1000_CM7_GCC.a(forward_lite_avepool_is8os8.o) (st_int8_avepool)
../Middlewares/ST/AI/Lib\NetworkRuntime1000_CM7_GCC.a(st_uint8_pool.o)
[...]
Memory Configuration

Name             Origin             Length             Attributes
RAM              0x20000000         0x00080000         xrw
FLASH            0x08000000         0x00200000         xr
*default*        0x00000000         0xffffffff

Linker script and memory map

LOAD C:/ST/STM32CubeIDE_1.13.0/STM32CubeIDE/plugins/com.st.stm32cube.ide.mcu.externaltools.gnu-tools-for-stm32.12.3.rel1.win32_1.1.0.202410251130/tools/bin/../lib/gcc/arm-none-eabi/12.3.1/thumb/v7e-m+dp/hard/crti.o
LOAD C:/ST/STM32CubeIDE_1.13.0/STM32CubeIDE/plugins/com.st.stm32cube.ide.mcu.externaltools.gnu-tools-for-stm32.12.3.rel1.win32_1.1.0.202410251130/tools/bin/../lib/gcc/arm-none-eabi/12.3.1/thumb/v7e-m+dp/hard/crtbegin.o
LOAD C:/ST/STM32CubeIDE_1.13.0/STM32CubeIDE/plugins/com.st.stm32cube.ide.mcu.externaltools.gnu-tools-for-stm32.12.3.rel1.win32_1.1.0.202410251130/tools/bin/../lib/gcc/arm-none-eabi/12.3.1/../../../../arm-none-eabi/lib/thumb/v7e-m+dp/hard/crt0.o
LOAD ./Core/Src/freertos.o
LOAD ./Core/Src/main.o
LOAD ./Core/Src/song3.o
LOAD ./Core/Src/songhigh1.o
LOAD ./Core/Src/songlow2.o
LOAD ./Core/Src/ssd1306.o
LOAD ./Core/Src/ssd1306_fonts.o
LOAD ./Core/Src/stm32f7xx_hal_msp.o
LOAD ./Core/Src/stm32f7xx_it.o
LOAD ./Core/Src/sysmem.o
LOAD ./Core/Src/system_stm32f7xx.o
LOAD ./Core/Startup/startup_stm32f767zitx.o
LOAD ./Drivers/STM32F7xx_HAL_Driver/Src/stm32f7xx_hal.o
LOAD ./Drivers/STM32F7xx_HAL_Driver/Src/stm32f7xx_hal_cortex.o
LOAD ./Drivers/STM32F7xx_HAL_Driver/Src/stm32f7xx_hal_dac.o
LOAD ./Drivers/STM32F7xx_HAL_Driver/Src/stm32f7xx_hal_dac_ex.o
LOAD ./Drivers/STM32F7xx_HAL_Driver/Src/stm32f7xx_hal_dma.o
LOAD ./Drivers/STM32F7xx_HAL_Driver/Src/stm32f7xx_hal_dma_ex.o
LOAD ./Drivers/STM32F7xx_HAL_Driver/Src/stm32f7xx_hal_eth.o
LOAD ./Drivers/STM32F7xx_HAL_Driver/Src/stm32f7xx_hal_exti.o
LOAD ./Drivers/STM32F7xx_HAL_Driver/Src/stm32f7xx_hal_flash.o
LOAD ./Drivers/STM32F7xx_HAL_Driver/Src/stm32f7xx_hal_flash_ex.o
LOAD ./Drivers/STM32F7xx_HAL_Driver/Src/stm32f7xx_hal_gpio.o
LOAD ./Drivers/STM32F7xx_HAL_Driver/Src/stm32f7xx_hal_i2c.o
LOAD ./Drivers/STM32F7xx_HAL_Driver/Src/stm32f7xx_hal_i2c_ex.o
LOAD ./Drivers/STM32F7xx_HAL_Driver/Src/stm32f7xx_hal_pcd.o
LOAD ./Drivers/STM32F7xx_HAL_Driver/Src/stm32f7xx_hal_pcd_ex.o
LOAD ./Drivers/STM32F7xx_HAL_Driver/Src/stm32f7xx_hal_pwr.o
LOAD ./Drivers/STM32F7xx_HAL_Driver/Src/stm32f7xx_hal_pwr_ex.o
LOAD ./Drivers/STM32F7xx_HAL_Driver/Src/stm32f7xx_hal_rcc.o
LOAD ./Drivers/STM32F7xx_HAL_Driver/Src/stm32f7xx_hal_rcc_ex.o
LOAD ./Drivers/STM32F7xx_HAL_Driver/Src/stm32f7xx_hal_tim.o
LOAD ./Drivers/STM32F7xx_HAL_Driver/Src/stm32f7xx_hal_tim_ex.o
LOAD ./Drivers/STM32F7xx_HAL_Driver/Src/stm32f7xx_hal_uart.o
LOAD ./Drivers/STM32F7xx_HAL_Driver/Src/stm32f7xx_hal_uart_ex.o
LOAD ./Drivers/STM32F7xx_HAL_Driver/Src/stm32f7xx_ll_usb.o
LOAD ./Middlewares/Third_Party/FreeRTOS/Source/CMSIS_RTOS_V2/cmsis_os2.o
LOAD ./Middlewares/Third_Party/FreeRTOS/Source/croutine.o
LOAD ./Middlewares/Third_Party/FreeRTOS/Source/event_groups.o
LOAD ./Middlewares/Third_Party/FreeRTOS/Source/list.o
LOAD ./Middlewares/Third_Party/FreeRTOS/Source/queue.o
LOAD ./Middlewares/Third_Party/FreeRTOS/Source/stream_buffer.o
LOAD ./Middlewares/Third_Party/FreeRTOS/Source/tasks.o
LOAD ./Middlewares/Third_Party/FreeRTOS/Source/timers.o
LOAD ./Middlewares/Third_Party/FreeRTOS/Source/portable/GCC/ARM_CM7/r0p1/port.o
LOAD ./Middlewares/Third_Party/FreeRTOS/Source/portable/MemMang/heap_4.o
LOAD ./X-CUBE-AI/App/app_x-cube-ai.o
LOAD ./X-CUBE-AI/App/network.o
LOAD ./X-CUBE-AI/App/network_data.o
LOAD ./X-CUBE-AI/App/network_data_params.o
LOAD ../Middlewares/ST/AI/Lib\NetworkRuntime1000_CM7_GCC.a
START GROUP
LOAD C:/ST/STM32CubeIDE_1.13.0/STM32CubeIDE/plugins/com.st.stm32cube.ide.mcu.externaltools.gnu-tools-for-stm32.12.3.rel1.win32_1.1.0.202410251130/tools/bin/../lib/gcc/arm-none-eabi/12.3.1/../../../../arm-none-eabi/lib/thumb/v7e-m+dp/hard\libc_nano.a
LOAD C:/ST/STM32CubeIDE_1.13.0/STM32CubeIDE/plugins/com.st.stm32cube.ide.mcu.externaltools.gnu-tools-for-stm32.12.3.rel1.win32_1.1.0.202410251130/tools/bin/../lib/gcc/arm-none-eabi/12.3.1/../../../../arm-none-eabi/lib/thumb/v7e-m+dp/hard\libm.a
END GROUP
START GROUP
LOAD C:/ST/STM32CubeIDE_1.13.0/STM32CubeIDE/plugins/com.st.stm32cube.ide.mcu.externaltools.gnu-tools-for-stm32.12.3.rel1.win32_1.1.0.202410251130/tools/bin/../lib/gcc/arm-none-eabi/12.3.1/thumb/v7e-m+dp/hard\libgcc.a
LOAD C:/ST/STM32CubeIDE_1.13.0/STM32CubeIDE/plugins/com.st.stm32cube.ide.mcu.externaltools.gnu-tools-for-stm32.12.3.rel1.win32_1.1.0.202410251130/tools/bin/../lib/gcc/arm-none-eabi/12.3.1/../../../../arm-none-eabi/lib/thumb/v7e-m+dp/hard\libc_nano.a
END GROUP
START GROUP
LOAD C:/ST/STM32CubeIDE_1.13.0/STM32CubeIDE/plugins/com.st.stm32cube.ide.mcu.externaltools.gnu-tools-for-stm32.12.3.rel1.win32_1.1.0.202410251130/tools/bin/../lib/gcc/arm-none-eabi/12.3.1/thumb/v7e-m+dp/hard\libgcc.a
LOAD C:/ST/STM32CubeIDE_1.13.0/STM32CubeIDE/plugins/com.st.stm32cube.ide.mcu.externaltools.gnu-tools-for-stm32.12.3.rel1.win32_1.1.0.202410251130/tools/bin/../lib/gcc/arm-none-eabi/12.3.1/../../../../arm-none-eabi/lib/thumb/v7e-m+dp/hard\libc_nano.a
LOAD C:/ST/STM32CubeIDE_1.13.0/STM32CubeIDE/plugins/com.st.stm32cube.ide.mcu.externaltools.gnu-tools-for-stm32.12.3.rel1.win32_1.1.0.202410251130/tools/bin/../lib/gcc/arm-none-eabi/12.3.1/../../../../arm-none-eabi/lib/thumb/v7e-m+dp/hard\libnosys.a
END GROUP
START GROUP
LOAD C:/ST/STM32CubeIDE_1.13.0/STM32CubeIDE/plugins/com.st.stm32cube.ide.mcu.externaltools.gnu-tools-for-stm32.12.3.rel1.win32_1.1.0.202410251130/tools/bin/../lib/gcc/arm-none-eabi/12.3.1/thumb/v7e-m+dp/hard\libgcc.a
LOAD C:/ST/STM32CubeIDE_1.13.0/STM32CubeIDE/plugins/com.st.stm32cube.ide.mcu.externaltools.gnu-tools-for-stm32.12.3.rel1.win32_1.1.0.202410251130/tools/bin/../lib/gcc/arm-none-eabi/12.3.1/../../../../arm-none-eabi/lib/thumb/v7e-m+dp/hard\libc_nano.a
LOAD C:/ST/STM32CubeIDE_1.13.0/STM32CubeIDE/plugins/com.st.stm32cube.ide.mcu.externaltools.gnu-tools-for-stm32.12.3.rel1.win32_1.1.0.202410251130/tools/bin/../lib/gcc/arm-none-eabi/12.3.1/../../../../arm-none-eabi/lib/thumb/v7e-m+dp/hard\libnosys.a
END GROUP
LOAD C:/ST/STM32CubeIDE_1.13.0/STM32CubeIDE/plugins/com.st.stm32cube.ide.mcu.externaltools.gnu-tools-for-stm32.12.3.rel1.win32_1.1.0.202410251130/tools/bin/../lib/gcc/arm-none-eabi/12.3.1/thumb/v7e-m+dp/hard/crtend.o
LOAD C:/ST/STM32CubeIDE_1.13.0/STM32CubeIDE/plugins/com.st.stm32cube.ide.mcu.externaltools.gnu-tools-for-stm32.12.3.rel1.win32_1.1.0.202410251130/tools/bin/../lib/gcc/arm-none-eabi/12.3.1/thumb/v7e-m+dp/hard/crtn.o
                0x20080000                        _estack = (ORIGIN (RAM) + LENGTH (RAM))
                0x00000800                        _Min_Heap_Size = 0x800
                0x00000800                        _Min_Stack_Size = 0x800

.isr_vector     0x08000000      0x1f8
                0x08000000                        . = ALIGN (0x4)
 *(.isr_vector)
 .isr_vector    0x08000000      0x1f8 ./Core/Startup/startup_stm32f767zitx.o
                0x08000000                g_pfnVectors
                0x080001f8                        . = ALIGN (0x4)

.text           0x08000200    0x10ce8
                0x08000200                        . = ALIGN (0x4)
 *(.text)
 .text          0x08000200       0x40 C:/ST/STM32CubeIDE_1.13.0/STM32CubeIDE/plugins/com.st.stm32cube.ide.mcu.externaltools.gnu-tools-for-stm32.12.3.rel1.win32_1.1.0.202410251130/tools/bin/../lib/gcc/arm-none-eabi/12.3.1/thumb/v7e-m+dp/hard/crtbegin.o
 .text          0x08000240       0x10 C:/ST/STM32CubeIDE_1.13.0/STM32CubeIDE/plugins/com.st.stm32cube.ide.mcu.externaltools.gnu-tools-for-stm32.12.3.rel1.win32_1.1.0.202410251130/tools/bin/../lib/gcc/arm-none-eabi/12.3.1/../../../../arm-none-eabi/lib/thumb/v7e-m+dp/hard\libc_nano.a(libc_a-strlen.o)
                0x08000240                strlen
 .text          0x08000250       0xa0 C:/ST/STM32CubeIDE_1.13.0/STM32CubeIDE/plugins/com.st.stm32cube.ide.mcu.externaltools.gnu-tools-for-stm32.12.3.rel1.win32_1.1.0.202410251130/tools/bin/../lib/gcc/arm-none-eabi/12.3.1/../../../../arm-none-eabi/lib/thumb/v7e-m+dp/hard\libc_nano.a(libc_a-memchr.o)
                0x08000250                memchr
 .text          0x080002f0       0x30 C:/ST/STM32CubeIDE_1.13.0/STM32CubeIDE/plugins/com.st.stm32cube.ide.mcu.externaltools.gnu-tools-for-stm32.12.3.rel1.win32_1.1.0.202410251130/tools/bin/../lib/gcc/arm-none-eabi/12.3.1/thumb/v7e-m+dp/hard\libgcc.a(_aeabi_uldivmod.o)
                0x080002f0                __aeabi_uldivmod
 .text          0x08000320      0x2bc C:/ST/STM32CubeIDE_1.13.0/STM32CubeIDE/plugins/com.st.stm32cube.ide.mcu.externaltools.gnu-tools-for-stm32.12.3.rel1.win32_1.1.0.202410251130/tools/bin/../lib/gcc/arm-none-eabi/12.3.1/thumb/v7e-m+dp/hard\libgcc.a(_udivmoddi4.o)
                0x08000320                __udivmoddi4
 .text          0x080005dc        0x4 C:/ST/STM32CubeIDE_1.13.0/STM32CubeIDE/plugins/com.st.stm32cube.ide.mcu.externaltools.gnu-tools-for-stm32.12.3.rel1.win32_1.1.0.202410251130/tools/bin/../lib/gcc/arm-none-eabi/12.3.1/thumb/v7e-m+dp/hard\libgcc.a(_dvmd_tls.o)
                0x080005dc                __aeabi_idiv0
                0x080005dc                __aeabi_ldiv0
 *(.text*)
 .text.SCB_EnableICache
                0x080005e0       0x4c ./Core/Src/main.o
 .text.SCB_EnableDCache
                0x0800062c       0x88 ./Core/Src/main.o
 .text.main     0x080006b4      0x120 ./Core/Src/main.o
                0x080006b4                main
 .text.SystemClock_Config
                0x080007d4       0xe0 ./Core/Src/main.o
                0x080007d4                SystemClock_Config
 .text.MX_DAC_Init
                0x080008b4       0x54 ./Core/Src/main.o
 .text.MX_ETH_Init
                0x08000908       0x9c ./Core/Src/main.o
 .text.MX_I2C2_Init
                0x080009a4       0x80 ./Core/Src/main.o
 .text.MX_TIM4_Init
                0x08000a24       0x9c ./Core/Src/main.o
 .text.MX_USART3_UART_Init
                0x08000ac0       0x60 ./Core/Src/main.o
 .text.MX_USB_OTG_FS_PCD_Init
                0x08000b20       0x5c ./Core/Src/main.o
 .text.MX_GPIO_Init
                0x08000b7c      0x190 ./Core/Src/main.o
 .text.HAL_UART_RxCpltCallback
                0x08000d0c       0x34 ./Core/Src/main.o
                0x08000d0c                HAL_UART_RxCpltCallback
 .text.PlayWav  0x08000d40       0x28 ./Core/Src/main.o
                0x08000d40                PlayWav
 .text.Taskuser
                0x08000d68       0xf8 ./Core/Src/main.o
                0x08000d68                Taskuser
 .text.Task02image
                0x08000e60       0xac ./Core/Src/main.o
                0x08000e60                Task02image
 .text.Task03logic
                0x08000f0c      0x1c0 ./Core/Src/main.o
                0x08000f0c                Task03logic
 .text.Task04display
                0x080010cc       0xd4 ./Core/Src/main.o
                0x080010cc                Task04display
 .text.Task05song
                0x080011a0       0xc0 ./Core/Src/main.o
                0x080011a0                Task05song
 .text.Error_Handler
                0x08001260        0xc ./Core/Src/main.o
                0x08001260                Error_Handler
 .text.ssd1306_Reset
                0x0800126c        0xe ./Core/Src/ssd1306.o
                0x0800126c                ssd1306_Reset
 *fill*         0x0800127a        0x2 
 .text.ssd1306_WriteCommand
                0x0800127c       0x30 ./Core/Src/ssd1306.o
                0x0800127c                ssd1306_WriteCommand
 .text.ssd1306_WriteData
                0x080012ac       0x34 ./Core/Src/ssd1306.o
                0x080012ac                ssd1306_WriteData
 .text.ssd1306_Init
                0x080012e0       0xd4 ./Core/Src/ssd1306.o
                0x080012e0                ssd1306_Init
 .text.ssd1306_Fill
                0x080013b4       0x30 ./Core/Src/ssd1306.o
                0x080013b4                ssd1306_Fill
 .text.ssd1306_UpdateScreen
                0x080013e4       0x50 ./Core/Src/ssd1306.o
                0x080013e4                ssd1306_UpdateScreen
 .text.ssd1306_DrawPixel
                0x08001434       0xa8 ./Core/Src/ssd1306.o
                0x08001434                ssd1306_DrawPixel
 .text.ssd1306_WriteChar
                0x080014dc      0x120 ./Core/Src/ssd1306.o
                0x080014dc                ssd1306_WriteChar
 .text.ssd1306_WriteString
                0x080015fc       0x4c ./Core/Src/ssd1306.o
                0x080015fc                ssd1306_WriteString
 .text.ssd1306_SetCursor
                0x08001648       0x30 ./Core/Src/ssd1306.o
                0x08001648                ssd1306_SetCursor
 .text.ssd1306_SetContrast
                0x08001678       0x26 ./Core/Src/ssd1306.o
                0x08001678                ssd1306_SetContrast
 *fill*         0x0800169e        0x2 
 .text.ssd1306_SetDisplayOn
                0x080016a0       0x3c ./Core/Src/ssd1306.o
                0x080016a0                ssd1306_SetDisplayOn
 .text.HAL_MspInit
                0x080016dc       0x50 ./Core/Src/stm32f7xx_hal_msp.o
                0x080016dc                HAL_MspInit
 .text.HAL_DAC_MspInit
                0x0800172c       0x80 ./Core/Src/stm32f7xx_hal_msp.o
                0x0800172c                HAL_DAC_MspInit
 .text.HAL_ETH_MspInit
                0x080017ac      0x170 ./Core/Src/stm32f7xx_hal_msp.o
                0x080017ac                HAL_ETH_MspInit
 .text.HAL_I2C_MspInit
                0x0800191c       0xbc ./Core/Src/stm32f7xx_hal_msp.o
                0x0800191c                HAL_I2C_MspInit
 .text.HAL_TIM_Base_MspInit
                0x080019d8       0x4c ./Core/Src/stm32f7xx_hal_msp.o
                0x080019d8                HAL_TIM_Base_MspInit
 .text.HAL_UART_MspInit
                0x08001a24       0xd0 ./Core/Src/stm32f7xx_hal_msp.o
                0x08001a24                HAL_UART_MspInit
 .text.HAL_PCD_MspInit
                0x08001af4       0xf4 ./Core/Src/stm32f7xx_hal_msp.o
                0x08001af4                HAL_PCD_MspInit
 .text.NMI_Handler
                0x08001be8        0x8 ./Core/Src/stm32f7xx_it.o
                0x08001be8                NMI_Handler
 .text.HardFault_Handler
                0x08001bf0        0x8 ./Core/Src/stm32f7xx_it.o
                0x08001bf0                HardFault_Handler
 .text.MemManage_Handler
                0x08001bf8        0x8 ./Core/Src/stm32f7xx_it.o
                0x08001bf8                MemManage_Handler
 .text.BusFault_Handler
                0x08001c00        0x8 ./Core/Src/stm32f7xx_it.o
                0x08001c00                BusFault_Handler
 .text.UsageFault_Handler
                0x08001c08        0x8 ./Core/Src/stm32f7xx_it.o
                0x08001c08                UsageFault_Handler
 .text.DebugMon_Handler
                0x08001c10        0xe ./Core/Src/stm32f7xx_it.o
                0x08001c10                DebugMon_Handler
 .text.SysTick_Handler
                0x08001c1e       0x1a ./Core/Src/stm32f7xx_it.o
                0x08001c1e                SysTick_Handler
 .text.TIM4_IRQHandler
                0x08001c38      0x124 ./Core/Src/stm32f7xx_it.o
                0x08001c38                TIM4_IRQHandler
 .text.USART3_IRQHandler
                0x08001d5c       0x14 ./Core/Src/stm32f7xx_it.o
                0x08001d5c                USART3_IRQHandler
 .text._sbrk    0x08001d70       0x6c ./Core/Src/sysmem.o
                0x08001d70                _sbrk
 .text.SystemInit
                0x08001ddc       0x24 ./Core/Src/system_stm32f7xx.o
                0x08001ddc                SystemInit
 .text.Reset_Handler
                0x08001e00       0x50 ./Core/Startup/startup_stm32f767zitx.o
                0x08001e00                Reset_Handler
 .text.Default_Handler
                0x08001e50        0x2 ./Core/Startup/startup_stm32f767zitx.o
                0x08001e50                RTC_Alarm_IRQHandler
                0x08001e50                EXTI2_IRQHandler
                0x08001e50                TIM8_CC_IRQHandler
                0x08001e50                UART8_IRQHandler
                0x08001e50                SPI4_IRQHandler
                0x08001e50                TIM1_CC_IRQHandler
                0x08001e50                DMA2_Stream5_IRQHandler
                0x08001e50                JPEG_IRQHandler
                0x08001e50                DMA1_Stream5_IRQHandler
                0x08001e50                CAN3_RX1_IRQHandler
                0x08001e50                PVD_IRQHandler
                0x08001e50                TAMP_STAMP_IRQHandler
                0x08001e50                CAN2_RX1_IRQHandler
                0x08001e50                EXTI3_IRQHandler
                0x08001e50                TIM8_TRG_COM_TIM14_IRQHandler
                0x08001e50                DFSDM1_FLT1_IRQHandler
                0x08001e50                TIM1_UP_TIM10_IRQHandler
                0x08001e50                TIM8_UP_TIM13_IRQHandler
                0x08001e50                I2C3_ER_IRQHandler
                0x08001e50                DFSDM1_FLT2_IRQHandler
                0x08001e50                EXTI0_IRQHandler
                0x08001e50                I2C2_EV_IRQHandler
                0x08001e50                DMA1_Stream2_IRQHandler
                0x08001e50                CAN1_RX0_IRQHandler
                0x08001e50                FPU_IRQHandler
                0x08001e50                OTG_HS_WKUP_IRQHandler
                0x08001e50                CAN3_SCE_IRQHandler
                0x08001e50                LTDC_ER_IRQHandler
                0x08001e50                CAN2_SCE_IRQHandler
                0x08001e50                DMA2_Stream2_IRQHandler
                0x08001e50                SPI1_IRQHandler
                0x08001e50                TIM6_DAC_IRQHandler
                0x08001e50                TIM1_BRK_TIM9_IRQHandler
                0x08001e50                DCMI_IRQHandler
                0x08001e50                CAN2_RX0_IRQHandler
                0x08001e50                DMA2_Stream3_IRQHandler
                0x08001e50                SAI2_IRQHandler
                0x08001e50                DFSDM1_FLT3_IRQHandler
                0x08001e50                USART6_IRQHandler
                0x08001e50                CAN3_RX0_IRQHandler
                0x08001e50                CAN1_RX1_IRQHandler
                0x08001e50                UART5_IRQHandler
                0x08001e50                DMA2_Stream0_IRQHandler
                0x08001e50                QUADSPI_IRQHandler
                0x08001e50                I2C1_EV_IRQHandler
                0x08001e50                DMA1_Stream6_IRQHandler
                0x08001e50                DMA1_Stream1_IRQHandler
                0x08001e50                UART4_IRQHandler
                0x08001e50                TIM3_IRQHandler
                0x08001e50                RCC_IRQHandler
                0x08001e50                TIM8_BRK_TIM12_IRQHandler
                0x08001e50                Default_Handler
                0x08001e50                CEC_IRQHandler
                0x08001e50                EXTI15_10_IRQHandler
                0x08001e50                ADC_IRQHandler
                0x08001e50                DMA1_Stream7_IRQHandler
                0x08001e50                SPI5_IRQHandler
                0x08001e50                TIM7_IRQHandler
                0x08001e50                SDMMC1_IRQHandler
                0x08001e50                CAN2_TX_IRQHandler
                0x08001e50                TIM5_IRQHandler
                0x08001e50                DMA2_Stream7_IRQHandler
                0x08001e50                I2C3_EV_IRQHandler
                0x08001e50                EXTI9_5_IRQHandler
                0x08001e50                RTC_WKUP_IRQHandler
                0x08001e50                LTDC_IRQHandler
                0x08001e50                ETH_WKUP_IRQHandler
                0x08001e50                SPDIF_RX_IRQHandler
                0x08001e50                SPI2_IRQHandler
                0x08001e50                OTG_HS_EP1_IN_IRQHandler
                0x08001e50                DMA1_Stream0_IRQHandler
                0x08001e50                CAN1_TX_IRQHandler
                0x08001e50                EXTI4_IRQHandler
                0x08001e50                RNG_IRQHandler
                0x08001e50                ETH_IRQHandler
                0x08001e50                OTG_HS_EP1_OUT_IRQHandler
                0x08001e50                WWDG_IRQHandler
                0x08001e50                SPI6_IRQHandler
                0x08001e50                MDIOS_IRQHandler
                0x08001e50                I2C4_EV_IRQHandler
                0x08001e50                CAN3_TX_IRQHandler
                0x08001e50                TIM2_IRQHandler
                0x08001e50                OTG_FS_WKUP_IRQHandler
                0x08001e50                TIM1_TRG_COM_TIM11_IRQHandler
                0x08001e50                OTG_HS_IRQHandler
                0x08001e50                DMA2D_IRQHandler
                0x08001e50                EXTI1_IRQHandler
                0x08001e50                SDMMC2_IRQHandler
                0x08001e50                UART7_IRQHandler
                0x08001e50                USART2_IRQHandler
                0x08001e50                DFSDM1_FLT0_IRQHandler
                0x08001e50                I2C2_ER_IRQHandler
                0x08001e50                DMA2_Stream1_IRQHandler
                0x08001e50                CAN1_SCE_IRQHandler
                0x08001e50                FLASH_IRQHandler
                0x08001e50                DMA2_Stream4_IRQHandler
                0x08001e50                USART1_IRQHandler
                0x08001e50                OTG_FS_IRQHandler
                0x08001e50                SPI3_IRQHandler
                0x08001e50                DMA1_Stream4_IRQHandler
                0x08001e50                I2C1_ER_IRQHandler
                0x08001e50                FMC_IRQHandler
                0x08001e50                LPTIM1_IRQHandler
                0x08001e50                I2C4_ER_IRQHandler
                0x08001e50                DMA2_Stream6_IRQHandler
                0x08001e50                SAI1_IRQHandler
                0x08001e50                DMA1_Stream3_IRQHandler
 .text.HAL_Init
                0x08001e52       0x1a ./Drivers/STM32F7xx_HAL_Driver/Src/stm32f7xx_hal.o
                0x08001e52                HAL_Init
 .text.HAL_InitTick
                0x08001e6c       0x60 ./Drivers/STM32F7xx_HAL_Driver/Src/stm32f7xx_hal.o
                0x08001e6c                HAL_InitTick
 .text.HAL_IncTick
                0x08001ecc       0x28 ./Drivers/STM32F7xx_HAL_Driver/Src/stm32f7xx_hal.o
                0x08001ecc                HAL_IncTick
 .text.HAL_GetTick
                0x08001ef4       0x18 ./Drivers/STM32F7xx_HAL_Driver/Src/stm32f7xx_hal.o
                0x08001ef4                HAL_GetTick
 .text.HAL_Delay
                0x08001f0c       0x48 ./Drivers/STM32F7xx_HAL_Driver/Src/stm32f7xx_hal.o
                0x08001f0c                HAL_Delay
 .text.__NVIC_SetPriorityGrouping
                0x08001f54       0x48 ./Drivers/STM32F7xx_HAL_Driver/Src/stm32f7xx_hal_cortex.o
 .text.__NVIC_GetPriorityGrouping
                0x08001f9c       0x1c ./Drivers/STM32F7xx_HAL_Driver/Src/stm32f7xx_hal_cortex.o
 .text.__NVIC_EnableIRQ
                0x08001fb8       0x3c ./Drivers/STM32F7xx_HAL_Driver/Src/stm32f7xx_hal_cortex.o
 .text.__NVIC_SetPriority
                0x08001ff4       0x54 ./Drivers/STM32F7xx_HAL_Driver/Src/stm32f7xx_hal_cortex.o
 .text.NVIC_EncodePriority
                0x08002048       0x66 ./Drivers/STM32F7xx_HAL_Driver/Src/stm32f7xx_hal_cortex.o
 *fill*         0x080020ae        0x2 
 .text.SysTick_Config
                0x080020b0       0x44 ./Drivers/STM32F7xx_HAL_Driver/Src/stm32f7xx_hal_cortex.o
 .text.HAL_NVIC_SetPriorityGrouping
                0x080020f4       0x16 ./Drivers/STM32F7xx_HAL_Driver/Src/stm32f7xx_hal_cortex.o
                0x080020f4                HAL_NVIC_SetPriorityGrouping
 .text.HAL_NVIC_SetPriority
                0x0800210a       0x38 ./Drivers/STM32F7xx_HAL_Driver/Src/stm32f7xx_hal_cortex.o
                0x0800210a                HAL_NVIC_SetPriority
 .text.HAL_NVIC_EnableIRQ
                0x08002142       0x1c ./Drivers/STM32F7xx_HAL_Driver/Src/stm32f7xx_hal_cortex.o
                0x08002142                HAL_NVIC_EnableIRQ
 .text.HAL_SYSTICK_Config
                0x0800215e       0x18 ./Drivers/STM32F7xx_HAL_Driver/Src/stm32f7xx_hal_cortex.o
                0x0800215e                HAL_SYSTICK_Config
 .text.HAL_DAC_Init
                0x08002176       0x44 ./Drivers/STM32F7xx_HAL_Driver/Src/stm32f7xx_hal_dac.o
                0x08002176                HAL_DAC_Init
 .text.HAL_DAC_Start
                0x080021ba       0xae ./Drivers/STM32F7xx_HAL_Driver/Src/stm32f7xx_hal_dac.o
                0x080021ba                HAL_DAC_Start
 .text.HAL_DAC_Stop
                0x08002268       0x44 ./Drivers/STM32F7xx_HAL_Driver/Src/stm32f7xx_hal_dac.o
                0x08002268                HAL_DAC_Stop
 .text.HAL_DAC_SetValue
                0x080022ac       0x54 ./Drivers/STM32F7xx_HAL_Driver/Src/stm32f7xx_hal_dac.o
                0x080022ac                HAL_DAC_SetValue
 .text.HAL_DAC_ConfigChannel
                0x08002300       0xb2 ./Drivers/STM32F7xx_HAL_Driver/Src/stm32f7xx_hal_dac.o
                0x08002300                HAL_DAC_ConfigChannel
 .text.HAL_DMA_Abort
                0x080023b2       0xe0 ./Drivers/STM32F7xx_HAL_Driver/Src/stm32f7xx_hal_dma.o
                0x080023b2                HAL_DMA_Abort
 .text.HAL_DMA_Abort_IT
                0x08002492       0x44 ./Drivers/STM32F7xx_HAL_Driver/Src/stm32f7xx_hal_dma.o
                0x08002492                HAL_DMA_Abort_IT
 *fill*         0x080024d6        0x2 
 .text.HAL_ETH_Init
                0x080024d8      0x134 ./Drivers/STM32F7xx_HAL_Driver/Src/stm32f7xx_hal_eth.o
                0x080024d8                HAL_ETH_Init
 .text.ETH_SetMACConfig
                0x0800260c      0x168 ./Drivers/STM32F7xx_HAL_Driver/Src/stm32f7xx_hal_eth.o
 .text.ETH_SetDMAConfig
                0x08002774      0x114 ./Drivers/STM32F7xx_HAL_Driver/Src/stm32f7xx_hal_eth.o
 .text.ETH_MACDMAConfig
                0x08002888       0xea ./Drivers/STM32F7xx_HAL_Driver/Src/stm32f7xx_hal_eth.o
 *fill*         0x08002972        0x2 
 .text.ETH_MACAddressConfig
                0x08002974       0x70 ./Drivers/STM32F7xx_HAL_Driver/Src/stm32f7xx_hal_eth.o
 .text.ETH_DMATxDescListInit
                0x080029e4       0xb2 ./Drivers/STM32F7xx_HAL_Driver/Src/stm32f7xx_hal_eth.o
 .text.ETH_DMARxDescListInit
                0x08002a96       0xde ./Drivers/STM32F7xx_HAL_Driver/Src/stm32f7xx_hal_eth.o
 .text.HAL_GPIO_Init
                0x08002b74      0x358 ./Drivers/STM32F7xx_HAL_Driver/Src/stm32f7xx_hal_gpio.o
                0x08002b74                HAL_GPIO_Init
 .text.HAL_GPIO_ReadPin
                0x08002ecc       0x30 ./Drivers/STM32F7xx_HAL_Driver/Src/stm32f7xx_hal_gpio.o
                0x08002ecc                HAL_GPIO_ReadPin
 .text.HAL_GPIO_WritePin
                0x08002efc       0x32 ./Drivers/STM32F7xx_HAL_Driver/Src/stm32f7xx_hal_gpio.o
                0x08002efc                HAL_GPIO_WritePin
 *fill*         0x08002f2e        0x2 
 .text.HAL_I2C_Init
                0x08002f30      0x138 ./Drivers/STM32F7xx_HAL_Driver/Src/stm32f7xx_hal_i2c.o
                0x08002f30                HAL_I2C_Init
 .text.HAL_I2C_Mem_Write
                0x08003068      0x228 ./Drivers/STM32F7xx_HAL_Driver/Src/stm32f7xx_hal_i2c.o
                0x08003068                HAL_I2C_Mem_Write
 .text.I2C_RequestMemoryWrite
                0x08003290       0xa8 ./Drivers/STM32F7xx_HAL_Driver/Src/stm32f7xx_hal_i2c.o
 .text.I2C_Flush_TXDR
                0x08003338       0x48 ./Drivers/STM32F7xx_HAL_Driver/Src/stm32f7xx_hal_i2c.o
 .text.I2C_WaitOnFlagUntilTimeout
                0x08003380       0xb2 ./Drivers/STM32F7xx_HAL_Driver/Src/stm32f7xx_hal_i2c.o
 .text.I2C_WaitOnTXISFlagUntilTimeout
                0x08003432       0x8e ./Drivers/STM32F7xx_HAL_Driver/Src/stm32f7xx_hal_i2c.o
 .text.I2C_WaitOnSTOPFlagUntilTimeout
                0x080034c0       0x86 ./Drivers/STM32F7xx_HAL_Driver/Src/stm32f7xx_hal_i2c.o
 *fill*         0x08003546        0x2 
 .text.I2C_IsErrorOccurred
                0x08003548      0x1c0 ./Drivers/STM32F7xx_HAL_Driver/Src/stm32f7xx_hal_i2c.o
 .text.I2C_TransferConfig
                0x08003708       0x64 ./Drivers/STM32F7xx_HAL_Driver/Src/stm32f7xx_hal_i2c.o
 .text.HAL_I2CEx_ConfigAnalogFilter
                0x0800376c       0x96 ./Drivers/STM32F7xx_HAL_Driver/Src/stm32f7xx_hal_i2c_ex.o
                0x0800376c                HAL_I2CEx_ConfigAnalogFilter
 .text.HAL_I2CEx_ConfigDigitalFilter
                0x08003802       0x98 ./Drivers/STM32F7xx_HAL_Driver/Src/stm32f7xx_hal_i2c_ex.o
                0x08003802                HAL_I2CEx_ConfigDigitalFilter
 .text.HAL_PCD_Init
                0x0800389a      0x22c ./Drivers/STM32F7xx_HAL_Driver/Src/stm32f7xx_hal_pcd.o
                0x0800389a                HAL_PCD_Init
 *fill*         0x08003ac6        0x2 
 .text.HAL_PCDEx_ActivateLPM
                0x08003ac8       0x48 ./Drivers/STM32F7xx_HAL_Driver/Src/stm32f7xx_hal_pcd_ex.o
                0x08003ac8                HAL_PCDEx_ActivateLPM
 .text.HAL_PWR_EnableBkUpAccess
                0x08003b10       0x20 ./Drivers/STM32F7xx_HAL_Driver/Src/stm32f7xx_hal_pwr.o
                0x08003b10                HAL_PWR_EnableBkUpAccess
 .text.HAL_PWREx_EnableOverDrive
                0x08003b30       0xa0 ./Drivers/STM32F7xx_HAL_Driver/Src/stm32f7xx_hal_pwr_ex.o
                0x08003b30                HAL_PWREx_EnableOverDrive
 .text.HAL_RCC_OscConfig
                0x08003bd0      0x55c ./Drivers/STM32F7xx_HAL_Driver/Src/stm32f7xx_hal_rcc.o
                0x08003bd0                HAL_RCC_OscConfig
 .text.HAL_RCC_ClockConfig
                0x0800412c      0x1d8 ./Drivers/STM32F7xx_HAL_Driver/Src/stm32f7xx_hal_rcc.o
                0x0800412c                HAL_RCC_ClockConfig
 .text.HAL_RCC_GetSysClockFreq
                0x08004304      0x20c ./Drivers/STM32F7xx_HAL_Driver/Src/stm32f7xx_hal_rcc.o
                0x08004304                HAL_RCC_GetSysClockFreq
 .text.HAL_RCC_GetHCLKFreq
                0x08004510       0x18 ./Drivers/STM32F7xx_HAL_Driver/Src/stm32f7xx_hal_rcc.o
                0x08004510                HAL_RCC_GetHCLKFreq
 .text.HAL_RCC_GetPCLK1Freq
                0x08004528       0x28 ./Drivers/STM32F7xx_HAL_Driver/Src/stm32f7xx_hal_rcc.o
                0x08004528                HAL_RCC_GetPCLK1Freq
 .text.HAL_RCC_GetPCLK2Freq
                0x08004550       0x28 ./Drivers/STM32F7xx_HAL_Driver/Src/stm32f7xx_hal_rcc.o
                0x08004550                HAL_RCC_GetPCLK2Freq
 .text.HAL_RCCEx_PeriphCLKConfig
                0x08004578      0x850 ./Drivers/STM32F7xx_HAL_Driver/Src/stm32f7xx_hal_rcc_ex.o
                0x08004578                HAL_RCCEx_PeriphCLKConfig
 .text.HAL_TIM_Base_Init
                0x08004dc8       0xae ./Drivers/STM32F7xx_HAL_Driver/Src/stm32f7xx_hal_tim.o
                0x08004dc8                HAL_TIM_Base_Init
 *fill*         0x08004e76        0x2 
 .text.HAL_TIM_Base_Start_IT
                0x08004e78       0xf0 ./Drivers/STM32F7xx_HAL_Driver/Src/stm32f7xx_hal_tim.o
                0x08004e78                HAL_TIM_Base_Start_IT
 .text.HAL_TIM_Base_Stop_IT
                0x08004f68       0x5e ./Drivers/STM32F7xx_HAL_Driver/Src/stm32f7xx_hal_tim.o
                0x08004f68                HAL_TIM_Base_Stop_IT
 .text.HAL_TIM_IRQHandler
                0x08004fc6      0x20e ./Drivers/STM32F7xx_HAL_Driver/Src/stm32f7xx_hal_tim.o
                0x08004fc6                HAL_TIM_IRQHandler
 .text.HAL_TIM_ConfigClockSource
                0x080051d4      0x194 ./Drivers/STM32F7xx_HAL_Driver/Src/stm32f7xx_hal_tim.o
                0x080051d4                HAL_TIM_ConfigClockSource
 .text.HAL_TIM_PeriodElapsedCallback
                0x08005368       0x14 ./Drivers/STM32F7xx_HAL_Driver/Src/stm32f7xx_hal_tim.o
                0x08005368                HAL_TIM_PeriodElapsedCallback
 .text.HAL_TIM_OC_DelayElapsedCallback
                0x0800537c       0x14 ./Drivers/STM32F7xx_HAL_Driver/Src/stm32f7xx_hal_tim.o
                0x0800537c                HAL_TIM_OC_DelayElapsedCallback
 .text.HAL_TIM_IC_CaptureCallback
                0x08005390       0x14 ./Drivers/STM32F7xx_HAL_Driver/Src/stm32f7xx_hal_tim.o
                0x08005390                HAL_TIM_IC_CaptureCallback
 .text.HAL_TIM_PWM_PulseFinishedCallback
                0x080053a4       0x14 ./Drivers/STM32F7xx_HAL_Driver/Src/stm32f7xx_hal_tim.o
                0x080053a4                HAL_TIM_PWM_PulseFinishedCallback
 .text.HAL_TIM_TriggerCallback
                0x080053b8       0x14 ./Drivers/STM32F7xx_HAL_Driver/Src/stm32f7xx_hal_tim.o
                0x080053b8                HAL_TIM_TriggerCallback
 .text.TIM_Base_SetConfig
                0x080053cc      0x158 ./Drivers/STM32F7xx_HAL_Driver/Src/stm32f7xx_hal_tim.o
                0x080053cc                TIM_Base_SetConfig
 .text.TIM_TI1_ConfigInputStage
                0x08005524       0x5e ./Drivers/STM32F7xx_HAL_Driver/Src/stm32f7xx_hal_tim.o
 .text.TIM_TI2_ConfigInputStage
                0x08005582       0x60 ./Drivers/STM32F7xx_HAL_Driver/Src/stm32f7xx_hal_tim.o
 .text.TIM_ITRx_SetConfig
                0x080055e2       0x36 ./Drivers/STM32F7xx_HAL_Driver/Src/stm32f7xx_hal_tim.o
 .text.TIM_ETR_SetConfig
                0x08005618       0x40 ./Drivers/STM32F7xx_HAL_Driver/Src/stm32f7xx_hal_tim.o
                0x08005618                TIM_ETR_SetConfig
 .text.HAL_TIMEx_MasterConfigSynchronization
                0x08005658      0x11c ./Drivers/STM32F7xx_HAL_Driver/Src/stm32f7xx_hal_tim_ex.o
                0x08005658                HAL_TIMEx_MasterConfigSynchronization
 .text.HAL_TIMEx_CommutCallback
                0x08005774       0x14 ./Drivers/STM32F7xx_HAL_Driver/Src/stm32f7xx_hal_tim_ex.o
                0x08005774                HAL_TIMEx_CommutCallback
 .text.HAL_TIMEx_BreakCallback
                0x08005788       0x14 ./Drivers/STM32F7xx_HAL_Driver/Src/stm32f7xx_hal_tim_ex.o
                0x08005788                HAL_TIMEx_BreakCallback
 .text.HAL_TIMEx_Break2Callback
                0x0800579c       0x14 ./Drivers/STM32F7xx_HAL_Driver/Src/stm32f7xx_hal_tim_ex.o
                0x0800579c                HAL_TIMEx_Break2Callback
 .text.HAL_UART_Init
                0x080057b0       0x9c ./Drivers/STM32F7xx_HAL_Driver/Src/stm32f7xx_hal_uart.o
                0x080057b0                HAL_UART_Init
 .text.HAL_UART_Transmit
                0x0800584c      0x112 ./Drivers/STM32F7xx_HAL_Driver/Src/stm32f7xx_hal_uart.o
                0x0800584c                HAL_UART_Transmit
 .text.HAL_UART_Receive_IT
                0x0800595e       0x88 ./Drivers/STM32F7xx_HAL_Driver/Src/stm32f7xx_hal_uart.o
                0x0800595e                HAL_UART_Receive_IT
 *fill*         0x080059e6        0x2 
 .text.HAL_UART_IRQHandler
                0x080059e8      0x5d0 ./Drivers/STM32F7xx_HAL_Driver/Src/stm32f7xx_hal_uart.o
                0x080059e8                HAL_UART_IRQHandler
 .text.HAL_UART_TxCpltCallback
                0x08005fb8       0x14 ./Drivers/STM32F7xx_HAL_Driver/Src/stm32f7xx_hal_uart.o
                0x08005fb8                HAL_UART_TxCpltCallback
 .text.HAL_UART_ErrorCallback
                0x08005fcc       0x14 ./Drivers/STM32F7xx_HAL_Driver/Src/stm32f7xx_hal_uart.o
                0x08005fcc                HAL_UART_ErrorCallback
 .text.HAL_UARTEx_RxEventCallback
                0x08005fe0       0x18 ./Drivers/STM32F7xx_HAL_Driver/Src/stm32f7xx_hal_uart.o
                0x08005fe0                HAL_UARTEx_RxEventCallback
 .text.HAL_UARTEx_WakeupCallback
                0x08005ff8       0x14 ./Drivers/STM32F7xx_HAL_Driver/Src/stm32f7xx_hal_uart.o
                0x08005ff8                HAL_UARTEx_WakeupCallback
 .text.UART_SetConfig
                0x0800600c      0x4c8 ./Drivers/STM32F7xx_HAL_Driver/Src/stm32f7xx_hal_uart.o
                0x0800600c                UART_SetConfig
 .text.UART_AdvFeatureConfig
                0x080064d4      0x144 ./Drivers/STM32F7xx_HAL_Driver/Src/stm32f7xx_hal_uart.o
                0x080064d4                UART_AdvFeatureConfig
 .text.UART_CheckIdleState
                0x08006618      0x150 ./Drivers/STM32F7xx_HAL_Driver/Src/stm32f7xx_hal_uart.o
                0x08006618                UART_CheckIdleState
 .text.UART_WaitOnFlagUntilTimeout
                0x08006768       0xda ./Drivers/STM32F7xx_HAL_Driver/Src/stm32f7xx_hal_uart.o
                0x08006768                UART_WaitOnFlagUntilTimeout
 *fill*         0x08006842        0x2 
 .text.UART_Start_Receive_IT
                0x08006844      0x18c ./Drivers/STM32F7xx_HAL_Driver/Src/stm32f7xx_hal_uart.o
                0x08006844                UART_Start_Receive_IT
 .text.UART_EndRxTransfer
                0x080069d0       0xc8 ./Drivers/STM32F7xx_HAL_Driver/Src/stm32f7xx_hal_uart.o
 .text.UART_DMAAbortOnError
                0x08006a98       0x2c ./Drivers/STM32F7xx_HAL_Driver/Src/stm32f7xx_hal_uart.o
 .text.UART_EndTransmit_IT
                0x08006ac4       0x54 ./Drivers/STM32F7xx_HAL_Driver/Src/stm32f7xx_hal_uart.o
 .text.UART_RxISR_8BIT
                0x08006b18      0x1a8 ./Drivers/STM32F7xx_HAL_Driver/Src/stm32f7xx_hal_uart.o
 .text.UART_RxISR_16BIT
                0x08006cc0      0x1a8 ./Drivers/STM32F7xx_HAL_Driver/Src/stm32f7xx_hal_uart.o
 .text.USB_CoreInit
                0x08006e68       0xb4 ./Drivers/STM32F7xx_HAL_Driver/Src/stm32f7xx_ll_usb.o
                0x08006e68                USB_CoreInit
 .text.USB_DisableGlobalInt
                0x08006f1c       0x22 ./Drivers/STM32F7xx_HAL_Driver/Src/stm32f7xx_ll_usb.o
                0x08006f1c                USB_DisableGlobalInt
 .text.USB_SetCurrentMode
                0x08006f3e       0x98 ./Drivers/STM32F7xx_HAL_Driver/Src/stm32f7xx_ll_usb.o
                0x08006f3e                USB_SetCurrentMode
 *fill*         0x08006fd6        0x2 
 .text.USB_DevInit
                0x08006fd8      0x2bc ./Drivers/STM32F7xx_HAL_Driver/Src/stm32f7xx_ll_usb.o
                0x08006fd8                USB_DevInit
 .text.USB_FlushTxFifo
                0x08007294       0x64 ./Drivers/STM32F7xx_HAL_Driver/Src/stm32f7xx_ll_usb.o
                0x08007294                USB_FlushTxFifo
 .text.USB_FlushRxFifo
                0x080072f8       0x5c ./Drivers/STM32F7xx_HAL_Driver/Src/stm32f7xx_ll_usb.o
                0x080072f8                USB_FlushRxFifo
 .text.USB_SetDevSpeed
                0x08007354       0x32 ./Drivers/STM32F7xx_HAL_Driver/Src/stm32f7xx_ll_usb.o
                0x08007354                USB_SetDevSpeed
 .text.USB_DevDisconnect
                0x08007386       0x42 ./Drivers/STM32F7xx_HAL_Driver/Src/stm32f7xx_ll_usb.o
                0x08007386                USB_DevDisconnect
 .text.USB_GetMode
                0x080073c8       0x1c ./Drivers/STM32F7xx_HAL_Driver/Src/stm32f7xx_ll_usb.o
                0x080073c8                USB_GetMode
 .text.USB_CoreReset
                0x080073e4       0x62 ./Drivers/STM32F7xx_HAL_Driver/Src/stm32f7xx_ll_usb.o
 .text.SVC_Setup
                0x08007446        0xe ./Middlewares/Third_Party/FreeRTOS/Source/CMSIS_RTOS_V2/cmsis_os2.o
 .text.osKernelInitialize
                0x08007454       0x68 ./Middlewares/Third_Party/FreeRTOS/Source/CMSIS_RTOS_V2/cmsis_os2.o
                0x08007454                osKernelInitialize
 .text.osKernelStart
                0x080074bc       0x6c ./Middlewares/Third_Party/FreeRTOS/Source/CMSIS_RTOS_V2/cmsis_os2.o
                0x080074bc                osKernelStart
 .text.osThreadNew
                0x08007528      0x14c ./Middlewares/Third_Party/FreeRTOS/Source/CMSIS_RTOS_V2/cmsis_os2.o
                0x08007528                osThreadNew
 .text.osDelay  0x08007674       0x5c ./Middlewares/Third_Party/FreeRTOS/Source/CMSIS_RTOS_V2/cmsis_os2.o
                0x08007674                osDelay
 .text.vApplicationGetIdleTaskMemory
                0x080076d0       0x34 ./Middlewares/Third_Party/FreeRTOS/Source/CMSIS_RTOS_V2/cmsis_os2.o
                0x080076d0                vApplicationGetIdleTaskMemory
 .text.vApplicationGetTimerTaskMemory
                0x08007704       0x34 ./Middlewares/Third_Party/FreeRTOS/Source/CMSIS_RTOS_V2/cmsis_os2.o
                0x08007704                vApplicationGetTimerTaskMemory
 .text.vListInitialise
                0x08007738       0x40 ./Middlewares/Third_Party/FreeRTOS/Source/list.o
                0x08007738                vListInitialise
 .text.vListInitialiseItem
                0x08007778       0x1a ./Middlewares/Third_Party/FreeRTOS/Source/list.o
                0x08007778                vListInitialiseItem
 .text.vListInsertEnd
                0x08007792       0x48 ./Middlewares/Third_Party/FreeRTOS/Source/list.o
                0x08007792                vListInsertEnd
 .text.vListInsert
                0x080077da       0x72 ./Middlewares/Third_Party/FreeRTOS/Source/list.o
                0x080077da                vListInsert
 .text.uxListRemove
                0x0800784c       0x54 ./Middlewares/Third_Party/FreeRTOS/Source/list.o
                0x0800784c                uxListRemove
 .text.xQueueGenericReset
                0x080078a0       0xd8 ./Middlewares/Third_Party/FreeRTOS/Source/queue.o
                0x080078a0                xQueueGenericReset
 .text.xQueueGenericCreateStatic
                0x08007978      0x10e ./Middlewares/Third_Party/FreeRTOS/Source/queue.o
                0x08007978                xQueueGenericCreateStatic
 .text.xQueueGenericCreate
                0x08007a86       0x86 ./Middlewares/Third_Party/FreeRTOS/Source/queue.o
                0x08007a86                xQueueGenericCreate
 .text.prvInitialiseNewQueue
                0x08007b0c       0x46 ./Middlewares/Third_Party/FreeRTOS/Source/queue.o
 *fill*         0x08007b52        0x2 
 .text.xQueueGenericSend
                0x08007b54      0x214 ./Middlewares/Third_Party/FreeRTOS/Source/queue.o
                0x08007b54                xQueueGenericSend
 .text.xQueueGenericSendFromISR
                0x08007d68      0x146 ./Middlewares/Third_Party/FreeRTOS/Source/queue.o
                0x08007d68                xQueueGenericSendFromISR
 *fill*         0x08007eae        0x2 
 .text.xQueueReceive
                0x08007eb0      0x1d0 ./Middlewares/Third_Party/FreeRTOS/Source/queue.o
                0x08007eb0                xQueueReceive
 .text.prvCopyDataToQueue
                0x08008080       0xd4 ./Middlewares/Third_Party/FreeRTOS/Source/queue.o
 .text.prvCopyDataFromQueue
                0x08008154       0x4c ./Middlewares/Third_Party/FreeRTOS/Source/queue.o
 .text.prvUnlockQueue
                0x080081a0       0xa4 ./Middlewares/Third_Party/FreeRTOS/Source/queue.o
 .text.prvIsQueueEmpty
                0x08008244       0x2c ./Middlewares/Third_Party/FreeRTOS/Source/queue.o
 .text.prvIsQueueFull
                0x08008270       0x30 ./Middlewares/Third_Party/FreeRTOS/Source/queue.o
 .text.vQueueAddToRegistry
                0x080082a0       0x54 ./Middlewares/Third_Party/FreeRTOS/Source/queue.o
                0x080082a0                vQueueAddToRegistry
 .text.vQueueWaitForMessageRestricted
                0x080082f4       0x68 ./Middlewares/Third_Party/FreeRTOS/Source/queue.o
                0x080082f4                vQueueWaitForMessageRestricted
 .text.xTaskCreateStatic
                0x0800835c       0xcc ./Middlewares/Third_Party/FreeRTOS/Source/tasks.o
                0x0800835c                xTaskCreateStatic
 .text.xTaskCreate
                0x08008428       0x8a ./Middlewares/Third_Party/FreeRTOS/Source/tasks.o
                0x08008428                xTaskCreate
 .text.prvInitialiseNewTask
                0x080084b2      0x124 ./Middlewares/Third_Party/FreeRTOS/Source/tasks.o
 *fill*         0x080085d6        0x2 
 .text.prvAddNewTaskToReadyList
                0x080085d8       0xe0 ./Middlewares/Third_Party/FreeRTOS/Source/tasks.o
 .text.vTaskDelay
                0x080086b8       0x70 ./Middlewares/Third_Party/FreeRTOS/Source/tasks.o
                0x080086b8                vTaskDelay
 .text.vTaskStartScheduler
                0x08008728       0xd8 ./Middlewares/Third_Party/FreeRTOS/Source/tasks.o
                0x08008728                vTaskStartScheduler
 .text.vTaskSuspendAll
                0x08008800       0x1c ./Middlewares/Third_Party/FreeRTOS/Source/tasks.o
                0x08008800                vTaskSuspendAll
 .text.xTaskResumeAll
                0x0800881c      0x140 ./Middlewares/Third_Party/FreeRTOS/Source/tasks.o
                0x0800881c                xTaskResumeAll
 .text.xTaskGetTickCount
                0x0800895c       0x20 ./Middlewares/Third_Party/FreeRTOS/Source/tasks.o
                0x0800895c                xTaskGetTickCount
 .text.xTaskIncrementTick
                0x0800897c      0x178 ./Middlewares/Third_Party/FreeRTOS/Source/tasks.o
                0x0800897c                xTaskIncrementTick
 .text.vTaskSwitchContext
                0x08008af4       0xc0 ./Middlewares/Third_Party/FreeRTOS/Source/tasks.o
                0x08008af4                vTaskSwitchContext
 .text.vTaskPlaceOnEventList
                0x08008bb4       0x50 ./Middlewares/Third_Party/FreeRTOS/Source/tasks.o
                0x08008bb4                vTaskPlaceOnEventList
 .text.vTaskPlaceOnEventListRestricted
                0x08008c04       0x5c ./Middlewares/Third_Party/FreeRTOS/Source/tasks.o
                0x08008c04                vTaskPlaceOnEventListRestricted
 .text.xTaskRemoveFromEventList
                0x08008c60       0xcc ./Middlewares/Third_Party/FreeRTOS/Source/tasks.o
                0x08008c60                xTaskRemoveFromEventList
 .text.vTaskInternalSetTimeOutState
                0x08008d2c       0x2c ./Middlewares/Third_Party/FreeRTOS/Source/tasks.o
                0x08008d2c                vTaskInternalSetTimeOutState
 .text.xTaskCheckForTimeOut
                0x08008d58       0xd0 ./Middlewares/Third_Party/FreeRTOS/Source/tasks.o
                0x08008d58                xTaskCheckForTimeOut
 .text.vTaskMissedYield
                0x08008e28       0x18 ./Middlewares/Third_Party/FreeRTOS/Source/tasks.o
                0x08008e28                vTaskMissedYield
 .text.prvIdleTask
                0x08008e40       0x30 ./Middlewares/Third_Party/FreeRTOS/Source/tasks.o
 .text.prvInitialiseTaskLists
                0x08008e70       0x80 ./Middlewares/Third_Party/FreeRTOS/Source/tasks.o
 .text.prvCheckTasksWaitingTermination
                0x08008ef0       0x5c ./Middlewares/Third_Party/FreeRTOS/Source/tasks.o
 .text.prvDeleteTCB
                0x08008f4c       0x64 ./Middlewares/Third_Party/FreeRTOS/Source/tasks.o
 .text.prvResetNextTaskUnblockTime
                0x08008fb0       0x40 ./Middlewares/Third_Party/FreeRTOS/Source/tasks.o
 .text.xTaskGetSchedulerState
                0x08008ff0       0x3c ./Middlewares/Third_Party/FreeRTOS/Source/tasks.o
                0x08008ff0                xTaskGetSchedulerState
 .text.xTaskPriorityDisinherit
                0x0800902c       0xe8 ./Middlewares/Third_Party/FreeRTOS/Source/tasks.o
                0x0800902c                xTaskPriorityDisinherit
 .text.prvAddCurrentTaskToDelayedList
                0x08009114       0xa8 ./Middlewares/Third_Party/FreeRTOS/Source/tasks.o
 .text.xTimerCreateTimerTask
                0x080091bc       0x98 ./Middlewares/Third_Party/FreeRTOS/Source/timers.o
                0x080091bc                xTimerCreateTimerTask
 .text.xTimerGenericCommand
                0x08009254       0xa0 ./Middlewares/Third_Party/FreeRTOS/Source/timers.o
                0x08009254                xTimerGenericCommand
 .text.prvProcessExpiredTimer
                0x080092f4       0xa0 ./Middlewares/Third_Party/FreeRTOS/Source/timers.o
 .text.prvTimerTask
                0x08009394       0x26 ./Middlewares/Third_Party/FreeRTOS/Source/timers.o
 *fill*         0x080093ba        0x2 
 .text.prvProcessTimerOrBlockTask
                0x080093bc       0x9c ./Middlewares/Third_Party/FreeRTOS/Source/timers.o
 .text.prvGetNextExpireTime
                0x08009458       0x48 ./Middlewares/Third_Party/FreeRTOS/Source/timers.o
 .text.prvSampleTimeNow
                0x080094a0       0x40 ./Middlewares/Third_Party/FreeRTOS/Source/timers.o
 .text.prvInsertTimerInActiveList
                0x080094e0       0x84 ./Middlewares/Third_Party/FreeRTOS/Source/timers.o
 .text.prvProcessReceivedCommands
                0x08009564      0x1d8 ./Middlewares/Third_Party/FreeRTOS/Source/timers.o
 .text.prvSwitchTimerLists
                0x0800973c       0xd0 ./Middlewares/Third_Party/FreeRTOS/Source/timers.o
 .text.prvCheckForValidListAndQueue
                0x0800980c       0x80 ./Middlewares/Third_Party/FreeRTOS/Source/timers.o
 .text.pxPortInitialiseStack
                0x0800988c       0x68 ./Middlewares/Third_Party/FreeRTOS/Source/portable/GCC/ARM_CM7/r0p1/port.o
                0x0800988c                pxPortInitialiseStack
 .text.prvTaskExitError
                0x080098f4       0x64 ./Middlewares/Third_Party/FreeRTOS/Source/portable/GCC/ARM_CM7/r0p1/port.o
 *fill*         0x08009958        0x8 
 .text.SVC_Handler
                0x08009960       0x28 ./Middlewares/Third_Party/FreeRTOS/Source/portable/GCC/ARM_CM7/r0p1/port.o
                0x08009960                SVC_Handler
 .text.prvPortStartFirstTask
                0x08009988       0x28 ./Middlewares/Third_Party/FreeRTOS/Source/portable/GCC/ARM_CM7/r0p1/port.o
 .text.xPortStartScheduler
                0x080099b0       0xfc ./Middlewares/Third_Party/FreeRTOS/Source/portable/GCC/ARM_CM7/r0p1/port.o
                0x080099b0                xPortStartScheduler
 .text.vPortEnterCritical
                0x08009aac       0x6c ./Middlewares/Third_Party/FreeRTOS/Source/portable/GCC/ARM_CM7/r0p1/port.o
                0x08009aac                vPortEnterCritical
 .text.vPortExitCritical
                0x08009b18       0x58 ./Middlewares/Third_Party/FreeRTOS/Source/portable/GCC/ARM_CM7/r0p1/port.o
                0x08009b18                vPortExitCritical
 .text.PendSV_Handler
                0x08009b70       0x68 ./Middlewares/Third_Party/FreeRTOS/Source/portable/GCC/ARM_CM7/r0p1/port.o
                0x08009b70                PendSV_Handler
 .text.xPortSysTickHandler
                0x08009bd8       0x48 ./Middlewares/Third_Party/FreeRTOS/Source/portable/GCC/ARM_CM7/r0p1/port.o
                0x08009bd8                xPortSysTickHandler
 .text.vPortSetupTimerInterrupt
                0x08009c20       0x48 ./Middlewares/Third_Party/FreeRTOS/Source/portable/GCC/ARM_CM7/r0p1/port.o
                0x08009c20                vPortSetupTimerInterrupt
 .text.vPortEnableVFP
                0x08009c68       0x14 ./Middlewares/Third_Party/FreeRTOS/Source/portable/GCC/ARM_CM7/r0p1/port.o
 .text.vPortValidateInterruptPriority
                0x08009c7c       0x8c ./Middlewares/Third_Party/FreeRTOS/Source/portable/GCC/ARM_CM7/r0p1/port.o
                0x08009c7c                vPortValidateInterruptPriority
 .text.pvPortMalloc
                0x08009d08      0x19c ./Middlewares/Third_Party/FreeRTOS/Source/portable/MemMang/heap_4.o
                0x08009d08                pvPortMalloc
 .text.vPortFree
                0x08009ea4       0xc0 ./Middlewares/Third_Party/FreeRTOS/Source/portable/MemMang/heap_4.o
                0x08009ea4                vPortFree
 .text.prvHeapInit
                0x08009f64       0xc4 ./Middlewares/Third_Party/FreeRTOS/Source/portable/MemMang/heap_4.o
 .text.prvInsertBlockIntoFreeList
                0x0800a028       0xb4 ./Middlewares/Third_Party/FreeRTOS/Source/portable/MemMang/heap_4.o
 .text.ai_log_err
                0x0800a0dc       0x44 ./X-CUBE-AI/App/app_x-cube-ai.o
 .text.ai_boostrap
                0x0800a120       0xc8 ./X-CUBE-AI/App/app_x-cube-ai.o
 .text.ai_run   0x0800a1e8       0x54 ./X-CUBE-AI/App/app_x-cube-ai.o
 .text.acquire_and_process_data
                0x0800a23c       0x58 ./X-CUBE-AI/App/app_x-cube-ai.o
                0x0800a23c                acquire_and_process_data
 .text.post_process
                0x0800a294       0xac ./X-CUBE-AI/App/app_x-cube-ai.o
                0x0800a294                post_process
 .text.MX_X_CUBE_AI_Init
                0x0800a340       0x14 ./X-CUBE-AI/App/app_x-cube-ai.o
                0x0800a340                MX_X_CUBE_AI_Init
 .text.MX_X_CUBE_AI_Process
                0x0800a354       0x6c ./X-CUBE-AI/App/app_x-cube-ai.o
                0x0800a354                MX_X_CUBE_AI_Process
 .text.network_configure_activations
                0x0800a3c0      0x188 ./X-CUBE-AI/App/network.o
 .text.network_configure_weights
                0x0800a548      0x174 ./X-CUBE-AI/App/network.o
 .text.ai_network_get_error
                0x0800a6bc       0x18 ./X-CUBE-AI/App/network.o
                0x0800a6bc                ai_network_get_error
 .text.ai_network_create
                0x0800a6d4       0x2c ./X-CUBE-AI/App/network.o
                0x0800a6d4                ai_network_create
 .text.ai_network_create_and_init
                0x0800a700       0xfc ./X-CUBE-AI/App/network.o
                0x0800a700                ai_network_create_and_init
 .text.ai_network_inputs_get
                0x0800a7fc       0x34 ./X-CUBE-AI/App/network.o
                0x0800a7fc                ai_network_inputs_get
 .text.ai_network_outputs_get
                0x0800a830       0x34 ./X-CUBE-AI/App/network.o
                0x0800a830                ai_network_outputs_get
 .text.ai_network_init
                0x0800a864       0x78 ./X-CUBE-AI/App/network.o
                0x0800a864                ai_network_init
 .text.ai_network_run
                0x0800a8dc       0x20 ./X-CUBE-AI/App/network.o
                0x0800a8dc                ai_network_run
 .text.ai_network_data_params_get
                0x0800a8fc       0x50 ./X-CUBE-AI/App/network_data.o
                0x0800a8fc                ai_network_data_params_get
 .text.ai_buffer_get_size
                0x0800a94c       0x68 ../Middlewares/ST/AI/Lib\NetworkRuntime1000_CM7_GCC.a(ai_platform.o)
                0x0800a94c                ai_buffer_get_size
 .text.ai_buffer_array_sane
                0x0800a9b4       0x14 ../Middlewares/ST/AI/Lib\NetworkRuntime1000_CM7_GCC.a(ai_platform.o)
                0x0800a9b4                ai_buffer_array_sane
 .text.ai_buffer_array_item_set_address
                0x0800a9c8       0x20 ../Middlewares/ST/AI/Lib\NetworkRuntime1000_CM7_GCC.a(ai_platform.o)
                0x0800a9c8                ai_buffer_array_item_set_address
 .text.ai_platform_get_weights_map
                0x0800a9e8       0xb0 ../Middlewares/ST/AI/Lib\NetworkRuntime1000_CM7_GCC.a(ai_platform_interface.o)
                0x0800a9e8                ai_platform_get_weights_map
 .text.ai_platform_get_activations_map
                0x0800aa98       0xb0 ../Middlewares/ST/AI/Lib\NetworkRuntime1000_CM7_GCC.a(ai_platform_interface.o)
                0x0800aa98                ai_platform_get_activations_map
 .text.ai_platform_bind_network_params
                0x0800ab48       0x34 ../Middlewares/ST/AI/Lib\NetworkRuntime1000_CM7_GCC.a(ai_platform_interface.o)
                0x0800ab48                ai_platform_bind_network_params
 .text.ai_platform_network_get_error
                0x0800ab7c       0x18 ../Middlewares/ST/AI/Lib\NetworkRuntime1000_CM7_GCC.a(ai_platform_interface.o)
                0x0800ab7c                ai_platform_network_get_error
 .text.ai_platform_network_set_error
                0x0800ab94        0xc ../Middlewares/ST/AI/Lib\NetworkRuntime1000_CM7_GCC.a(ai_platform_interface.o)
                0x0800ab94                ai_platform_network_set_error
 .text.ai_platform_inputs_get
                0x0800aba0       0xf0 ../Middlewares/ST/AI/Lib\NetworkRuntime1000_CM7_GCC.a(ai_platform_interface.o)
                0x0800aba0                ai_platform_inputs_get
 .text.ai_platform_outputs_get
                0x0800ac90       0xec ../Middlewares/ST/AI/Lib\NetworkRuntime1000_CM7_GCC.a(ai_platform_interface.o)
                0x0800ac90                ai_platform_outputs_get
 .text.ai_platform_network_create
                0x0800ad7c       0x84 ../Middlewares/ST/AI/Lib\NetworkRuntime1000_CM7_GCC.a(ai_platform_interface.o)
                0x0800ad7c                ai_platform_network_create
 .text.ai_platform_network_init
                0x0800ae00      0x180 ../Middlewares/ST/AI/Lib\NetworkRuntime1000_CM7_GCC.a(ai_platform_interface.o)
                0x0800ae00                ai_platform_network_init
 .text.ai_platform_network_post_init
                0x0800af80       0x60 ../Middlewares/ST/AI/Lib\NetworkRuntime1000_CM7_GCC.a(ai_platform_interface.o)
                0x0800af80                ai_platform_network_post_init
 .text.ai_platform_network_process
                0x0800afe0      0x48c ../Middlewares/ST/AI/Lib\NetworkRuntime1000_CM7_GCC.a(ai_platform_interface.o)
                0x0800afe0                ai_platform_network_process
 .text.core_init
                0x0800b46c        0x4 ../Middlewares/ST/AI/Lib\NetworkRuntime1000_CM7_GCC.a(core_common.o)
                0x0800b46c                core_init
 .text.core_get_error
                0x0800b470        0xc ../Middlewares/ST/AI/Lib\NetworkRuntime1000_CM7_GCC.a(core_common.o)
                0x0800b470                core_get_error
 .text.core_set_error
                0x0800b47c       0x18 ../Middlewares/ST/AI/Lib\NetworkRuntime1000_CM7_GCC.a(core_common.o)
                0x0800b47c                core_set_error
 .text.ai_check_custom_types
                0x0800b494       0x50 ../Middlewares/ST/AI/Lib\NetworkRuntime1000_CM7_GCC.a(layers.o)
                0x0800b494                ai_check_custom_types
 .text.ai_layers_init_all
                0x0800b4e4       0x1c ../Middlewares/ST/AI/Lib\NetworkRuntime1000_CM7_GCC.a(layers.o)
                0x0800b4e4                ai_layers_init_all
 .text.ai_layers_post_init_all
                0x0800b500       0x28 ../Middlewares/ST/AI/Lib\NetworkRuntime1000_CM7_GCC.a(layers.o)
                0x0800b500                ai_layers_post_init_all
 .text.ai_layers_forward_all
                0x0800b528       0x90 ../Middlewares/ST/AI/Lib\NetworkRuntime1000_CM7_GCC.a(layers.o)
                0x0800b528                ai_layers_forward_all
 .text.func_dummy
                0x0800b5b8        0x4 ../Middlewares/ST/AI/Lib\NetworkRuntime1000_CM7_GCC.a(layers_conv2d_sssa8_ch.o)
 .text.forward_conv2d_sssa8_ch_nl_pool
                0x0800b5bc      0x528 ../Middlewares/ST/AI/Lib\NetworkRuntime1000_CM7_GCC.a(layers_conv2d_sssa8_ch.o)
                0x0800b5bc                forward_conv2d_sssa8_ch_nl_pool
 .text.forward_dense_integer_SSSA_ch
                0x0800bae4      0x2a8 ../Middlewares/ST/AI/Lib\NetworkRuntime1000_CM7_GCC.a(layers_conv2d_stm32_integer.o)
                0x0800bae4                forward_dense_integer_SSSA_ch
 .text.forward_sm_integer
                0x0800bd8c       0xc0 ../Middlewares/ST/AI/Lib\NetworkRuntime1000_CM7_GCC.a(layers_nl_stm32_integer.o)
                0x0800bd8c                forward_sm_integer
 .text.pool_func_mp_array_integer_INT8
                0x0800be4c      0x1d4 ../Middlewares/ST/AI/Lib\NetworkRuntime1000_CM7_GCC.a(layers_pool_stm32_integer.o)
                0x0800be4c                pool_func_mp_array_integer_INT8
 .text.forward_lite_maxpool_is8os8_scalepos
                0x0800c020      0x1c4 ../Middlewares/ST/AI/Lib\NetworkRuntime1000_CM7_GCC.a(forward_lite_maxpool_is8os8_scalepos.o)
                0x0800c020                forward_lite_maxpool_is8os8_scalepos
 .text.forward_lite_conv2d_sssa8_ch
                0x0800c1e4      0xab0 ../Middlewares/ST/AI/Lib\NetworkRuntime1000_CM7_GCC.a(forward_lite_conv2d_sssa8_ch.o)
                0x0800c1e4                forward_lite_conv2d_sssa8_ch
 .text.forward_lite_maxpool_is8os8_scaleneg
                0x0800cc94      0x1c0 ../Middlewares/ST/AI/Lib\NetworkRuntime1000_CM7_GCC.a(forward_lite_maxpool_is8os8.o)
                0x0800cc94                forward_lite_maxpool_is8os8_scaleneg
 .text.forward_lite_nl_softmax_is8os8
                0x0800ce54       0x14 ../Middlewares/ST/AI/Lib\NetworkRuntime1000_CM7_GCC.a(lite_nl_generic_integer.o)
                0x0800ce54                forward_lite_nl_softmax_is8os8
 .text.forward_lite_nl_softmax_iu8ou8
                0x0800ce68       0x14 ../Middlewares/ST/AI/Lib\NetworkRuntime1000_CM7_GCC.a(lite_nl_generic_integer.o)
                0x0800ce68                forward_lite_nl_softmax_iu8ou8
 .text.align_factor_ch
                0x0800ce7c       0x60 ../Middlewares/ST/AI/Lib\NetworkRuntime1000_CM7_GCC.a(st_align_factor.o)
                0x0800ce7c                align_factor_ch
 .text.st_int8_to16_no_shift
                0x0800cedc       0xc4 ../Middlewares/ST/AI/Lib\NetworkRuntime1000_CM7_GCC.a(st_int8_to16_no_shift.o)
                0x0800cedc                st_int8_to16_no_shift
 .text.st_int8_to16_no_shift_interleaved
                0x0800cfa0       0x88 ../Middlewares/ST/AI/Lib\NetworkRuntime1000_CM7_GCC.a(st_int8_to16_no_shift.o)
                0x0800cfa0                st_int8_to16_no_shift_interleaved
 .text.st_int8_to16_dual
                0x0800d028      0x1d4 ../Middlewares/ST/AI/Lib\NetworkRuntime1000_CM7_GCC.a(st_int8_to16_no_shift.o)
                0x0800d028                st_int8_to16_dual
 .text.st_int8_to16_dual_interleaved
                0x0800d1fc      0x174 ../Middlewares/ST/AI/Lib\NetworkRuntime1000_CM7_GCC.a(st_int8_to16_no_shift.o)
                0x0800d1fc                st_int8_to16_dual_interleaved
 .text.ai_padding_opt_init
                0x0800d370       0xb4 ../Middlewares/ST/AI/Lib\NetworkRuntime1000_CM7_GCC.a(st_padding_opt.o)
                0x0800d370                ai_padding_opt_init
 .text.ai_padding_opt_phase1
                0x0800d424       0x34 ../Middlewares/ST/AI/Lib\NetworkRuntime1000_CM7_GCC.a(st_padding_opt.o)
                0x0800d424                ai_padding_opt_phase1
 .text.st_int16_fill
                0x0800d458       0x5c ../Middlewares/ST/AI/Lib\NetworkRuntime1000_CM7_GCC.a(st_int16_fill.o)
                0x0800d458                st_int16_fill
 .text.st_sssa8_ch_convolve_rank1upd
                0x0800d4b4      0x114 ../Middlewares/ST/AI/Lib\NetworkRuntime1000_CM7_GCC.a(st_sssa8_ch_convolve.o)
                0x0800d4b4                st_sssa8_ch_convolve_rank1upd
 .text.st_sssa8_ch_fully_connected
                0x0800d5c8      0x530 ../Middlewares/ST/AI/Lib\NetworkRuntime1000_CM7_GCC.a(st_sssa8_ch_dense.o)
                0x0800d5c8                st_sssa8_ch_fully_connected
 .text.st_int8_copy
                0x0800daf8      0x144 ../Middlewares/ST/AI/Lib\NetworkRuntime1000_CM7_GCC.a(st_int8_fill.o)
                0x0800daf8                st_int8_copy
 .text.st_int8_reordered_no_shift_zero
                0x0800dc3c       0x6c ../Middlewares/ST/AI/Lib\NetworkRuntime1000_CM7_GCC.a(st_int8_reordered_no_shift.o)
                0x0800dc3c                st_int8_reordered_no_shift_zero
 .text.st_sssa8_ch_nn_mat_mult_kernel_single_opt
                0x0800dca8      0x394 ../Middlewares/ST/AI/Lib\NetworkRuntime1000_CM7_GCC.a(st_sssa8_ch_nn_mat_mult_kernel_single_opt.o)
                0x0800dca8                st_sssa8_ch_nn_mat_mult_kernel_single_opt
 .text.st_sssa8_ch_nn_mat_mult_kernel_opt
                0x0800e03c      0x33c ../Middlewares/ST/AI/Lib\NetworkRuntime1000_CM7_GCC.a(st_sssa8_ch_nn_mat_mult_kernel_opt.o)
                0x0800e03c                st_sssa8_ch_nn_mat_mult_kernel_opt
 .text.ai_array_to_buffer_fmt
                0x0800e378       0xe0 ../Middlewares/ST/AI/Lib\NetworkRuntime1000_CM7_GCC.a(ai_datatypes_format.o)
                0x0800e378                ai_array_to_buffer_fmt
 .text.ai_array_get_byte_size
                0x0800e458       0x50 ../Middlewares/ST/AI/Lib\NetworkRuntime1000_CM7_GCC.a(ai_datatypes_format.o)
                0x0800e458                ai_array_get_byte_size
 .text.ai_array_get_data_byte_size
                0x0800e4a8       0x24 ../Middlewares/ST/AI/Lib\NetworkRuntime1000_CM7_GCC.a(ai_datatypes_format.o)
                0x0800e4a8                ai_array_get_data_byte_size
 .text.ai_version_get
                0x0800e4cc        0xc ../Middlewares/ST/AI/Lib\NetworkRuntime1000_CM7_GCC.a(ai_datatypes_internal.o)
                0x0800e4cc                ai_version_get
 .text.get_tensor_byte_size
                0x0800e4d8       0x2c ../Middlewares/ST/AI/Lib\NetworkRuntime1000_CM7_GCC.a(ai_datatypes_internal.o)
                0x0800e4d8                get_tensor_byte_size
 .text.core_tensor_clone
                0x0800e504       0x64 ../Middlewares/ST/AI/Lib\NetworkRuntime1000_CM7_GCC.a(core_utils.o)
                0x0800e504                core_tensor_clone
 .text.core_array_clone
                0x0800e568        0xc ../Middlewares/ST/AI/Lib\NetworkRuntime1000_CM7_GCC.a(core_utils.o)
                0x0800e568                core_array_clone
 .text._lite_kernel_nl_softmax_is8os8
                0x0800e574      0xb64 ../Middlewares/ST/AI/Lib\NetworkRuntime1000_CM7_GCC.a(lite_nl_softmax_is8os8.o)
                0x0800e574                _lite_kernel_nl_softmax_is8os8
 .text._lite_kernel_nl_softmax_iu8ou8
                0x0800f0d8      0x878 ../Middlewares/ST/AI/Lib\NetworkRuntime1000_CM7_GCC.a(lite_nl_softmax_iu8ou8.o)
                0x0800f0d8                _lite_kernel_nl_softmax_iu8ou8
 .text.atoi     0x0800f950        0x8 C:/ST/STM32CubeIDE_1.13.0/STM32CubeIDE/plugins/com.st.stm32cube.ide.mcu.externaltools.gnu-tools-for-stm32.12.3.rel1.win32_1.1.0.202410251130/tools/bin/../lib/gcc/arm-none-eabi/12.3.1/../../../../arm-none-eabi/lib/thumb/v7e-m+dp/hard\libc_nano.a(libc_a-atoi.o)
                0x0800f950                atoi
 .text.malloc   0x0800f958       0x10 C:/ST/STM32CubeIDE_1.13.0/STM32CubeIDE/plugins/com.st.stm32cube.ide.mcu.externaltools.gnu-tools-for-stm32.12.3.rel1.win32_1.1.0.202410251130/tools/bin/../lib/gcc/arm-none-eabi/12.3.1/../../../../arm-none-eabi/lib/thumb/v7e-m+dp/hard\libc_nano.a(libc_a-malloc.o)
                0x0800f958                malloc
 .text.sbrk_aligned
                0x0800f968       0x44 C:/ST/STM32CubeIDE_1.13.0/STM32CubeIDE/plugins/com.st.stm32cube.ide.mcu.externaltools.gnu-tools-for-stm32.12.3.rel1.win32_1.1.0.202410251130/tools/bin/../lib/gcc/arm-none-eabi/12.3.1/../../../../arm-none-eabi/lib/thumb/v7e-m+dp/hard\libc_nano.a(libc_a-mallocr.o)
 .text._malloc_r
                0x0800f9ac      0x100 C:/ST/STM32CubeIDE_1.13.0/STM32CubeIDE/plugins/com.st.stm32cube.ide.mcu.externaltools.gnu-tools-for-stm32.12.3.rel1.win32_1.1.0.202410251130/tools/bin/../lib/gcc/arm-none-eabi/12.3.1/../../../../arm-none-eabi/lib/thumb/v7e-m+dp/hard\libc_nano.a(libc_a-mallocr.o)
                0x0800f9ac                _malloc_r
 .text.__malloc_lock
                0x0800faac        0xc C:/ST/STM32CubeIDE_1.13.0/STM32CubeIDE/plugins/com.st.stm32cube.ide.mcu.externaltools.gnu-tools-for-stm32.12.3.rel1.win32_1.1.0.202410251130/tools/bin/../lib/gcc/arm-none-eabi/12.3.1/../../../../arm-none-eabi/lib/thumb/v7e-m+dp/hard\libc_nano.a(libc_a-mlock.o)
                0x0800faac                __malloc_lock
 .text.__malloc_unlock
                0x0800fab8        0xc C:/ST/STM32CubeIDE_1.13.0/STM32CubeIDE/plugins/com.st.stm32cube.ide.mcu.externaltools.gnu-tools-for-stm32.12.3.rel1.win32_1.1.0.202410251130/tools/bin/../lib/gcc/arm-none-eabi/12.3.1/../../../../arm-none-eabi/lib/thumb/v7e-m+dp/hard\libc_nano.a(libc_a-mlock.o)
                0x0800fab8                __malloc_unlock
 .text.srand    0x0800fac4       0x5c C:/ST/STM32CubeIDE_1.13.0/STM32CubeIDE/plugins/com.st.stm32cube.ide.mcu.externaltools.gnu-tools-for-stm32.12.3.rel1.win32_1.1.0.202410251130/tools/bin/../lib/gcc/arm-none-eabi/12.3.1/../../../../arm-none-eabi/lib/thumb/v7e-m+dp/hard\libc_nano.a(libc_a-rand.o)
                0x0800fac4                srand
 .text.rand     0x0800fb20       0x7c C:/ST/STM32CubeIDE_1.13.0/STM32CubeIDE/plugins/com.st.stm32cube.ide.mcu.externaltools.gnu-tools-for-stm32.12.3.rel1.win32_1.1.0.202410251130/tools/bin/../lib/gcc/arm-none-eabi/12.3.1/../../../../arm-none-eabi/lib/thumb/v7e-m+dp/hard\libc_nano.a(libc_a-rand.o)
                0x0800fb20                rand
 .text._realloc_r
                0x0800fb9c       0x5c C:/ST/STM32CubeIDE_1.13.0/STM32CubeIDE/plugins/com.st.stm32cube.ide.mcu.externaltools.gnu-tools-for-stm32.12.3.rel1.win32_1.1.0.202410251130/tools/bin/../lib/gcc/arm-none-eabi/12.3.1/../../../../arm-none-eabi/lib/thumb/v7e-m+dp/hard\libc_nano.a(libc_a-reallocr.o)
                0x0800fb9c                _realloc_r
 .text._strtol_l.constprop.0
                0x0800fbf8       0xf4 C:/ST/STM32CubeIDE_1.13.0/STM32CubeIDE/plugins/com.st.stm32cube.ide.mcu.externaltools.gnu-tools-for-stm32.12.3.rel1.win32_1.1.0.202410251130/tools/bin/../lib/gcc/arm-none-eabi/12.3.1/../../../../arm-none-eabi/lib/thumb/v7e-m+dp/hard\libc_nano.a(libc_a-strtol.o)
 .text.strtol   0x0800fcec       0x14 C:/ST/STM32CubeIDE_1.13.0/STM32CubeIDE/plugins/com.st.stm32cube.ide.mcu.externaltools.gnu-tools-for-stm32.12.3.rel1.win32_1.1.0.202410251130/tools/bin/../lib/gcc/arm-none-eabi/12.3.1/../../../../arm-none-eabi/lib/thumb/v7e-m+dp/hard\libc_nano.a(libc_a-strtol.o)
                0x0800fcec                strtol
 .text.std      0x0800fd00       0x6c C:/ST/STM32CubeIDE_1.13.0/STM32CubeIDE/plugins/com.st.stm32cube.ide.mcu.externaltools.gnu-tools-for-stm32.12.3.rel1.win32_1.1.0.202410251130/tools/bin/../lib/gcc/arm-none-eabi/12.3.1/../../../../arm-none-eabi/lib/thumb/v7e-m+dp/hard\libc_nano.a(libc_a-findfp.o)
 .text.stdio_exit_handler
                0x0800fd6c       0x18 C:/ST/STM32CubeIDE_1.13.0/STM32CubeIDE/plugins/com.st.stm32cube.ide.mcu.externaltools.gnu-tools-for-stm32.12.3.rel1.win32_1.1.0.202410251130/tools/bin/../lib/gcc/arm-none-eabi/12.3.1/../../../../arm-none-eabi/lib/thumb/v7e-m+dp/hard\libc_nano.a(libc_a-findfp.o)
 .text.cleanup_stdio
                0x0800fd84       0x40 C:/ST/STM32CubeIDE_1.13.0/STM32CubeIDE/plugins/com.st.stm32cube.ide.mcu.externaltools.gnu-tools-for-stm32.12.3.rel1.win32_1.1.0.202410251130/tools/bin/../lib/gcc/arm-none-eabi/12.3.1/../../../../arm-none-eabi/lib/thumb/v7e-m+dp/hard\libc_nano.a(libc_a-findfp.o)
 .text.global_stdio_init.part.0
                0x0800fdc4       0x3c C:/ST/STM32CubeIDE_1.13.0/STM32CubeIDE/plugins/com.st.stm32cube.ide.mcu.externaltools.gnu-tools-for-stm32.12.3.rel1.win32_1.1.0.202410251130/tools/bin/../lib/gcc/arm-none-eabi/12.3.1/../../../../arm-none-eabi/lib/thumb/v7e-m+dp/hard\libc_nano.a(libc_a-findfp.o)
 .text.__sfp_lock_acquire
                0x0800fe00        0xc C:/ST/STM32CubeIDE_1.13.0/STM32CubeIDE/plugins/com.st.stm32cube.ide.mcu.externaltools.gnu-tools-for-stm32.12.3.rel1.win32_1.1.0.202410251130/tools/bin/../lib/gcc/arm-none-eabi/12.3.1/../../../../arm-none-eabi/lib/thumb/v7e-m+dp/hard\libc_nano.a(libc_a-findfp.o)
                0x0800fe00                __sfp_lock_acquire
 .text.__sfp_lock_release
                0x0800fe0c        0xc C:/ST/STM32CubeIDE_1.13.0/STM32CubeIDE/plugins/com.st.stm32cube.ide.mcu.externaltools.gnu-tools-for-stm32.12.3.rel1.win32_1.1.0.202410251130/tools/bin/../lib/gcc/arm-none-eabi/12.3.1/../../../../arm-none-eabi/lib/thumb/v7e-m+dp/hard\libc_nano.a(libc_a-findfp.o)
                0x0800fe0c                __sfp_lock_release
 .text.__sinit  0x0800fe18       0x30 C:/ST/STM32CubeIDE_1.13.0/STM32CubeIDE/plugins/com.st.stm32cube.ide.mcu.externaltools.gnu-tools-for-stm32.12.3.rel1.win32_1.1.0.202410251130/tools/bin/../lib/gcc/arm-none-eabi/12.3.1/../../../../arm-none-eabi/lib/thumb/v7e-m+dp/hard\libc_nano.a(libc_a-findfp.o)
                0x0800fe18                __sinit
 .text._fwalk_sglue
                0x0800fe48       0x3c C:/ST/STM32CubeIDE_1.13.0/STM32CubeIDE/plugins/com.st.stm32cube.ide.mcu.externaltools.gnu-tools-for-stm32.12.3.rel1.win32_1.1.0.202410251130/tools/bin/../lib/gcc/arm-none-eabi/12.3.1/../../../../arm-none-eabi/lib/thumb/v7e-m+dp/hard\libc_nano.a(libc_a-fwalk.o)
                0x0800fe48                _fwalk_sglue
 .text.printf   0x0800fe84       0x24 C:/ST/STM32CubeIDE_1.13.0/STM32CubeIDE/plugins/com.st.stm32cube.ide.mcu.externaltools.gnu-tools-for-stm32.12.3.rel1.win32_1.1.0.202410251130/tools/bin/../lib/gcc/arm-none-eabi/12.3.1/../../../../arm-none-eabi/lib/thumb/v7e-m+dp/hard\libc_nano.a(libc_a-printf.o)
                0x0800fe84                iprintf
                0x0800fe84                printf
 .text.sprintf  0x0800fea8       0x40 C:/ST/STM32CubeIDE_1.13.0/STM32CubeIDE/plugins/com.st.stm32cube.ide.mcu.externaltools.gnu-tools-for-stm32.12.3.rel1.win32_1.1.0.202410251130/tools/bin/../lib/gcc/arm-none-eabi/12.3.1/../../../../arm-none-eabi/lib/thumb/v7e-m+dp/hard\libc_nano.a(libc_a-sprintf.o)
                0x0800fea8                siprintf
                0x0800fea8                sprintf
 .text.__sread  0x0800fee8       0x22 C:/ST/STM32CubeIDE_1.13.0/STM32CubeIDE/plugins/com.st.stm32cube.ide.mcu.externaltools.gnu-tools-for-stm32.12.3.rel1.win32_1.1.0.202410251130/tools/bin/../lib/gcc/arm-none-eabi/12.3.1/../../../../arm-none-eabi/lib/thumb/v7e-m+dp/hard\libc_nano.a(libc_a-stdio.o)
                0x0800fee8                __sread
 .text.__swrite
                0x0800ff0a       0x38 C:/ST/STM32CubeIDE_1.13.0/STM32CubeIDE/plugins/com.st.stm32cube.ide.mcu.externaltools.gnu-tools-for-stm32.12.3.rel1.win32_1.1.0.202410251130/tools/bin/../lib/gcc/arm-none-eabi/12.3.1/../../../../arm-none-eabi/lib/thumb/v7e-m+dp/hard\libc_nano.a(libc_a-stdio.o)
                0x0800ff0a                __swrite
 .text.__sseek  0x0800ff42       0x24 C:/ST/STM32CubeIDE_1.13.0/STM32CubeIDE/plugins/com.st.stm32cube.ide.mcu.externaltools.gnu-tools-for-stm32.12.3.rel1.win32_1.1.0.202410251130/tools/bin/../lib/gcc/arm-none-eabi/12.3.1/../../../../arm-none-eabi/lib/thumb/v7e-m+dp/hard\libc_nano.a(libc_a-stdio.o)
                0x0800ff42                __sseek
 .text.__sclose
                0x0800ff66        0x8 C:/ST/STM32CubeIDE_1.13.0/STM32CubeIDE/plugins/com.st.stm32cube.ide.mcu.externaltools.gnu-tools-for-stm32.12.3.rel1.win32_1.1.0.202410251130/tools/bin/../lib/gcc/arm-none-eabi/12.3.1/../../../../arm-none-eabi/lib/thumb/v7e-m+dp/hard\libc_nano.a(libc_a-stdio.o)
                0x0800ff66                __sclose
 .text.memset   0x0800ff6e       0x10 C:/ST/STM32CubeIDE_1.13.0/STM32CubeIDE/plugins/com.st.stm32cube.ide.mcu.externaltools.gnu-tools-for-stm32.12.3.rel1.win32_1.1.0.202410251130/tools/bin/../lib/gcc/arm-none-eabi/12.3.1/../../../../arm-none-eabi/lib/thumb/v7e-m+dp/hard\libc_nano.a(libc_a-memset.o)
                0x0800ff6e                memset
 *fill*         0x0800ff7e        0x2 
 .text._close_r
                0x0800ff80       0x20 C:/ST/STM32CubeIDE_1.13.0/STM32CubeIDE/plugins/com.st.stm32cube.ide.mcu.externaltools.gnu-tools-for-stm32.12.3.rel1.win32_1.1.0.202410251130/tools/bin/../lib/gcc/arm-none-eabi/12.3.1/../../../../arm-none-eabi/lib/thumb/v7e-m+dp/hard\libc_nano.a(libc_a-closer.o)
                0x0800ff80                _close_r
 .text._lseek_r
                0x0800ffa0       0x24 C:/ST/STM32CubeIDE_1.13.0/STM32CubeIDE/plugins/com.st.stm32cube.ide.mcu.externaltools.gnu-tools-for-stm32.12.3.rel1.win32_1.1.0.202410251130/tools/bin/../lib/gcc/arm-none-eabi/12.3.1/../../../../arm-none-eabi/lib/thumb/v7e-m+dp/hard\libc_nano.a(libc_a-lseekr.o)
                0x0800ffa0                _lseek_r
 .text._read_r  0x0800ffc4       0x24 C:/ST/STM32CubeIDE_1.13.0/STM32CubeIDE/plugins/com.st.stm32cube.ide.mcu.externaltools.gnu-tools-for-stm32.12.3.rel1.win32_1.1.0.202410251130/tools/bin/../lib/gcc/arm-none-eabi/12.3.1/../../../../arm-none-eabi/lib/thumb/v7e-m+dp/hard\libc_nano.a(libc_a-readr.o)
                0x0800ffc4                _read_r
 .text._sbrk_r  0x0800ffe8       0x20 C:/ST/STM32CubeIDE_1.13.0/STM32CubeIDE/plugins/com.st.stm32cube.ide.mcu.externaltools.gnu-tools-for-stm32.12.3.rel1.win32_1.1.0.202410251130/tools/bin/../lib/gcc/arm-none-eabi/12.3.1/../../../../arm-none-eabi/lib/thumb/v7e-m+dp/hard\libc_nano.a(libc_a-sbrkr.o)
                0x0800ffe8                _sbrk_r
 .text._write_r
                0x08010008       0x24 C:/ST/STM32CubeIDE_1.13.0/STM32CubeIDE/plugins/com.st.stm32cube.ide.mcu.externaltools.gnu-tools-for-stm32.12.3.rel1.win32_1.1.0.202410251130/tools/bin/../lib/gcc/arm-none-eabi/12.3.1/../../../../arm-none-eabi/lib/thumb/v7e-m+dp/hard\libc_nano.a(libc_a-writer.o)
                0x08010008                _write_r
 .text.__errno  0x0801002c        0xc C:/ST/STM32CubeIDE_1.13.0/STM32CubeIDE/plugins/com.st.stm32cube.ide.mcu.externaltools.gnu-tools-for-stm32.12.3.rel1.win32_1.1.0.202410251130/tools/bin/../lib/gcc/arm-none-eabi/12.3.1/../../../../arm-none-eabi/lib/thumb/v7e-m+dp/hard\libc_nano.a(libc_a-errno.o)
                0x0801002c                __errno
 .text.__libc_init_array
                0x08010038       0x48 C:/ST/STM32CubeIDE_1.13.0/STM32CubeIDE/plugins/com.st.stm32cube.ide.mcu.externaltools.gnu-tools-for-stm32.12.3.rel1.win32_1.1.0.202410251130/tools/bin/../lib/gcc/arm-none-eabi/12.3.1/../../../../arm-none-eabi/lib/thumb/v7e-m+dp/hard\libc_nano.a(libc_a-init.o)
                0x08010038                __libc_init_array
 .text.__retarget_lock_init_recursive
                0x08010080        0x2 C:/ST/STM32CubeIDE_1.13.0/STM32CubeIDE/plugins/com.st.stm32cube.ide.mcu.externaltools.gnu-tools-for-stm32.12.3.rel1.win32_1.1.0.202410251130/tools/bin/../lib/gcc/arm-none-eabi/12.3.1/../../../../arm-none-eabi/lib/thumb/v7e-m+dp/hard\libc_nano.a(libc_a-lock.o)
                0x08010080                __retarget_lock_init_recursive
 .text.__retarget_lock_acquire_recursive
                0x08010082        0x2 C:/ST/STM32CubeIDE_1.13.0/STM32CubeIDE/plugins/com.st.stm32cube.ide.mcu.externaltools.gnu-tools-for-stm32.12.3.rel1.win32_1.1.0.202410251130/tools/bin/../lib/gcc/arm-none-eabi/12.3.1/../../../../arm-none-eabi/lib/thumb/v7e-m+dp/hard\libc_nano.a(libc_a-lock.o)
                0x08010082                __retarget_lock_acquire_recursive
 .text.__retarget_lock_release_recursive
                0x08010084        0x2 C:/ST/STM32CubeIDE_1.13.0/STM32CubeIDE/plugins/com.st.stm32cube.ide.mcu.externaltools.gnu-tools-for-stm32.12.3.rel1.win32_1.1.0.202410251130/tools/bin/../lib/gcc/arm-none-eabi/12.3.1/../../../../arm-none-eabi/lib/thumb/v7e-m+dp/hard\libc_nano.a(libc_a-lock.o)
                0x08010084                __retarget_lock_release_recursive
 .text.memcpy   0x08010086       0x1c C:/ST/STM32CubeIDE_1.13.0/STM32CubeIDE/plugins/com.st.stm32cube.ide.mcu.externaltools.gnu-tools-for-stm32.12.3.rel1.win32_1.1.0.202410251130/tools/bin/../lib/gcc/arm-none-eabi/12.3.1/../../../../arm-none-eabi/lib/thumb/v7e-m+dp/hard\libc_nano.a(libc_a-memcpy-stub.o)
                0x08010086                memcpy
 *fill*         0x080100a2        0x2 
 .text.__assert_func
                0x080100a4       0x3c C:/ST/STM32CubeIDE_1.13.0/STM32CubeIDE/plugins/com.st.stm32cube.ide.mcu.externaltools.gnu-tools-for-stm32.12.3.rel1.win32_1.1.0.202410251130/tools/bin/../lib/gcc/arm-none-eabi/12.3.1/../../../../arm-none-eabi/lib/thumb/v7e-m+dp/hard\libc_nano.a(libc_a-assert.o)
                0x080100a4                __assert_func
 .text._free_r  0x080100e0       0x94 C:/ST/STM32CubeIDE_1.13.0/STM32CubeIDE/plugins/com.st.stm32cube.ide.mcu.externaltools.gnu-tools-for-stm32.12.3.rel1.win32_1.1.0.202410251130/tools/bin/../lib/gcc/arm-none-eabi/12.3.1/../../../../arm-none-eabi/lib/thumb/v7e-m+dp/hard\libc_nano.a(libc_a-freer.o)
                0x080100e0                _free_r
 .text._malloc_usable_size_r
                0x08010174       0x10 C:/ST/STM32CubeIDE_1.13.0/STM32CubeIDE/plugins/com.st.stm32cube.ide.mcu.externaltools.gnu-tools-for-stm32.12.3.rel1.win32_1.1.0.202410251130/tools/bin/../lib/gcc/arm-none-eabi/12.3.1/../../../../arm-none-eabi/lib/thumb/v7e-m+dp/hard\libc_nano.a(libc_a-msizer.o)
                0x08010174                _malloc_usable_size_r
 .text.__ssputs_r
                0x08010184       0xb6 C:/ST/STM32CubeIDE_1.13.0/STM32CubeIDE/plugins/com.st.stm32cube.ide.mcu.externaltools.gnu-tools-for-stm32.12.3.rel1.win32_1.1.0.202410251130/tools/bin/../lib/gcc/arm-none-eabi/12.3.1/../../../../arm-none-eabi/lib/thumb/v7e-m+dp/hard\libc_nano.a(libc_a-nano-svfprintf.o)
                0x08010184                __ssputs_r
 *fill*         0x0801023a        0x2 
 .text._svfprintf_r
                0x0801023c      0x1f8 C:/ST/STM32CubeIDE_1.13.0/STM32CubeIDE/plugins/com.st.stm32cube.ide.mcu.externaltools.gnu-tools-for-stm32.12.3.rel1.win32_1.1.0.202410251130/tools/bin/../lib/gcc/arm-none-eabi/12.3.1/../../../../arm-none-eabi/lib/thumb/v7e-m+dp/hard\libc_nano.a(libc_a-nano-svfprintf.o)
                0x0801023c                _svfiprintf_r
                0x0801023c                _svfprintf_r
 .text.__sfputc_r
                0x08010434       0x2e C:/ST/STM32CubeIDE_1.13.0/STM32CubeIDE/plugins/com.st.stm32cube.ide.mcu.externaltools.gnu-tools-for-stm32.12.3.rel1.win32_1.1.0.202410251130/tools/bin/../lib/gcc/arm-none-eabi/12.3.1/../../../../arm-none-eabi/lib/thumb/v7e-m+dp/hard\libc_nano.a(libc_a-nano-vfprintf.o)
 .text.__sfputs_r
                0x08010462       0x24 C:/ST/STM32CubeIDE_1.13.0/STM32CubeIDE/plugins/com.st.stm32cube.ide.mcu.externaltools.gnu-tools-for-stm32.12.3.rel1.win32_1.1.0.202410251130/tools/bin/../lib/gcc/arm-none-eabi/12.3.1/../../../../arm-none-eabi/lib/thumb/v7e-m+dp/hard\libc_nano.a(libc_a-nano-vfprintf.o)
                0x08010462                __sfputs_r
 *fill*         0x08010486        0x2 
 .text._vfprintf_r
                0x08010488      0x230 C:/ST/STM32CubeIDE_1.13.0/STM32CubeIDE/plugins/com.st.stm32cube.ide.mcu.externaltools.gnu-tools-for-stm32.12.3.rel1.win32_1.1.0.202410251130/tools/bin/../lib/gcc/arm-none-eabi/12.3.1/../../../../arm-none-eabi/lib/thumb/v7e-m+dp/hard\libc_nano.a(libc_a-nano-vfprintf.o)
                0x08010488                _vfprintf_r
                0x08010488                _vfiprintf_r
 .text._printf_common
                0x080106b8       0xda C:/ST/STM32CubeIDE_1.13.0/STM32CubeIDE/plugins/com.st.stm32cube.ide.mcu.externaltools.gnu-tools-for-stm32.12.3.rel1.win32_1.1.0.202410251130/tools/bin/../lib/gcc/arm-none-eabi/12.3.1/../../../../arm-none-eabi/lib/thumb/v7e-m+dp/hard\libc_nano.a(libc_a-nano-vfprintf_i.o)
                0x080106b8                _printf_common
 *fill*         0x08010792        0x2 
 .text._printf_i
                0x08010794      0x240 C:/ST/STM32CubeIDE_1.13.0/STM32CubeIDE/plugins/com.st.stm32cube.ide.mcu.externaltools.gnu-tools-for-stm32.12.3.rel1.win32_1.1.0.202410251130/tools/bin/../lib/gcc/arm-none-eabi/12.3.1/../../../../arm-none-eabi/lib/thumb/v7e-m+dp/hard\libc_nano.a(libc_a-nano-vfprintf_i.o)
                0x08010794                _printf_i
 .text.__sflush_r
                0x080109d4      0x108 C:/ST/STM32CubeIDE_1.13.0/STM32CubeIDE/plugins/com.st.stm32cube.ide.mcu.externaltools.gnu-tools-for-stm32.12.3.rel1.win32_1.1.0.202410251130/tools/bin/../lib/gcc/arm-none-eabi/12.3.1/../../../../arm-none-eabi/lib/thumb/v7e-m+dp/hard\libc_nano.a(libc_a-fflush.o)
                0x080109d4                __sflush_r
 .text._fflush_r
                0x08010adc       0x50 C:/ST/STM32CubeIDE_1.13.0/STM32CubeIDE/plugins/com.st.stm32cube.ide.mcu.externaltools.gnu-tools-for-stm32.12.3.rel1.win32_1.1.0.202410251130/tools/bin/../lib/gcc/arm-none-eabi/12.3.1/../../../../arm-none-eabi/lib/thumb/v7e-m+dp/hard\libc_nano.a(libc_a-fflush.o)
                0x08010adc                _fflush_r
 .text.fprintf  0x08010b2c       0x24 C:/ST/STM32CubeIDE_1.13.0/STM32CubeIDE/plugins/com.st.stm32cube.ide.mcu.externaltools.gnu-tools-for-stm32.12.3.rel1.win32_1.1.0.202410251130/tools/bin/../lib/gcc/arm-none-eabi/12.3.1/../../../../arm-none-eabi/lib/thumb/v7e-m+dp/hard\libc_nano.a(libc_a-fprintf.o)
                0x08010b2c                fiprintf
                0x08010b2c                fprintf
 .text.__swbuf_r
                0x08010b50       0x7c C:/ST/STM32CubeIDE_1.13.0/STM32CubeIDE/plugins/com.st.stm32cube.ide.mcu.externaltools.gnu-tools-for-stm32.12.3.rel1.win32_1.1.0.202410251130/tools/bin/../lib/gcc/arm-none-eabi/12.3.1/../../../../arm-none-eabi/lib/thumb/v7e-m+dp/hard\libc_nano.a(libc_a-wbuf.o)
                0x08010b50                __swbuf_r
 .text.__swsetup_r
                0x08010bcc       0xac C:/ST/STM32CubeIDE_1.13.0/STM32CubeIDE/plugins/com.st.stm32cube.ide.mcu.externaltools.gnu-tools-for-stm32.12.3.rel1.win32_1.1.0.202410251130/tools/bin/../lib/gcc/arm-none-eabi/12.3.1/../../../../arm-none-eabi/lib/thumb/v7e-m+dp/hard\libc_nano.a(libc_a-wsetup.o)
                0x08010bcc                __swsetup_r
 .text.memmove  0x08010c78       0x34 C:/ST/STM32CubeIDE_1.13.0/STM32CubeIDE/plugins/com.st.stm32cube.ide.mcu.externaltools.gnu-tools-for-stm32.12.3.rel1.win32_1.1.0.202410251130/tools/bin/../lib/gcc/arm-none-eabi/12.3.1/../../../../arm-none-eabi/lib/thumb/v7e-m+dp/hard\libc_nano.a(libc_a-memmove.o)
                0x08010c78                memmove
 .text.abort    0x08010cac        0xe C:/ST/STM32CubeIDE_1.13.0/STM32CubeIDE/plugins/com.st.stm32cube.ide.mcu.externaltools.gnu-tools-for-stm32.12.3.rel1.win32_1.1.0.202410251130/tools/bin/../lib/gcc/arm-none-eabi/12.3.1/../../../../arm-none-eabi/lib/thumb/v7e-m+dp/hard\libc_nano.a(libc_a-abort.o)
                0x08010cac                abort
 .text.__swhatbuf_r
                0x08010cba       0x4c C:/ST/STM32CubeIDE_1.13.0/STM32CubeIDE/plugins/com.st.stm32cube.ide.mcu.externaltools.gnu-tools-for-stm32.12.3.rel1.win32_1.1.0.202410251130/tools/bin/../lib/gcc/arm-none-eabi/12.3.1/../../../../arm-none-eabi/lib/thumb/v7e-m+dp/hard\libc_nano.a(libc_a-makebuf.o)
                0x08010cba                __swhatbuf_r
 .text.__smakebuf_r
                0x08010d06       0x78 C:/ST/STM32CubeIDE_1.13.0/STM32CubeIDE/plugins/com.st.stm32cube.ide.mcu.externaltools.gnu-tools-for-stm32.12.3.rel1.win32_1.1.0.202410251130/tools/bin/../lib/gcc/arm-none-eabi/12.3.1/../../../../arm-none-eabi/lib/thumb/v7e-m+dp/hard\libc_nano.a(libc_a-makebuf.o)
                0x08010d06                __smakebuf_r
 .text._raise_r
                0x08010d7e       0x50 C:/ST/STM32CubeIDE_1.13.0/STM32CubeIDE/plugins/com.st.stm32cube.ide.mcu.externaltools.gnu-tools-for-stm32.12.3.rel1.win32_1.1.0.202410251130/tools/bin/../lib/gcc/arm-none-eabi/12.3.1/../../../../arm-none-eabi/lib/thumb/v7e-m+dp/hard\libc_nano.a(libc_a-signal.o)
                0x08010d7e                _raise_r
 *fill*         0x08010dce        0x2 
 .text.raise    0x08010dd0       0x10 C:/ST/STM32CubeIDE_1.13.0/STM32CubeIDE/plugins/com.st.stm32cube.ide.mcu.externaltools.gnu-tools-for-stm32.12.3.rel1.win32_1.1.0.202410251130/tools/bin/../lib/gcc/arm-none-eabi/12.3.1/../../../../arm-none-eabi/lib/thumb/v7e-m+dp/hard\libc_nano.a(libc_a-signal.o)
                0x08010dd0                raise
 .text._fstat_r
                0x08010de0       0x24 C:/ST/STM32CubeIDE_1.13.0/STM32CubeIDE/plugins/com.st.stm32cube.ide.mcu.externaltools.gnu-tools-for-stm32.12.3.rel1.win32_1.1.0.202410251130/tools/bin/../lib/gcc/arm-none-eabi/12.3.1/../../../../arm-none-eabi/lib/thumb/v7e-m+dp/hard\libc_nano.a(libc_a-fstatr.o)
                0x08010de0                _fstat_r
 .text._isatty_r
                0x08010e04       0x20 C:/ST/STM32CubeIDE_1.13.0/STM32CubeIDE/plugins/com.st.stm32cube.ide.mcu.externaltools.gnu-tools-for-stm32.12.3.rel1.win32_1.1.0.202410251130/tools/bin/../lib/gcc/arm-none-eabi/12.3.1/../../../../arm-none-eabi/lib/thumb/v7e-m+dp/hard\libc_nano.a(libc_a-isattyr.o)
                0x08010e04                _isatty_r
 .text._kill_r  0x08010e24       0x24 C:/ST/STM32CubeIDE_1.13.0/STM32CubeIDE/plugins/com.st.stm32cube.ide.mcu.externaltools.gnu-tools-for-stm32.12.3.rel1.win32_1.1.0.202410251130/tools/bin/../lib/gcc/arm-none-eabi/12.3.1/../../../../arm-none-eabi/lib/thumb/v7e-m+dp/hard\libc_nano.a(libc_a-signalr.o)
                0x08010e24                _kill_r
 .text._getpid_r
                0x08010e48        0x4 C:/ST/STM32CubeIDE_1.13.0/STM32CubeIDE/plugins/com.st.stm32cube.ide.mcu.externaltools.gnu-tools-for-stm32.12.3.rel1.win32_1.1.0.202410251130/tools/bin/../lib/gcc/arm-none-eabi/12.3.1/../../../../arm-none-eabi/lib/thumb/v7e-m+dp/hard\libc_nano.a(libc_a-signalr.o)
                0x08010e48                _getpid_r
 .text._close   0x08010e4c       0x10 C:/ST/STM32CubeIDE_1.13.0/STM32CubeIDE/plugins/com.st.stm32cube.ide.mcu.externaltools.gnu-tools-for-stm32.12.3.rel1.win32_1.1.0.202410251130/tools/bin/../lib/gcc/arm-none-eabi/12.3.1/../../../../arm-none-eabi/lib/thumb/v7e-m+dp/hard\libnosys.a(close.o)
                0x08010e4c                _close
 .text._fstat   0x08010e5c       0x10 C:/ST/STM32CubeIDE_1.13.0/STM32CubeIDE/plugins/com.st.stm32cube.ide.mcu.externaltools.gnu-tools-for-stm32.12.3.rel1.win32_1.1.0.202410251130/tools/bin/../lib/gcc/arm-none-eabi/12.3.1/../../../../arm-none-eabi/lib/thumb/v7e-m+dp/hard\libnosys.a(fstat.o)
                0x08010e5c                _fstat
 .text._getpid  0x08010e6c       0x10 C:/ST/STM32CubeIDE_1.13.0/STM32CubeIDE/plugins/com.st.stm32cube.ide.mcu.externaltools.gnu-tools-for-stm32.12.3.rel1.win32_1.1.0.202410251130/tools/bin/../lib/gcc/arm-none-eabi/12.3.1/../../../../arm-none-eabi/lib/thumb/v7e-m+dp/hard\libnosys.a(getpid.o)
                0x08010e6c                _getpid
 .text._isatty  0x08010e7c       0x10 C:/ST/STM32CubeIDE_1.13.0/STM32CubeIDE/plugins/com.st.stm32cube.ide.mcu.externaltools.gnu-tools-for-stm32.12.3.rel1.win32_1.1.0.202410251130/tools/bin/../lib/gcc/arm-none-eabi/12.3.1/../../../../arm-none-eabi/lib/thumb/v7e-m+dp/hard\libnosys.a(isatty.o)
                0x08010e7c                _isatty
 .text._kill    0x08010e8c       0x10 C:/ST/STM32CubeIDE_1.13.0/STM32CubeIDE/plugins/com.st.stm32cube.ide.mcu.externaltools.gnu-tools-for-stm32.12.3.rel1.win32_1.1.0.202410251130/tools/bin/../lib/gcc/arm-none-eabi/12.3.1/../../../../arm-none-eabi/lib/thumb/v7e-m+dp/hard\libnosys.a(kill.o)
                0x08010e8c                _kill
 .text._lseek   0x08010e9c       0x10 C:/ST/STM32CubeIDE_1.13.0/STM32CubeIDE/plugins/com.st.stm32cube.ide.mcu.externaltools.gnu-tools-for-stm32.12.3.rel1.win32_1.1.0.202410251130/tools/bin/../lib/gcc/arm-none-eabi/12.3.1/../../../../arm-none-eabi/lib/thumb/v7e-m+dp/hard\libnosys.a(lseek.o)
                0x08010e9c                _lseek
 .text._read    0x08010eac       0x10 C:/ST/STM32CubeIDE_1.13.0/STM32CubeIDE/plugins/com.st.stm32cube.ide.mcu.externaltools.gnu-tools-for-stm32.12.3.rel1.win32_1.1.0.202410251130/tools/bin/../lib/gcc/arm-none-eabi/12.3.1/../../../../arm-none-eabi/lib/thumb/v7e-m+dp/hard\libnosys.a(read.o)
                0x08010eac                _read
 .text._write   0x08010ebc       0x10 C:/ST/STM32CubeIDE_1.13.0/STM32CubeIDE/plugins/com.st.stm32cube.ide.mcu.externaltools.gnu-tools-for-stm32.12.3.rel1.win32_1.1.0.202410251130/tools/bin/../lib/gcc/arm-none-eabi/12.3.1/../../../../arm-none-eabi/lib/thumb/v7e-m+dp/hard\libnosys.a(write.o)
                0x08010ebc                _write
 .text._exit    0x08010ecc        0x2 C:/ST/STM32CubeIDE_1.13.0/STM32CubeIDE/plugins/com.st.stm32cube.ide.mcu.externaltools.gnu-tools-for-stm32.12.3.rel1.win32_1.1.0.202410251130/tools/bin/../lib/gcc/arm-none-eabi/12.3.1/../../../../arm-none-eabi/lib/thumb/v7e-m+dp/hard\libnosys.a(_exit.o)
                0x08010ecc                _exit
 *(.glue_7)
 .glue_7        0x08010ece        0x0 linker stubs
 *(.glue_7t)
 .glue_7t       0x08010ece        0x0 linker stubs
 *(.eh_frame)
 *fill*         0x08010ece        0x2 
 .eh_frame      0x08010ed0        0x0 C:/ST/STM32CubeIDE_1.13.0/STM32CubeIDE/plugins/com.st.stm32cube.ide.mcu.externaltools.gnu-tools-for-stm32.12.3.rel1.win32_1.1.0.202410251130/tools/bin/../lib/gcc/arm-none-eabi/12.3.1/thumb/v7e-m+dp/hard/crtbegin.o
 *(.init)
 .init          0x08010ed0        0x4 C:/ST/STM32CubeIDE_1.13.0/STM32CubeIDE/plugins/com.st.stm32cube.ide.mcu.externaltools.gnu-tools-for-stm32.12.3.rel1.win32_1.1.0.202410251130/tools/bin/../lib/gcc/arm-none-eabi/12.3.1/thumb/v7e-m+dp/hard/crti.o
                0x08010ed0                _init
 .init          0x08010ed4        0x8 C:/ST/STM32CubeIDE_1.13.0/STM32CubeIDE/plugins/com.st.stm32cube.ide.mcu.externaltools.gnu-tools-for-stm32.12.3.rel1.win32_1.1.0.202410251130/tools/bin/../lib/gcc/arm-none-eabi/12.3.1/thumb/v7e-m+dp/hard/crtn.o
 *(.fini)
 .fini          0x08010edc        0x4 C:/ST/STM32CubeIDE_1.13.0/STM32CubeIDE/plugins/com.st.stm32cube.ide.mcu.externaltools.gnu-tools-for-stm32.12.3.rel1.win32_1.1.0.202410251130/tools/bin/../lib/gcc/arm-none-eabi/12.3.1/thumb/v7e-m+dp/hard/crti.o
                0x08010edc                _fini
 .fini          0x08010ee0        0x8 C:/ST/STM32CubeIDE_1.13.0/STM32CubeIDE/plugins/com.st.stm32cube.ide.mcu.externaltools.gnu-tools-for-stm32.12.3.rel1.win32_1.1.0.202410251130/tools/bin/../lib/gcc/arm-none-eabi/12.3.1/thumb/v7e-m+dp/hard/crtn.o
                0x08010ee8                        . = ALIGN (0x4)
                0x08010ee8                        _etext = .

.vfp11_veneer   0x08010ee8        0x0
 .vfp11_veneer  0x08010ee8        0x0 linker stubs

.v4_bx          0x08010ee8        0x0
 .v4_bx         0x08010ee8        0x0 linker stubs

.iplt           0x08010ee8        0x0
 .iplt          0x08010ee8        0x0 C:/ST/STM32CubeIDE_1.13.0/STM32CubeIDE/plugins/com.st.stm32cube.ide.mcu.externaltools.gnu-tools-for-stm32.12.3.rel1.win32_1.1.0.202410251130/tools/bin/../lib/gcc/arm-none-eabi/12.3.1/thumb/v7e-m+dp/hard/crtbegin.o

.rodata         0x08010f00     0xa4d0
                0x08010f00                        . = ALIGN (0x4)
 *(.rodata)
 .rodata        0x08010f00       0x76 ./Core/Src/main.o
 *fill*         0x08010f76        0x2 
 .rodata        0x08010f78        0x5 ./Middlewares/Third_Party/FreeRTOS/Source/tasks.o
 *fill*         0x08010f7d        0x3 
 .rodata        0x08010f80        0xd ./Middlewares/Third_Party/FreeRTOS/Source/timers.o
 *fill*         0x08010f8d        0x3 
 .rodata        0x08010f90       0xa3 ./X-CUBE-AI/App/app_x-cube-ai.o
 *fill*         0x08011033        0x1 
 .rodata        0x08011034       0x30 ./X-CUBE-AI/App/network_data.o
 *(.rodata*)
 .rodata.Task01input_attributes
                0x08011064       0x24 ./Core/Src/main.o