Archive member included to satisfy reference by file (symbol)

../Middlewares/ST/AI/Lib\NetworkRuntime1000_CM7_GCC.a(ai_platform.o)
                              ./X-CUBE-AI/App/network.o (ai_buffer_array_item_set_address)
../Middlewares/ST/AI/Lib\NetworkRuntime1000_CM7_GCC.a(ai_platform_interface.o)
                              ./X-CUBE-AI/App/network.o (ai_platform_get_weights_map)
../Middlewares/ST/AI/Lib\NetworkRuntime1000_CM7_GCC.a(core_common.o)
                              ../Middlewares/ST/AI/Lib\NetworkRuntime1000_CM7_GCC.a(ai_platform_interface.o) (core_init)
../Middlewares/ST/AI/Lib\NetworkRuntime1000_CM7_GCC.a(core_mem_manager.o)
                              ../Middlewares/ST/AI/Lib\NetworkRuntime1000_CM7_GCC.a(ai_platform_interface.o) (core_mem_alloc)
../Middlewares/ST/AI/Lib\NetworkRuntime1000_CM7_GCC.a(layers.o)
                              ../Middlewares/ST/AI/Lib\NetworkRuntime1000_CM7_GCC.a(ai_platform_interface.o) (ai_check_custom_types)
../Middlewares/ST/AI/Lib\NetworkRuntime1000_CM7_GCC.a(layers_conv2d_sssa8_ch.o)
                              ./X-CUBE-AI/App/network.o (forward_conv2d_sssa8_ch_nl_pool)
../Middlewares/ST/AI/Lib\NetworkRuntime1000_CM7_GCC.a(layers_conv2d_stm32_integer.o)
                              ./X-CUBE-AI/App/network.o (forward_dense_integer_SSSA_ch)
../Middlewares/ST/AI/Lib\NetworkRuntime1000_CM7_GCC.a(layers_nl_stm32_integer.o)
                              ./X-CUBE-AI/App/network.o (forward_sm_integer)
../Middlewares/ST/AI/Lib\NetworkRuntime1000_CM7_GCC.a(layers_pool_stm32_integer.o)
                              ./X-CUBE-AI/App/network.o (pool_func_mp_array_integer_INT8)
../Middlewares/ST/AI/Lib\NetworkRuntime1000_CM7_GCC.a(layers_conv2d_integer_scratch.o)
                              ../Middlewares/ST/AI/Lib\NetworkRuntime1000_CM7_GCC.a(layers.o) (get_conv2d_scratch_size)
../Middlewares/ST/AI/Lib\NetworkRuntime1000_CM7_GCC.a(forward_lite_dense_is8os8ws8.o)
                              ../Middlewares/ST/AI/Lib\NetworkRuntime1000_CM7_GCC.a(layers_conv2d_stm32_integer.o) (forward_lite_dense_is8os8ws8)
../Middlewares/ST/AI/Lib\NetworkRuntime1000_CM7_GCC.a(forward_lite_maxpool_is8os8_scalepos.o)
                              ../Middlewares/ST/AI/Lib\NetworkRuntime1000_CM7_GCC.a(layers_pool_stm32_integer.o) (forward_lite_maxpool_is8os8_scalepos)
../Middlewares/ST/AI/Lib\NetworkRuntime1000_CM7_GCC.a(forward_lite_avepool_is8os8.o)
                              ../Middlewares/ST/AI/Lib\NetworkRuntime1000_CM7_GCC.a(layers_pool_stm32_integer.o) (forward_lite_avepool_is8os8)
../Middlewares/ST/AI/Lib\NetworkRuntime1000_CM7_GCC.a(forward_lite_conv2d_sssa8_ch.o)
                              ../Middlewares/ST/AI/Lib\NetworkRuntime1000_CM7_GCC.a(layers_conv2d_sssa8_ch.o) (forward_lite_conv2d_dilated_sssa8_ch)
../Middlewares/ST/AI/Lib\NetworkRuntime1000_CM7_GCC.a(forward_lite_maxpool_is16os16.o)
                              ../Middlewares/ST/AI/Lib\NetworkRuntime1000_CM7_GCC.a(layers_pool_stm32_integer.o) (forward_lite_maxpool_is16os16_scalepos)
../Middlewares/ST/AI/Lib\NetworkRuntime1000_CM7_GCC.a(forward_lite_maxpool_is8os8.o)
                              ../Middlewares/ST/AI/Lib\NetworkRuntime1000_CM7_GCC.a(layers_pool_stm32_integer.o) (forward_lite_maxpool_is8os8_scaleneg)
../Middlewares/ST/AI/Lib\NetworkRuntime1000_CM7_GCC.a(forward_lite_maxpool_iu16ou16.o)
                              ../Middlewares/ST/AI/Lib\NetworkRuntime1000_CM7_GCC.a(layers_pool_stm32_integer.o) (forward_lite_maxpool_iu16ou16_scalepos)
../Middlewares/ST/AI/Lib\NetworkRuntime1000_CM7_GCC.a(forward_lite_maxpool_iu8ou8.o)
                              ../Middlewares/ST/AI/Lib\NetworkRuntime1000_CM7_GCC.a(layers_pool_stm32_integer.o) (forward_lite_maxpool_iu8ou8_scalepos)
../Middlewares/ST/AI/Lib\NetworkRuntime1000_CM7_GCC.a(lite_nl_generic_integer.o)
                              ../Middlewares/ST/AI/Lib\NetworkRuntime1000_CM7_GCC.a(layers_nl_stm32_integer.o) (forward_lite_nl_softmax_is8os8)
../Middlewares/ST/AI/Lib\NetworkRuntime1000_CM7_GCC.a(st_align_factor.o)
                              ../Middlewares/ST/AI/Lib\NetworkRuntime1000_CM7_GCC.a(layers_conv2d_stm32_integer.o) (align_factor)
../Middlewares/ST/AI/Lib\NetworkRuntime1000_CM7_GCC.a(st_int8_to16_no_shift.o)
                              ../Middlewares/ST/AI/Lib\NetworkRuntime1000_CM7_GCC.a(forward_lite_conv2d_sssa8_ch.o) (st_int8_to16_no_shift)
../Middlewares/ST/AI/Lib\NetworkRuntime1000_CM7_GCC.a(st_padding_opt.o)
                              ../Middlewares/ST/AI/Lib\NetworkRuntime1000_CM7_GCC.a(forward_lite_conv2d_sssa8_ch.o) (ai_padding_opt_init)
../Middlewares/ST/AI/Lib\NetworkRuntime1000_CM7_GCC.a(st_int8_pool.o)
                              ../Middlewares/ST/AI/Lib\NetworkRuntime1000_CM7_GCC.a(forward_lite_avepool_is8os8.o) (st_int8_avepool)
../Middlewares/ST/AI/Lib\NetworkRuntime1000_CM7_GCC.a(st_uint8_pool.o)
[...]
Memory Configuration

Name             Origin             Length             Attributes
RAM              0x20000000         0x00080000         xrw
FLASH            0x08000000         0x00200000         xr
*default*        0x00000000         0xffffffff

Linker script and memory map

LOAD C:/ST/STM32CubeIDE_1.13.0/STM32CubeIDE/plugins/com.st.stm32cube.ide.mcu.externaltools.gnu-tools-for-stm32.12.3.rel1.win32_1.1.0.202410251130/tools/bin/../lib/gcc/arm-none-eabi/12.3.1/thumb/v7e-m+dp/hard/crti.o
LOAD C:/ST/STM32CubeIDE_1.13.0/STM32CubeIDE/plugins/com.st.stm32cube.ide.mcu.externaltools.gnu-tools-for-stm32.12.3.rel1.win32_1.1.0.202410251130/tools/bin/../lib/gcc/arm-none-eabi/12.3.1/thumb/v7e-m+dp/hard/crtbegin.o
LOAD C:/ST/STM32CubeIDE_1.13.0/STM32CubeIDE/plugins/com.st.stm32cube.ide.mcu.externaltools.gnu-tools-for-stm32.12.3.rel1.win32_1.1.0.202410251130/tools/bin/../lib/gcc/arm-none-eabi/12.3.1/../../../../arm-none-eabi/lib/thumb/v7e-m+dp/hard/crt0.o
LOAD ./Core/Src/freertos.o
LOAD ./Core/Src/main.o
LOAD ./Core/Src/songhigh1.o
LOAD ./Core/Src/songlow2.o
LOAD ./Core/Src/ssd1306.o
LOAD ./Core/Src/ssd1306_fonts.o
LOAD ./Core/Src/stm32f7xx_hal_msp.o
LOAD ./Core/Src/stm32f7xx_it.o
LOAD ./Core/Src/sysmem.o
LOAD ./Core/Src/system_stm32f7xx.o
LOAD ./Core/Startup/startup_stm32f767zitx.o
LOAD ./Drivers/STM32F7xx_HAL_Driver/Src/stm32f7xx_hal.o
LOAD ./Drivers/STM32F7xx_HAL_Driver/Src/stm32f7xx_hal_cortex.o
LOAD ./Drivers/STM32F7xx_HAL_Driver/Src/stm32f7xx_hal_dac.o
LOAD ./Drivers/STM32F7xx_HAL_Driver/Src/stm32f7xx_hal_dac_ex.o
LOAD ./Drivers/STM32F7xx_HAL_Driver/Src/stm32f7xx_hal_dma.o
LOAD ./Drivers/STM32F7xx_HAL_Driver/Src/stm32f7xx_hal_dma_ex.o
LOAD ./Drivers/STM32F7xx_HAL_Driver/Src/stm32f7xx_hal_eth.o
LOAD ./Drivers/STM32F7xx_HAL_Driver/Src/stm32f7xx_hal_exti.o
LOAD ./Drivers/STM32F7xx_HAL_Driver/Src/stm32f7xx_hal_flash.o
LOAD ./Drivers/STM32F7xx_HAL_Driver/Src/stm32f7xx_hal_flash_ex.o
LOAD ./Drivers/STM32F7xx_HAL_Driver/Src/stm32f7xx_hal_gpio.o
LOAD ./Drivers/STM32F7xx_HAL_Driver/Src/stm32f7xx_hal_i2c.o
LOAD ./Drivers/STM32F7xx_HAL_Driver/Src/stm32f7xx_hal_i2c_ex.o
LOAD ./Drivers/STM32F7xx_HAL_Driver/Src/stm32f7xx_hal_pcd.o
LOAD ./Drivers/STM32F7xx_HAL_Driver/Src/stm32f7xx_hal_pcd_ex.o
LOAD ./Drivers/STM32F7xx_HAL_Driver/Src/stm32f7xx_hal_pwr.o
LOAD ./Drivers/STM32F7xx_HAL_Driver/Src/stm32f7xx_hal_pwr_ex.o
LOAD ./Drivers/STM32F7xx_HAL_Driver/Src/stm32f7xx_hal_rcc.o
LOAD ./Drivers/STM32F7xx_HAL_Driver/Src/stm32f7xx_hal_rcc_ex.o
LOAD ./Drivers/STM32F7xx_HAL_Driver/Src/stm32f7xx_hal_tim.o
LOAD ./Drivers/STM32F7xx_HAL_Driver/Src/stm32f7xx_hal_tim_ex.o
LOAD ./Drivers/STM32F7xx_HAL_Driver/Src/stm32f7xx_hal_uart.o
LOAD ./Drivers/STM32F7xx_HAL_Driver/Src/stm32f7xx_hal_uart_ex.o
LOAD ./Drivers/STM32F7xx_HAL_Driver/Src/stm32f7xx_ll_usb.o
LOAD ./Middlewares/Third_Party/FreeRTOS/Source/CMSIS_RTOS_V2/cmsis_os2.o
LOAD ./Middlewares/Third_Party/FreeRTOS/Source/croutine.o
LOAD ./Middlewares/Third_Party/FreeRTOS/Source/event_groups.o
LOAD ./Middlewares/Third_Party/FreeRTOS/Source/list.o
LOAD ./Middlewares/Third_Party/FreeRTOS/Source/queue.o
LOAD ./Middlewares/Third_Party/FreeRTOS/Source/stream_buffer.o
LOAD ./Middlewares/Third_Party/FreeRTOS/Source/tasks.o
LOAD ./Middlewares/Third_Party/FreeRTOS/Source/timers.o
LOAD ./Middlewares/Third_Party/FreeRTOS/Source/portable/GCC/ARM_CM7/r0p1/port.o
LOAD ./Middlewares/Third_Party/FreeRTOS/Source/portable/MemMang/heap_4.o
LOAD ./X-CUBE-AI/App/app_x-cube-ai.o
LOAD ./X-CUBE-AI/App/network.o
LOAD ./X-CUBE-AI/App/network_data.o
LOAD ./X-CUBE-AI/App/network_data_params.o
LOAD ../Middlewares/ST/AI/Lib\NetworkRuntime1000_CM7_GCC.a
START GROUP
LOAD C:/ST/STM32CubeIDE_1.13.0/STM32CubeIDE/plugins/com.st.stm32cube.ide.mcu.externaltools.gnu-tools-for-stm32.12.3.rel1.win32_1.1.0.202410251130/tools/bin/../lib/gcc/arm-none-eabi/12.3.1/../../../../arm-none-eabi/lib/thumb/v7e-m+dp/hard\libc_nano.a
LOAD C:/ST/STM32CubeIDE_1.13.0/STM32CubeIDE/plugins/com.st.stm32cube.ide.mcu.externaltools.gnu-tools-for-stm32.12.3.rel1.win32_1.1.0.202410251130/tools/bin/../lib/gcc/arm-none-eabi/12.3.1/../../../../arm-none-eabi/lib/thumb/v7e-m+dp/hard\libm.a
END GROUP
START GROUP
LOAD C:/ST/STM32CubeIDE_1.13.0/STM32CubeIDE/plugins/com.st.stm32cube.ide.mcu.externaltools.gnu-tools-for-stm32.12.3.rel1.win32_1.1.0.202410251130/tools/bin/../lib/gcc/arm-none-eabi/12.3.1/thumb/v7e-m+dp/hard\libgcc.a
LOAD C:/ST/STM32CubeIDE_1.13.0/STM32CubeIDE/plugins/com.st.stm32cube.ide.mcu.externaltools.gnu-tools-for-stm32.12.3.rel1.win32_1.1.0.202410251130/tools/bin/../lib/gcc/arm-none-eabi/12.3.1/../../../../arm-none-eabi/lib/thumb/v7e-m+dp/hard\libc_nano.a
END GROUP
START GROUP
LOAD C:/ST/STM32CubeIDE_1.13.0/STM32CubeIDE/plugins/com.st.stm32cube.ide.mcu.externaltools.gnu-tools-for-stm32.12.3.rel1.win32_1.1.0.202410251130/tools/bin/../lib/gcc/arm-none-eabi/12.3.1/thumb/v7e-m+dp/hard\libgcc.a
LOAD C:/ST/STM32CubeIDE_1.13.0/STM32CubeIDE/plugins/com.st.stm32cube.ide.mcu.externaltools.gnu-tools-for-stm32.12.3.rel1.win32_1.1.0.202410251130/tools/bin/../lib/gcc/arm-none-eabi/12.3.1/../../../../arm-none-eabi/lib/thumb/v7e-m+dp/hard\libc_nano.a
LOAD C:/ST/STM32CubeIDE_1.13.0/STM32CubeIDE/plugins/com.st.stm32cube.ide.mcu.externaltools.gnu-tools-for-stm32.12.3.rel1.win32_1.1.0.202410251130/tools/bin/../lib/gcc/arm-none-eabi/12.3.1/../../../../arm-none-eabi/lib/thumb/v7e-m+dp/hard\libnosys.a
END GROUP
START GROUP
LOAD C:/ST/STM32CubeIDE_1.13.0/STM32CubeIDE/plugins/com.st.stm32cube.ide.mcu.externaltools.gnu-tools-for-stm32.12.3.rel1.win32_1.1.0.202410251130/tools/bin/../lib/gcc/arm-none-eabi/12.3.1/thumb/v7e-m+dp/hard\libgcc.a
LOAD C:/ST/STM32CubeIDE_1.13.0/STM32CubeIDE/plugins/com.st.stm32cube.ide.mcu.externaltools.gnu-tools-for-stm32.12.3.rel1.win32_1.1.0.202410251130/tools/bin/../lib/gcc/arm-none-eabi/12.3.1/../../../../arm-none-eabi/lib/thumb/v7e-m+dp/hard\libc_nano.a
LOAD C:/ST/STM32CubeIDE_1.13.0/STM32CubeIDE/plugins/com.st.stm32cube.ide.mcu.externaltools.gnu-tools-for-stm32.12.3.rel1.win32_1.1.0.202410251130/tools/bin/../lib/gcc/arm-none-eabi/12.3.1/../../../../arm-none-eabi/lib/thumb/v7e-m+dp/hard\libnosys.a
END GROUP
LOAD C:/ST/STM32CubeIDE_1.13.0/STM32CubeIDE/plugins/com.st.stm32cube.ide.mcu.externaltools.gnu-tools-for-stm32.12.3.rel1.win32_1.1.0.202410251130/tools/bin/../lib/gcc/arm-none-eabi/12.3.1/thumb/v7e-m+dp/hard/crtend.o
LOAD C:/ST/STM32CubeIDE_1.13.0/STM32CubeIDE/plugins/com.st.stm32cube.ide.mcu.externaltools.gnu-tools-for-stm32.12.3.rel1.win32_1.1.0.202410251130/tools/bin/../lib/gcc/arm-none-eabi/12.3.1/thumb/v7e-m+dp/hard/crtn.o
                0x20080000                        _estack = (ORIGIN (RAM) + LENGTH (RAM))
                0x00000800                        _Min_Heap_Size = 0x800
                0x00000800                        _Min_Stack_Size = 0x800

.isr_vector     0x08000000      0x1f8
                0x08000000                        . = ALIGN (0x4)
 *(.isr_vector)
 .isr_vector    0x08000000      0x1f8 ./Core/Startup/startup_stm32f767zitx.o
                0x08000000                g_pfnVectors
                0x080001f8                        . = ALIGN (0x4)

.text           0x08000200    0x10c88
                0x08000200                        . = ALIGN (0x4)
 *(.text)
 .text          0x08000200       0x40 C:/ST/STM32CubeIDE_1.13.0/STM32CubeIDE/plugins/com.st.stm32cube.ide.mcu.externaltools.gnu-tools-for-stm32.12.3.rel1.win32_1.1.0.202410251130/tools/bin/../lib/gcc/arm-none-eabi/12.3.1/thumb/v7e-m+dp/hard/crtbegin.o
 .text          0x08000240       0x10 C:/ST/STM32CubeIDE_1.13.0/STM32CubeIDE/plugins/com.st.stm32cube.ide.mcu.externaltools.gnu-tools-for-stm32.12.3.rel1.win32_1.1.0.202410251130/tools/bin/../lib/gcc/arm-none-eabi/12.3.1/../../../../arm-none-eabi/lib/thumb/v7e-m+dp/hard\libc_nano.a(libc_a-strlen.o)
                0x08000240                strlen
 .text          0x08000250       0xa0 C:/ST/STM32CubeIDE_1.13.0/STM32CubeIDE/plugins/com.st.stm32cube.ide.mcu.externaltools.gnu-tools-for-stm32.12.3.rel1.win32_1.1.0.202410251130/tools/bin/../lib/gcc/arm-none-eabi/12.3.1/../../../../arm-none-eabi/lib/thumb/v7e-m+dp/hard\libc_nano.a(libc_a-memchr.o)
                0x08000250                memchr
 .text          0x080002f0       0x30 C:/ST/STM32CubeIDE_1.13.0/STM32CubeIDE/plugins/com.st.stm32cube.ide.mcu.externaltools.gnu-tools-for-stm32.12.3.rel1.win32_1.1.0.202410251130/tools/bin/../lib/gcc/arm-none-eabi/12.3.1/thumb/v7e-m+dp/hard\libgcc.a(_aeabi_uldivmod.o)
                0x080002f0                __aeabi_uldivmod
 .text          0x08000320      0x2bc C:/ST/STM32CubeIDE_1.13.0/STM32CubeIDE/plugins/com.st.stm32cube.ide.mcu.externaltools.gnu-tools-for-stm32.12.3.rel1.win32_1.1.0.202410251130/tools/bin/../lib/gcc/arm-none-eabi/12.3.1/thumb/v7e-m+dp/hard\libgcc.a(_udivmoddi4.o)
                0x08000320                __udivmoddi4
 .text          0x080005dc        0x4 C:/ST/STM32CubeIDE_1.13.0/STM32CubeIDE/plugins/com.st.stm32cube.ide.mcu.externaltools.gnu-tools-for-stm32.12.3.rel1.win32_1.1.0.202410251130/tools/bin/../lib/gcc/arm-none-eabi/12.3.1/thumb/v7e-m+dp/hard\libgcc.a(_dvmd_tls.o)
                0x080005dc                __aeabi_idiv0
                0x080005dc                __aeabi_ldiv0
 *(.text*)
 .text.SCB_EnableICache
                0x080005e0       0x4c ./Core/Src/main.o
 .text.SCB_EnableDCache
                0x0800062c       0x88 ./Core/Src/main.o
 .text.main     0x080006b4      0x120 ./Core/Src/main.o
                0x080006b4                main
 .text.SystemClock_Config
                0x080007d4       0xe0 ./Core/Src/main.o
                0x080007d4                SystemClock_Config
 .text.MX_DAC_Init
                0x080008b4       0x54 ./Core/Src/main.o
 .text.MX_ETH_Init
                0x08000908       0x9c ./Core/Src/main.o
 .text.MX_I2C2_Init
                0x080009a4       0x80 ./Core/Src/main.o
 .text.MX_TIM4_Init
                0x08000a24       0x9c ./Core/Src/main.o
 .text.MX_USART3_UART_Init
                0x08000ac0       0x60 ./Core/Src/main.o
 .text.MX_USB_OTG_FS_PCD_Init
                0x08000b20       0x5c ./Core/Src/main.o
 .text.MX_GPIO_Init
                0x08000b7c      0x190 ./Core/Src/main.o
 .text.HAL_UART_RxCpltCallback
                0x08000d0c       0x34 ./Core/Src/main.o
                0x08000d0c                HAL_UART_RxCpltCallback
 .text.PlayWav  0x08000d40       0x28 ./Core/Src/main.o
                0x08000d40                PlayWav
 .text.Taskuser
                0x08000d68       0xf8 ./Core/Src/main.o
                0x08000d68                Taskuser
 .text.Task02image
                0x08000e60       0xac ./Core/Src/main.o
                0x08000e60                Task02image
 .text.Task03logic
                0x08000f0c      0x1c0 ./Core/Src/main.o
                0x08000f0c                Task03logic
 .text.Task04display
                0x080010cc       0xd4 ./Core/Src/main.o
                0x080010cc                Task04display
 .text.Task05song
                0x080011a0       0xb0 ./Core/Src/main.o
                0x080011a0                Task05song
 .text.Error_Handler
                0x08001250        0xc ./Core/Src/main.o
                0x08001250                Error_Handler
 .text.ssd1306_Reset
                0x0800125c        0xe ./Core/Src/ssd1306.o
                0x0800125c                ssd1306_Reset
 *fill*         0x0800126a        0x2 
 .text.ssd1306_WriteCommand
                0x0800126c       0x30 ./Core/Src/ssd1306.o
                0x0800126c                ssd1306_WriteCommand
 .text.ssd1306_WriteData
                0x0800129c       0x34 ./Core/Src/ssd1306.o
                0x0800129c                ssd1306_WriteData
 .text.ssd1306_Init
                0x080012d0       0xd4 ./Core/Src/ssd1306.o
                0x080012d0                ssd1306_Init
 .text.ssd1306_Fill
                0x080013a4       0x30 ./Core/Src/ssd1306.o
                0x080013a4                ssd1306_Fill
 .text.ssd1306_UpdateScreen
                0x080013d4       0x50 ./Core/Src/ssd1306.o
                0x080013d4                ssd1306_UpdateScreen
 .text.ssd1306_DrawPixel
                0x08001424       0xa8 ./Core/Src/ssd1306.o
                0x08001424                ssd1306_DrawPixel
 .text.ssd1306_WriteChar
                0x080014cc      0x120 ./Core/Src/ssd1306.o
                0x080014cc                ssd1306_WriteChar
 .text.ssd1306_WriteString
                0x080015ec       0x4c ./Core/Src/ssd1306.o
                0x080015ec                ssd1306_WriteString
 .text.ssd1306_SetCursor
                0x08001638       0x30 ./Core/Src/ssd1306.o
                0x08001638                ssd1306_SetCursor
 .text.ssd1306_SetContrast
                0x08001668       0x26 ./Core/Src/ssd1306.o
                0x08001668                ssd1306_SetContrast
 *fill*         0x0800168e        0x2 
 .text.ssd1306_SetDisplayOn
                0x08001690       0x3c ./Core/Src/ssd1306.o
                0x08001690                ssd1306_SetDisplayOn
 .text.HAL_MspInit
                0x080016cc       0x50 ./Core/Src/stm32f7xx_hal_msp.o
                0x080016cc                HAL_MspInit
 .text.HAL_DAC_MspInit
                0x0800171c       0x80 ./Core/Src/stm32f7xx_hal_msp.o
                0x0800171c                HAL_DAC_MspInit
 .text.HAL_ETH_MspInit
                0x0800179c      0x170 ./Core/Src/stm32f7xx_hal_msp.o
                0x0800179c                HAL_ETH_MspInit
 .text.HAL_I2C_MspInit
                0x0800190c       0xbc ./Core/Src/stm32f7xx_hal_msp.o
                0x0800190c                HAL_I2C_MspInit
 .text.HAL_TIM_Base_MspInit
                0x080019c8       0x4c ./Core/Src/stm32f7xx_hal_msp.o
                0x080019c8                HAL_TIM_Base_MspInit
 .text.HAL_UART_MspInit
                0x08001a14       0xd0 ./Core/Src/stm32f7xx_hal_msp.o
                0x08001a14                HAL_UART_MspInit
 .text.HAL_PCD_MspInit
                0x08001ae4       0xf4 ./Core/Src/stm32f7xx_hal_msp.o
                0x08001ae4                HAL_PCD_MspInit
 .text.NMI_Handler
                0x08001bd8        0x8 ./Core/Src/stm32f7xx_it.o
                0x08001bd8                NMI_Handler
 .text.HardFault_Handler
                0x08001be0        0x8 ./Core/Src/stm32f7xx_it.o
                0x08001be0                HardFault_Handler
 .text.MemManage_Handler
                0x08001be8        0x8 ./Core/Src/stm32f7xx_it.o
                0x08001be8                MemManage_Handler
 .text.BusFault_Handler
                0x08001bf0        0x8 ./Core/Src/stm32f7xx_it.o
                0x08001bf0                BusFault_Handler
 .text.UsageFault_Handler
                0x08001bf8        0x8 ./Core/Src/stm32f7xx_it.o
                0x08001bf8                UsageFault_Handler
 .text.DebugMon_Handler
                0x08001c00        0xe ./Core/Src/stm32f7xx_it.o
                0x08001c00                DebugMon_Handler
 .text.SysTick_Handler
                0x08001c0e       0x1a ./Core/Src/stm32f7xx_it.o
                0x08001c0e                SysTick_Handler
 .text.TIM4_IRQHandler
                0x08001c28       0xd4 ./Core/Src/stm32f7xx_it.o
                0x08001c28                TIM4_IRQHandler
 .text.USART3_IRQHandler
                0x08001cfc       0x14 ./Core/Src/stm32f7xx_it.o
                0x08001cfc                USART3_IRQHandler
 .text._sbrk    0x08001d10       0x6c ./Core/Src/sysmem.o
                0x08001d10                _sbrk
 .text.SystemInit
                0x08001d7c       0x24 ./Core/Src/system_stm32f7xx.o
                0x08001d7c                SystemInit
 .text.Reset_Handler
                0x08001da0       0x50 ./Core/Startup/startup_stm32f767zitx.o
                0x08001da0                Reset_Handler
 .text.Default_Handler
                0x08001df0        0x2 ./Core/Startup/startup_stm32f767zitx.o
                0x08001df0                RTC_Alarm_IRQHandler
                0x08001df0                EXTI2_IRQHandler
                0x08001df0                TIM8_CC_IRQHandler
                0x08001df0                UART8_IRQHandler
                0x08001df0                SPI4_IRQHandler
                0x08001df0                TIM1_CC_IRQHandler
                0x08001df0                DMA2_Stream5_IRQHandler
                0x08001df0                JPEG_IRQHandler
                0x08001df0                DMA1_Stream5_IRQHandler
                0x08001df0                CAN3_RX1_IRQHandler
                0x08001df0                PVD_IRQHandler
                0x08001df0                TAMP_STAMP_IRQHandler
                0x08001df0                CAN2_RX1_IRQHandler
                0x08001df0                EXTI3_IRQHandler
                0x08001df0                TIM8_TRG_COM_TIM14_IRQHandler
                0x08001df0                DFSDM1_FLT1_IRQHandler
                0x08001df0                TIM1_UP_TIM10_IRQHandler
                0x08001df0                TIM8_UP_TIM13_IRQHandler
                0x08001df0                I2C3_ER_IRQHandler
                0x08001df0                DFSDM1_FLT2_IRQHandler
                0x08001df0                EXTI0_IRQHandler
                0x08001df0                I2C2_EV_IRQHandler
                0x08001df0                DMA1_Stream2_IRQHandler
                0x08001df0                CAN1_RX0_IRQHandler
                0x08001df0                FPU_IRQHandler
                0x08001df0                OTG_HS_WKUP_IRQHandler
                0x08001df0                CAN3_SCE_IRQHandler
                0x08001df0                LTDC_ER_IRQHandler
                0x08001df0                CAN2_SCE_IRQHandler
                0x08001df0                DMA2_Stream2_IRQHandler
                0x08001df0                SPI1_IRQHandler
                0x08001df0                TIM6_DAC_IRQHandler
                0x08001df0                TIM1_BRK_TIM9_IRQHandler
                0x08001df0                DCMI_IRQHandler
                0x08001df0                CAN2_RX0_IRQHandler
                0x08001df0                DMA2_Stream3_IRQHandler
                0x08001df0                SAI2_IRQHandler
                0x08001df0                DFSDM1_FLT3_IRQHandler
                0x08001df0                USART6_IRQHandler
                0x08001df0                CAN3_RX0_IRQHandler
                0x08001df0                CAN1_RX1_IRQHandler
                0x08001df0                UART5_IRQHandler
                0x08001df0                DMA2_Stream0_IRQHandler
                0x08001df0                QUADSPI_IRQHandler
                0x08001df0                I2C1_EV_IRQHandler
                0x08001df0                DMA1_Stream6_IRQHandler
                0x08001df0                DMA1_Stream1_IRQHandler
                0x08001df0                UART4_IRQHandler
                0x08001df0                TIM3_IRQHandler
                0x08001df0                RCC_IRQHandler
                0x08001df0                TIM8_BRK_TIM12_IRQHandler
                0x08001df0                Default_Handler
                0x08001df0                CEC_IRQHandler
                0x08001df0                EXTI15_10_IRQHandler
                0x08001df0                ADC_IRQHandler
                0x08001df0                DMA1_Stream7_IRQHandler
                0x08001df0                SPI5_IRQHandler
                0x08001df0                TIM7_IRQHandler
                0x08001df0                SDMMC1_IRQHandler
                0x08001df0                CAN2_TX_IRQHandler
                0x08001df0                TIM5_IRQHandler
                0x08001df0                DMA2_Stream7_IRQHandler
                0x08001df0                I2C3_EV_IRQHandler
                0x08001df0                EXTI9_5_IRQHandler
                0x08001df0                RTC_WKUP_IRQHandler
                0x08001df0                LTDC_IRQHandler
                0x08001df0                ETH_WKUP_IRQHandler
                0x08001df0                SPDIF_RX_IRQHandler
                0x08001df0                SPI2_IRQHandler
                0x08001df0                OTG_HS_EP1_IN_IRQHandler
                0x08001df0                DMA1_Stream0_IRQHandler
                0x08001df0                CAN1_TX_IRQHandler
                0x08001df0                EXTI4_IRQHandler
                0x08001df0                RNG_IRQHandler
                0x08001df0                ETH_IRQHandler
                0x08001df0                OTG_HS_EP1_OUT_IRQHandler
                0x08001df0                WWDG_IRQHandler
                0x08001df0                SPI6_IRQHandler
                0x08001df0                MDIOS_IRQHandler
                0x08001df0                I2C4_EV_IRQHandler
                0x08001df0                CAN3_TX_IRQHandler
                0x08001df0                TIM2_IRQHandler
                0x08001df0                OTG_FS_WKUP_IRQHandler
                0x08001df0                TIM1_TRG_COM_TIM11_IRQHandler
                0x08001df0                OTG_HS_IRQHandler
                0x08001df0                DMA2D_IRQHandler
                0x08001df0                EXTI1_IRQHandler
                0x08001df0                SDMMC2_IRQHandler
                0x08001df0                UART7_IRQHandler
                0x08001df0                USART2_IRQHandler
                0x08001df0                DFSDM1_FLT0_IRQHandler
                0x08001df0                I2C2_ER_IRQHandler
                0x08001df0                DMA2_Stream1_IRQHandler
                0x08001df0                CAN1_SCE_IRQHandler
                0x08001df0                FLASH_IRQHandler
                0x08001df0                DMA2_Stream4_IRQHandler
                0x08001df0                USART1_IRQHandler
                0x08001df0                OTG_FS_IRQHandler
                0x08001df0                SPI3_IRQHandler
                0x08001df0                DMA1_Stream4_IRQHandler
                0x08001df0                I2C1_ER_IRQHandler
                0x08001df0                FMC_IRQHandler
                0x08001df0                LPTIM1_IRQHandler
                0x08001df0                I2C4_ER_IRQHandler
                0x08001df0                DMA2_Stream6_IRQHandler
                0x08001df0                SAI1_IRQHandler
                0x08001df0                DMA1_Stream3_IRQHandler
 .text.HAL_Init
                0x08001df2       0x1a ./Drivers/STM32F7xx_HAL_Driver/Src/stm32f7xx_hal.o
                0x08001df2                HAL_Init
 .text.HAL_InitTick
                0x08001e0c       0x60 ./Drivers/STM32F7xx_HAL_Driver/Src/stm32f7xx_hal.o
                0x08001e0c                HAL_InitTick
 .text.HAL_IncTick
                0x08001e6c       0x28 ./Drivers/STM32F7xx_HAL_Driver/Src/stm32f7xx_hal.o
                0x08001e6c                HAL_IncTick
 .text.HAL_GetTick
                0x08001e94       0x18 ./Drivers/STM32F7xx_HAL_Driver/Src/stm32f7xx_hal.o
                0x08001e94                HAL_GetTick
 .text.HAL_Delay
                0x08001eac       0x48 ./Drivers/STM32F7xx_HAL_Driver/Src/stm32f7xx_hal.o
                0x08001eac                HAL_Delay
 .text.__NVIC_SetPriorityGrouping
                0x08001ef4       0x48 ./Drivers/STM32F7xx_HAL_Driver/Src/stm32f7xx_hal_cortex.o
 .text.__NVIC_GetPriorityGrouping
                0x08001f3c       0x1c ./Drivers/STM32F7xx_HAL_Driver/Src/stm32f7xx_hal_cortex.o
 .text.__NVIC_EnableIRQ
                0x08001f58       0x3c ./Drivers/STM32F7xx_HAL_Driver/Src/stm32f7xx_hal_cortex.o
 .text.__NVIC_SetPriority
                0x08001f94       0x54 ./Drivers/STM32F7xx_HAL_Driver/Src/stm32f7xx_hal_cortex.o
 .text.NVIC_EncodePriority
                0x08001fe8       0x66 ./Drivers/STM32F7xx_HAL_Driver/Src/stm32f7xx_hal_cortex.o
 *fill*         0x0800204e        0x2 
 .text.SysTick_Config
                0x08002050       0x44 ./Drivers/STM32F7xx_HAL_Driver/Src/stm32f7xx_hal_cortex.o
 .text.HAL_NVIC_SetPriorityGrouping
                0x08002094       0x16 ./Drivers/STM32F7xx_HAL_Driver/Src/stm32f7xx_hal_cortex.o
                0x08002094                HAL_NVIC_SetPriorityGrouping
 .text.HAL_NVIC_SetPriority
                0x080020aa       0x38 ./Drivers/STM32F7xx_HAL_Driver/Src/stm32f7xx_hal_cortex.o
                0x080020aa                HAL_NVIC_SetPriority
 .text.HAL_NVIC_EnableIRQ
                0x080020e2       0x1c ./Drivers/STM32F7xx_HAL_Driver/Src/stm32f7xx_hal_cortex.o
                0x080020e2                HAL_NVIC_EnableIRQ
 .text.HAL_SYSTICK_Config
                0x080020fe       0x18 ./Drivers/STM32F7xx_HAL_Driver/Src/stm32f7xx_hal_cortex.o
                0x080020fe                HAL_SYSTICK_Config
 .text.HAL_DAC_Init
                0x08002116       0x44 ./Drivers/STM32F7xx_HAL_Driver/Src/stm32f7xx_hal_dac.o
                0x08002116                HAL_DAC_Init
 .text.HAL_DAC_Start
                0x0800215a       0xae ./Drivers/STM32F7xx_HAL_Driver/Src/stm32f7xx_hal_dac.o
                0x0800215a                HAL_DAC_Start
 .text.HAL_DAC_Stop
                0x08002208       0x44 ./Drivers/STM32F7xx_HAL_Driver/Src/stm32f7xx_hal_dac.o
                0x08002208                HAL_DAC_Stop
 .text.HAL_DAC_SetValue
                0x0800224c       0x54 ./Drivers/STM32F7xx_HAL_Driver/Src/stm32f7xx_hal_dac.o
                0x0800224c                HAL_DAC_SetValue
 .text.HAL_DAC_ConfigChannel
                0x080022a0       0xb2 ./Drivers/STM32F7xx_HAL_Driver/Src/stm32f7xx_hal_dac.o
                0x080022a0                HAL_DAC_ConfigChannel
 .text.HAL_DMA_Abort
                0x08002352       0xe0 ./Drivers/STM32F7xx_HAL_Driver/Src/stm32f7xx_hal_dma.o
                0x08002352                HAL_DMA_Abort
 .text.HAL_DMA_Abort_IT
                0x08002432       0x44 ./Drivers/STM32F7xx_HAL_Driver/Src/stm32f7xx_hal_dma.o
                0x08002432                HAL_DMA_Abort_IT
 *fill*         0x08002476        0x2 
 .text.HAL_ETH_Init
                0x08002478      0x134 ./Drivers/STM32F7xx_HAL_Driver/Src/stm32f7xx_hal_eth.o
                0x08002478                HAL_ETH_Init
 .text.ETH_SetMACConfig
                0x080025ac      0x168 ./Drivers/STM32F7xx_HAL_Driver/Src/stm32f7xx_hal_eth.o
 .text.ETH_SetDMAConfig
                0x08002714      0x114 ./Drivers/STM32F7xx_HAL_Driver/Src/stm32f7xx_hal_eth.o
 .text.ETH_MACDMAConfig
                0x08002828       0xea ./Drivers/STM32F7xx_HAL_Driver/Src/stm32f7xx_hal_eth.o
 *fill*         0x08002912        0x2 
 .text.ETH_MACAddressConfig
                0x08002914       0x70 ./Drivers/STM32F7xx_HAL_Driver/Src/stm32f7xx_hal_eth.o
 .text.ETH_DMATxDescListInit
                0x08002984       0xb2 ./Drivers/STM32F7xx_HAL_Driver/Src/stm32f7xx_hal_eth.o
 .text.ETH_DMARxDescListInit
                0x08002a36       0xde ./Drivers/STM32F7xx_HAL_Driver/Src/stm32f7xx_hal_eth.o
 .text.HAL_GPIO_Init
                0x08002b14      0x358 ./Drivers/STM32F7xx_HAL_Driver/Src/stm32f7xx_hal_gpio.o
                0x08002b14                HAL_GPIO_Init
 .text.HAL_GPIO_ReadPin
                0x08002e6c       0x30 ./Drivers/STM32F7xx_HAL_Driver/Src/stm32f7xx_hal_gpio.o
                0x08002e6c                HAL_GPIO_ReadPin
 .text.HAL_GPIO_WritePin
                0x08002e9c       0x32 ./Drivers/STM32F7xx_HAL_Driver/Src/stm32f7xx_hal_gpio.o
                0x08002e9c                HAL_GPIO_WritePin
 *fill*         0x08002ece        0x2 
 .text.HAL_I2C_Init
                0x08002ed0      0x138 ./Drivers/STM32F7xx_HAL_Driver/Src/stm32f7xx_hal_i2c.o
                0x08002ed0                HAL_I2C_Init
 .text.HAL_I2C_Mem_Write
                0x08003008      0x228 ./Drivers/STM32F7xx_HAL_Driver/Src/stm32f7xx_hal_i2c.o
                0x08003008                HAL_I2C_Mem_Write
 .text.I2C_RequestMemoryWrite
                0x08003230       0xa8 ./Drivers/STM32F7xx_HAL_Driver/Src/stm32f7xx_hal_i2c.o
 .text.I2C_Flush_TXDR
                0x080032d8       0x48 ./Drivers/STM32F7xx_HAL_Driver/Src/stm32f7xx_hal_i2c.o
 .text.I2C_WaitOnFlagUntilTimeout
                0x08003320       0xb2 ./Drivers/STM32F7xx_HAL_Driver/Src/stm32f7xx_hal_i2c.o
 .text.I2C_WaitOnTXISFlagUntilTimeout
                0x080033d2       0x8e ./Drivers/STM32F7xx_HAL_Driver/Src/stm32f7xx_hal_i2c.o
 .text.I2C_WaitOnSTOPFlagUntilTimeout
                0x08003460       0x86 ./Drivers/STM32F7xx_HAL_Driver/Src/stm32f7xx_hal_i2c.o
 *fill*         0x080034e6        0x2 
 .text.I2C_IsErrorOccurred
                0x080034e8      0x1c0 ./Drivers/STM32F7xx_HAL_Driver/Src/stm32f7xx_hal_i2c.o
 .text.I2C_TransferConfig
                0x080036a8       0x64 ./Drivers/STM32F7xx_HAL_Driver/Src/stm32f7xx_hal_i2c.o
 .text.HAL_I2CEx_ConfigAnalogFilter
                0x0800370c       0x96 ./Drivers/STM32F7xx_HAL_Driver/Src/stm32f7xx_hal_i2c_ex.o
                0x0800370c                HAL_I2CEx_ConfigAnalogFilter
 .text.HAL_I2CEx_ConfigDigitalFilter
                0x080037a2       0x98 ./Drivers/STM32F7xx_HAL_Driver/Src/stm32f7xx_hal_i2c_ex.o
                0x080037a2                HAL_I2CEx_ConfigDigitalFilter
 .text.HAL_PCD_Init
                0x0800383a      0x22c ./Drivers/STM32F7xx_HAL_Driver/Src/stm32f7xx_hal_pcd.o
                0x0800383a                HAL_PCD_Init
 *fill*         0x08003a66        0x2 
 .text.HAL_PCDEx_ActivateLPM
                0x08003a68       0x48 ./Drivers/STM32F7xx_HAL_Driver/Src/stm32f7xx_hal_pcd_ex.o
                0x08003a68                HAL_PCDEx_ActivateLPM
 .text.HAL_PWR_EnableBkUpAccess
                0x08003ab0       0x20 ./Drivers/STM32F7xx_HAL_Driver/Src/stm32f7xx_hal_pwr.o
                0x08003ab0                HAL_PWR_EnableBkUpAccess
 .text.HAL_PWREx_EnableOverDrive
                0x08003ad0       0xa0 ./Drivers/STM32F7xx_HAL_Driver/Src/stm32f7xx_hal_pwr_ex.o
                0x08003ad0                HAL_PWREx_EnableOverDrive
 .text.HAL_RCC_OscConfig
                0x08003b70      0x55c ./Drivers/STM32F7xx_HAL_Driver/Src/stm32f7xx_hal_rcc.o
                0x08003b70                HAL_RCC_OscConfig
 .text.HAL_RCC_ClockConfig
                0x080040cc      0x1d8 ./Drivers/STM32F7xx_HAL_Driver/Src/stm32f7xx_hal_rcc.o
                0x080040cc                HAL_RCC_ClockConfig
 .text.HAL_RCC_GetSysClockFreq
                0x080042a4      0x20c ./Drivers/STM32F7xx_HAL_Driver/Src/stm32f7xx_hal_rcc.o
                0x080042a4                HAL_RCC_GetSysClockFreq
 .text.HAL_RCC_GetHCLKFreq
                0x080044b0       0x18 ./Drivers/STM32F7xx_HAL_Driver/Src/stm32f7xx_hal_rcc.o
                0x080044b0                HAL_RCC_GetHCLKFreq
 .text.HAL_RCC_GetPCLK1Freq
                0x080044c8       0x28 ./Drivers/STM32F7xx_HAL_Driver/Src/stm32f7xx_hal_rcc.o
                0x080044c8                HAL_RCC_GetPCLK1Freq
 .text.HAL_RCC_GetPCLK2Freq
                0x080044f0       0x28 ./Drivers/STM32F7xx_HAL_Driver/Src/stm32f7xx_hal_rcc.o
                0x080044f0                HAL_RCC_GetPCLK2Freq
 .text.HAL_RCCEx_PeriphCLKConfig
                0x08004518      0x850 ./Drivers/STM32F7xx_HAL_Driver/Src/stm32f7xx_hal_rcc_ex.o
                0x08004518                HAL_RCCEx_PeriphCLKConfig
 .text.HAL_TIM_Base_Init
                0x08004d68       0xae ./Drivers/STM32F7xx_HAL_Driver/Src/stm32f7xx_hal_tim.o
                0x08004d68                HAL_TIM_Base_Init
 *fill*         0x08004e16        0x2 
 .text.HAL_TIM_Base_Start_IT
                0x08004e18       0xf0 ./Drivers/STM32F7xx_HAL_Driver/Src/stm32f7xx_hal_tim.o
                0x08004e18                HAL_TIM_Base_Start_IT
 .text.HAL_TIM_Base_Stop_IT
                0x08004f08       0x5e ./Drivers/STM32F7xx_HAL_Driver/Src/stm32f7xx_hal_tim.o
                0x08004f08                HAL_TIM_Base_Stop_IT
 .text.HAL_TIM_IRQHandler
                0x08004f66      0x20e ./Drivers/STM32F7xx_HAL_Driver/Src/stm32f7xx_hal_tim.o
                0x08004f66                HAL_TIM_IRQHandler
 .text.HAL_TIM_ConfigClockSource
                0x08005174      0x194 ./Drivers/STM32F7xx_HAL_Driver/Src/stm32f7xx_hal_tim.o
                0x08005174                HAL_TIM_ConfigClockSource
 .text.HAL_TIM_PeriodElapsedCallback
                0x08005308       0x14 ./Drivers/STM32F7xx_HAL_Driver/Src/stm32f7xx_hal_tim.o
                0x08005308                HAL_TIM_PeriodElapsedCallback
 .text.HAL_TIM_OC_DelayElapsedCallback
                0x0800531c       0x14 ./Drivers/STM32F7xx_HAL_Driver/Src/stm32f7xx_hal_tim.o
                0x0800531c                HAL_TIM_OC_DelayElapsedCallback
 .text.HAL_TIM_IC_CaptureCallback
                0x08005330       0x14 ./Drivers/STM32F7xx_HAL_Driver/Src/stm32f7xx_hal_tim.o
                0x08005330                HAL_TIM_IC_CaptureCallback
 .text.HAL_TIM_PWM_PulseFinishedCallback
                0x08005344       0x14 ./Drivers/STM32F7xx_HAL_Driver/Src/stm32f7xx_hal_tim.o
                0x08005344                HAL_TIM_PWM_PulseFinishedCallback
 .text.HAL_TIM_TriggerCallback
                0x08005358       0x14 ./Drivers/STM32F7xx_HAL_Driver/Src/stm32f7xx_hal_tim.o
                0x08005358                HAL_TIM_TriggerCallback
 .text.TIM_Base_SetConfig
                0x0800536c      0x158 ./Drivers/STM32F7xx_HAL_Driver/Src/stm32f7xx_hal_tim.o
                0x0800536c                TIM_Base_SetConfig
 .text.TIM_TI1_ConfigInputStage
                0x080054c4       0x5e ./Drivers/STM32F7xx_HAL_Driver/Src/stm32f7xx_hal_tim.o
 .text.TIM_TI2_ConfigInputStage
                0x08005522       0x60 ./Drivers/STM32F7xx_HAL_Driver/Src/stm32f7xx_hal_tim.o
 .text.TIM_ITRx_SetConfig
                0x08005582       0x36 ./Drivers/STM32F7xx_HAL_Driver/Src/stm32f7xx_hal_tim.o
 .text.TIM_ETR_SetConfig
                0x080055b8       0x40 ./Drivers/STM32F7xx_HAL_Driver/Src/stm32f7xx_hal_tim.o
                0x080055b8                TIM_ETR_SetConfig
 .text.HAL_TIMEx_MasterConfigSynchronization
                0x080055f8      0x11c ./Drivers/STM32F7xx_HAL_Driver/Src/stm32f7xx_hal_tim_ex.o
                0x080055f8                HAL_TIMEx_MasterConfigSynchronization
 .text.HAL_TIMEx_CommutCallback
                0x08005714       0x14 ./Drivers/STM32F7xx_HAL_Driver/Src/stm32f7xx_hal_tim_ex.o
                0x08005714                HAL_TIMEx_CommutCallback
 .text.HAL_TIMEx_BreakCallback
                0x08005728       0x14 ./Drivers/STM32F7xx_HAL_Driver/Src/stm32f7xx_hal_tim_ex.o
                0x08005728                HAL_TIMEx_BreakCallback
 .text.HAL_TIMEx_Break2Callback
                0x0800573c       0x14 ./Drivers/STM32F7xx_HAL_Driver/Src/stm32f7xx_hal_tim_ex.o
                0x0800573c                HAL_TIMEx_Break2Callback
 .text.HAL_UART_Init
                0x08005750       0x9c ./Drivers/STM32F7xx_HAL_Driver/Src/stm32f7xx_hal_uart.o
                0x08005750                HAL_UART_Init
 .text.HAL_UART_Transmit
                0x080057ec      0x112 ./Drivers/STM32F7xx_HAL_Driver/Src/stm32f7xx_hal_uart.o
                0x080057ec                HAL_UART_Transmit
 .text.HAL_UART_Receive_IT
                0x080058fe       0x88 ./Drivers/STM32F7xx_HAL_Driver/Src/stm32f7xx_hal_uart.o
                0x080058fe                HAL_UART_Receive_IT
 *fill*         0x08005986        0x2 
 .text.HAL_UART_IRQHandler
                0x08005988      0x5d0 ./Drivers/STM32F7xx_HAL_Driver/Src/stm32f7xx_hal_uart.o
                0x08005988                HAL_UART_IRQHandler
 .text.HAL_UART_TxCpltCallback
                0x08005f58       0x14 ./Drivers/STM32F7xx_HAL_Driver/Src/stm32f7xx_hal_uart.o
                0x08005f58                HAL_UART_TxCpltCallback
 .text.HAL_UART_ErrorCallback
                0x08005f6c       0x14 ./Drivers/STM32F7xx_HAL_Driver/Src/stm32f7xx_hal_uart.o
                0x08005f6c                HAL_UART_ErrorCallback
 .text.HAL_UARTEx_RxEventCallback
                0x08005f80       0x18 ./Drivers/STM32F7xx_HAL_Driver/Src/stm32f7xx_hal_uart.o
                0x08005f80                HAL_UARTEx_RxEventCallback
 .text.HAL_UARTEx_WakeupCallback
                0x08005f98       0x14 ./Drivers/STM32F7xx_HAL_Driver/Src/stm32f7xx_hal_uart.o
                0x08005f98                HAL_UARTEx_WakeupCallback
 .text.UART_SetConfig
                0x08005fac      0x4c8 ./Drivers/STM32F7xx_HAL_Driver/Src/stm32f7xx_hal_uart.o
                0x08005fac                UART_SetConfig
 .text.UART_AdvFeatureConfig
                0x08006474      0x144 ./Drivers/STM32F7xx_HAL_Driver/Src/stm32f7xx_hal_uart.o
                0x08006474                UART_AdvFeatureConfig
 .text.UART_CheckIdleState
                0x080065b8      0x150 ./Drivers/STM32F7xx_HAL_Driver/Src/stm32f7xx_hal_uart.o
                0x080065b8                UART_CheckIdleState
 .text.UART_WaitOnFlagUntilTimeout
                0x08006708       0xda ./Drivers/STM32F7xx_HAL_Driver/Src/stm32f7xx_hal_uart.o
                0x08006708                UART_WaitOnFlagUntilTimeout
 *fill*         0x080067e2        0x2 
 .text.UART_Start_Receive_IT
                0x080067e4      0x18c ./Drivers/STM32F7xx_HAL_Driver/Src/stm32f7xx_hal_uart.o
                0x080067e4                UART_Start_Receive_IT
 .text.UART_EndRxTransfer
                0x08006970       0xc8 ./Drivers/STM32F7xx_HAL_Driver/Src/stm32f7xx_hal_uart.o
 .text.UART_DMAAbortOnError
                0x08006a38       0x2c ./Drivers/STM32F7xx_HAL_Driver/Src/stm32f7xx_hal_uart.o
 .text.UART_EndTransmit_IT
                0x08006a64       0x54 ./Drivers/STM32F7xx_HAL_Driver/Src/stm32f7xx_hal_uart.o
 .text.UART_RxISR_8BIT
                0x08006ab8      0x1a8 ./Drivers/STM32F7xx_HAL_Driver/Src/stm32f7xx_hal_uart.o
 .text.UART_RxISR_16BIT
                0x08006c60      0x1a8 ./Drivers/STM32F7xx_HAL_Driver/Src/stm32f7xx_hal_uart.o
 .text.USB_CoreInit
                0x08006e08       0xb4 ./Drivers/STM32F7xx_HAL_Driver/Src/stm32f7xx_ll_usb.o
                0x08006e08                USB_CoreInit
 .text.USB_DisableGlobalInt
                0x08006ebc       0x22 ./Drivers/STM32F7xx_HAL_Driver/Src/stm32f7xx_ll_usb.o
                0x08006ebc                USB_DisableGlobalInt
 .text.USB_SetCurrentMode
                0x08006ede       0x98 ./Drivers/STM32F7xx_HAL_Driver/Src/stm32f7xx_ll_usb.o
                0x08006ede                USB_SetCurrentMode
 *fill*         0x08006f76        0x2 
 .text.USB_DevInit
                0x08006f78      0x2bc ./Drivers/STM32F7xx_HAL_Driver/Src/stm32f7xx_ll_usb.o
                0x08006f78                USB_DevInit
 .text.USB_FlushTxFifo
                0x08007234       0x64 ./Drivers/STM32F7xx_HAL_Driver/Src/stm32f7xx_ll_usb.o
                0x08007234                USB_FlushTxFifo
 .text.USB_FlushRxFifo
                0x08007298       0x5c ./Drivers/STM32F7xx_HAL_Driver/Src/stm32f7xx_ll_usb.o
                0x08007298                USB_FlushRxFifo
 .text.USB_SetDevSpeed
                0x080072f4       0x32 ./Drivers/STM32F7xx_HAL_Driver/Src/stm32f7xx_ll_usb.o
                0x080072f4                USB_SetDevSpeed
 .text.USB_DevDisconnect
                0x08007326       0x42 ./Drivers/STM32F7xx_HAL_Driver/Src/stm32f7xx_ll_usb.o
                0x08007326                USB_DevDisconnect
 .text.USB_GetMode
                0x08007368       0x1c ./Drivers/STM32F7xx_HAL_Driver/Src/stm32f7xx_ll_usb.o
                0x08007368                USB_GetMode
 .text.USB_CoreReset
                0x08007384       0x62 ./Drivers/STM32F7xx_HAL_Driver/Src/stm32f7xx_ll_usb.o
 .text.SVC_Setup
                0x080073e6        0xe ./Middlewares/Third_Party/FreeRTOS/Source/CMSIS_RTOS_V2/cmsis_os2.o
 .text.osKernelInitialize
                0x080073f4       0x68 ./Middlewares/Third_Party/FreeRTOS/Source/CMSIS_RTOS_V2/cmsis_os2.o
                0x080073f4                osKernelInitialize
 .text.osKernelStart
                0x0800745c       0x6c ./Middlewares/Third_Party/FreeRTOS/Source/CMSIS_RTOS_V2/cmsis_os2.o
                0x0800745c                osKernelStart
 .text.osThreadNew
                0x080074c8      0x14c ./Middlewares/Third_Party/FreeRTOS/Source/CMSIS_RTOS_V2/cmsis_os2.o
                0x080074c8                osThreadNew
 .text.osDelay  0x08007614       0x5c ./Middlewares/Third_Party/FreeRTOS/Source/CMSIS_RTOS_V2/cmsis_os2.o
                0x08007614                osDelay
 .text.vApplicationGetIdleTaskMemory
                0x08007670       0x34 ./Middlewares/Third_Party/FreeRTOS/Source/CMSIS_RTOS_V2/cmsis_os2.o
                0x08007670                vApplicationGetIdleTaskMemory
 .text.vApplicationGetTimerTaskMemory
                0x080076a4       0x34 ./Middlewares/Third_Party/FreeRTOS/Source/CMSIS_RTOS_V2/cmsis_os2.o
                0x080076a4                vApplicationGetTimerTaskMemory
 .text.vListInitialise
                0x080076d8       0x40 ./Middlewares/Third_Party/FreeRTOS/Source/list.o
                0x080076d8                vListInitialise
 .text.vListInitialiseItem
                0x08007718       0x1a ./Middlewares/Third_Party/FreeRTOS/Source/list.o
                0x08007718                vListInitialiseItem
 .text.vListInsertEnd
                0x08007732       0x48 ./Middlewares/Third_Party/FreeRTOS/Source/list.o
                0x08007732                vListInsertEnd
 .text.vListInsert
                0x0800777a       0x72 ./Middlewares/Third_Party/FreeRTOS/Source/list.o
                0x0800777a                vListInsert
 .text.uxListRemove
                0x080077ec       0x54 ./Middlewares/Third_Party/FreeRTOS/Source/list.o
                0x080077ec                uxListRemove
 .text.xQueueGenericReset
                0x08007840       0xd8 ./Middlewares/Third_Party/FreeRTOS/Source/queue.o
                0x08007840                xQueueGenericReset
 .text.xQueueGenericCreateStatic
                0x08007918      0x10e ./Middlewares/Third_Party/FreeRTOS/Source/queue.o
                0x08007918                xQueueGenericCreateStatic
 .text.xQueueGenericCreate
                0x08007a26       0x86 ./Middlewares/Third_Party/FreeRTOS/Source/queue.o
                0x08007a26                xQueueGenericCreate
 .text.prvInitialiseNewQueue
                0x08007aac       0x46 ./Middlewares/Third_Party/FreeRTOS/Source/queue.o
 *fill*         0x08007af2        0x2 
 .text.xQueueGenericSend
                0x08007af4      0x214 ./Middlewares/Third_Party/FreeRTOS/Source/queue.o
                0x08007af4                xQueueGenericSend
 .text.xQueueGenericSendFromISR
                0x08007d08      0x146 ./Middlewares/Third_Party/FreeRTOS/Source/queue.o
                0x08007d08                xQueueGenericSendFromISR
 *fill*         0x08007e4e        0x2 
 .text.xQueueReceive
                0x08007e50      0x1d0 ./Middlewares/Third_Party/FreeRTOS/Source/queue.o
                0x08007e50                xQueueReceive
 .text.prvCopyDataToQueue
                0x08008020       0xd4 ./Middlewares/Third_Party/FreeRTOS/Source/queue.o
 .text.prvCopyDataFromQueue
                0x080080f4       0x4c ./Middlewares/Third_Party/FreeRTOS/Source/queue.o
 .text.prvUnlockQueue
                0x08008140       0xa4 ./Middlewares/Third_Party/FreeRTOS/Source/queue.o
 .text.prvIsQueueEmpty
                0x080081e4       0x2c ./Middlewares/Third_Party/FreeRTOS/Source/queue.o
 .text.prvIsQueueFull
                0x08008210       0x30 ./Middlewares/Third_Party/FreeRTOS/Source/queue.o
 .text.vQueueAddToRegistry
                0x08008240       0x54 ./Middlewares/Third_Party/FreeRTOS/Source/queue.o
                0x08008240                vQueueAddToRegistry
 .text.vQueueWaitForMessageRestricted
                0x08008294       0x68 ./Middlewares/Third_Party/FreeRTOS/Source/queue.o
                0x08008294                vQueueWaitForMessageRestricted
 .text.xTaskCreateStatic
                0x080082fc       0xcc ./Middlewares/Third_Party/FreeRTOS/Source/tasks.o
                0x080082fc                xTaskCreateStatic
 .text.xTaskCreate
                0x080083c8       0x8a ./Middlewares/Third_Party/FreeRTOS/Source/tasks.o
                0x080083c8                xTaskCreate
 .text.prvInitialiseNewTask
                0x08008452      0x124 ./Middlewares/Third_Party/FreeRTOS/Source/tasks.o
 *fill*         0x08008576        0x2 
 .text.prvAddNewTaskToReadyList
                0x08008578       0xe0 ./Middlewares/Third_Party/FreeRTOS/Source/tasks.o
 .text.vTaskDelay
                0x08008658       0x70 ./Middlewares/Third_Party/FreeRTOS/Source/tasks.o
                0x08008658                vTaskDelay
 .text.vTaskStartScheduler
                0x080086c8       0xd8 ./Middlewares/Third_Party/FreeRTOS/Source/tasks.o
                0x080086c8                vTaskStartScheduler
 .text.vTaskSuspendAll
                0x080087a0       0x1c ./Middlewares/Third_Party/FreeRTOS/Source/tasks.o
                0x080087a0                vTaskSuspendAll
 .text.xTaskResumeAll
                0x080087bc      0x140 ./Middlewares/Third_Party/FreeRTOS/Source/tasks.o
                0x080087bc                xTaskResumeAll
 .text.xTaskGetTickCount
                0x080088fc       0x20 ./Middlewares/Third_Party/FreeRTOS/Source/tasks.o
                0x080088fc                xTaskGetTickCount
 .text.xTaskIncrementTick
                0x0800891c      0x178 ./Middlewares/Third_Party/FreeRTOS/Source/tasks.o
                0x0800891c                xTaskIncrementTick
 .text.vTaskSwitchContext
                0x08008a94       0xc0 ./Middlewares/Third_Party/FreeRTOS/Source/tasks.o
                0x08008a94                vTaskSwitchContext
 .text.vTaskPlaceOnEventList
                0x08008b54       0x50 ./Middlewares/Third_Party/FreeRTOS/Source/tasks.o
                0x08008b54                vTaskPlaceOnEventList
 .text.vTaskPlaceOnEventListRestricted
                0x08008ba4       0x5c ./Middlewares/Third_Party/FreeRTOS/Source/tasks.o
                0x08008ba4                vTaskPlaceOnEventListRestricted
 .text.xTaskRemoveFromEventList
                0x08008c00       0xcc ./Middlewares/Third_Party/FreeRTOS/Source/tasks.o
                0x08008c00                xTaskRemoveFromEventList
 .text.vTaskInternalSetTimeOutState
                0x08008ccc       0x2c ./Middlewares/Third_Party/FreeRTOS/Source/tasks.o
                0x08008ccc                vTaskInternalSetTimeOutState
 .text.xTaskCheckForTimeOut
                0x08008cf8       0xd0 ./Middlewares/Third_Party/FreeRTOS/Source/tasks.o
                0x08008cf8                xTaskCheckForTimeOut
 .text.vTaskMissedYield
                0x08008dc8       0x18 ./Middlewares/Third_Party/FreeRTOS/Source/tasks.o
                0x08008dc8                vTaskMissedYield
 .text.prvIdleTask
                0x08008de0       0x30 ./Middlewares/Third_Party/FreeRTOS/Source/tasks.o
 .text.prvInitialiseTaskLists
                0x08008e10       0x80 ./Middlewares/Third_Party/FreeRTOS/Source/tasks.o
 .text.prvCheckTasksWaitingTermination
                0x08008e90       0x5c ./Middlewares/Third_Party/FreeRTOS/Source/tasks.o
 .text.prvDeleteTCB
                0x08008eec       0x64 ./Middlewares/Third_Party/FreeRTOS/Source/tasks.o
 .text.prvResetNextTaskUnblockTime
                0x08008f50       0x40 ./Middlewares/Third_Party/FreeRTOS/Source/tasks.o
 .text.xTaskGetSchedulerState
                0x08008f90       0x3c ./Middlewares/Third_Party/FreeRTOS/Source/tasks.o
                0x08008f90                xTaskGetSchedulerState
 .text.xTaskPriorityDisinherit
                0x08008fcc       0xe8 ./Middlewares/Third_Party/FreeRTOS/Source/tasks.o
                0x08008fcc                xTaskPriorityDisinherit
 .text.prvAddCurrentTaskToDelayedList
                0x080090b4       0xa8 ./Middlewares/Third_Party/FreeRTOS/Source/tasks.o
 .text.xTimerCreateTimerTask
                0x0800915c       0x98 ./Middlewares/Third_Party/FreeRTOS/Source/timers.o
                0x0800915c                xTimerCreateTimerTask
 .text.xTimerGenericCommand
                0x080091f4       0xa0 ./Middlewares/Third_Party/FreeRTOS/Source/timers.o
                0x080091f4                xTimerGenericCommand
 .text.prvProcessExpiredTimer
                0x08009294       0xa0 ./Middlewares/Third_Party/FreeRTOS/Source/timers.o
 .text.prvTimerTask
                0x08009334       0x26 ./Middlewares/Third_Party/FreeRTOS/Source/timers.o
 *fill*         0x0800935a        0x2 
 .text.prvProcessTimerOrBlockTask
                0x0800935c       0x9c ./Middlewares/Third_Party/FreeRTOS/Source/timers.o
 .text.prvGetNextExpireTime
                0x080093f8       0x48 ./Middlewares/Third_Party/FreeRTOS/Source/timers.o
 .text.prvSampleTimeNow
                0x08009440       0x40 ./Middlewares/Third_Party/FreeRTOS/Source/timers.o
 .text.prvInsertTimerInActiveList
                0x08009480       0x84 ./Middlewares/Third_Party/FreeRTOS/Source/timers.o
 .text.prvProcessReceivedCommands
                0x08009504      0x1d8 ./Middlewares/Third_Party/FreeRTOS/Source/timers.o
 .text.prvSwitchTimerLists
                0x080096dc       0xd0 ./Middlewares/Third_Party/FreeRTOS/Source/timers.o
 .text.prvCheckForValidListAndQueue
                0x080097ac       0x80 ./Middlewares/Third_Party/FreeRTOS/Source/timers.o
 .text.pxPortInitialiseStack
                0x0800982c       0x68 ./Middlewares/Third_Party/FreeRTOS/Source/portable/GCC/ARM_CM7/r0p1/port.o
                0x0800982c                pxPortInitialiseStack
 .text.prvTaskExitError
                0x08009894       0x64 ./Middlewares/Third_Party/FreeRTOS/Source/portable/GCC/ARM_CM7/r0p1/port.o
 *fill*         0x080098f8        0x8 
 .text.SVC_Handler
                0x08009900       0x28 ./Middlewares/Third_Party/FreeRTOS/Source/portable/GCC/ARM_CM7/r0p1/port.o
                0x08009900                SVC_Handler
 .text.prvPortStartFirstTask
                0x08009928       0x28 ./Middlewares/Third_Party/FreeRTOS/Source/portable/GCC/ARM_CM7/r0p1/port.o
 .text.xPortStartScheduler
                0x08009950       0xfc ./Middlewares/Third_Party/FreeRTOS/Source/portable/GCC/ARM_CM7/r0p1/port.o
                0x08009950                xPortStartScheduler
 .text.vPortEnterCritical
                0x08009a4c       0x6c ./Middlewares/Third_Party/FreeRTOS/Source/portable/GCC/ARM_CM7/r0p1/port.o
                0x08009a4c                vPortEnterCritical
 .text.vPortExitCritical
                0x08009ab8       0x58 ./Middlewares/Third_Party/FreeRTOS/Source/portable/GCC/ARM_CM7/r0p1/port.o
                0x08009ab8                vPortExitCritical
 .text.PendSV_Handler
                0x08009b10       0x68 ./Middlewares/Third_Party/FreeRTOS/Source/portable/GCC/ARM_CM7/r0p1/port.o
                0x08009b10                PendSV_Handler
 .text.xPortSysTickHandler
                0x08009b78       0x48 ./Middlewares/Third_Party/FreeRTOS/Source/portable/GCC/ARM_CM7/r0p1/port.o
                0x08009b78                xPortSysTickHandler
 .text.vPortSetupTimerInterrupt
                0x08009bc0       0x48 ./Middlewares/Third_Party/FreeRTOS/Source/portable/GCC/ARM_CM7/r0p1/port.o
                0x08009bc0                vPortSetupTimerInterrupt
 .text.vPortEnableVFP
                0x08009c08       0x14 ./Middlewares/Third_Party/FreeRTOS/Source/portable/GCC/ARM_CM7/r0p1/port.o
 .text.vPortValidateInterruptPriority
                0x08009c1c       0x8c ./Middlewares/Third_Party/FreeRTOS/Source/portable/GCC/ARM_CM7/r0p1/port.o
                0x08009c1c                vPortValidateInterruptPriority
 .text.pvPortMalloc
                0x08009ca8      0x19c ./Middlewares/Third_Party/FreeRTOS/Source/portable/MemMang/heap_4.o
                0x08009ca8                pvPortMalloc
 .text.vPortFree
                0x08009e44       0xc0 ./Middlewares/Third_Party/FreeRTOS/Source/portable/MemMang/heap_4.o
                0x08009e44                vPortFree
 .text.prvHeapInit
                0x08009f04       0xc4 ./Middlewares/Third_Party/FreeRTOS/Source/portable/MemMang/heap_4.o
 .text.prvInsertBlockIntoFreeList
                0x08009fc8       0xb4 ./Middlewares/Third_Party/FreeRTOS/Source/portable/MemMang/heap_4.o
 .text.ai_log_err
                0x0800a07c       0x44 ./X-CUBE-AI/App/app_x-cube-ai.o
 .text.ai_boostrap
                0x0800a0c0       0xc8 ./X-CUBE-AI/App/app_x-cube-ai.o
 .text.ai_run   0x0800a188       0x54 ./X-CUBE-AI/App/app_x-cube-ai.o
 .text.acquire_and_process_data
                0x0800a1dc       0x58 ./X-CUBE-AI/App/app_x-cube-ai.o
                0x0800a1dc                acquire_and_process_data
 .text.post_process
                0x0800a234       0xac ./X-CUBE-AI/App/app_x-cube-ai.o
                0x0800a234                post_process
 .text.MX_X_CUBE_AI_Init
                0x0800a2e0       0x14 ./X-CUBE-AI/App/app_x-cube-ai.o
                0x0800a2e0                MX_X_CUBE_AI_Init
 .text.MX_X_CUBE_AI_Process
                0x0800a2f4       0x6c ./X-CUBE-AI/App/app_x-cube-ai.o
                0x0800a2f4                MX_X_CUBE_AI_Process
 .text.network_configure_activations
                0x0800a360      0x188 ./X-CUBE-AI/App/network.o
 .text.network_configure_weights
                0x0800a4e8      0x174 ./X-CUBE-AI/App/network.o
 .text.ai_network_get_error
                0x0800a65c       0x18 ./X-CUBE-AI/App/network.o
                0x0800a65c                ai_network_get_error
 .text.ai_network_create
                0x0800a674       0x2c ./X-CUBE-AI/App/network.o
                0x0800a674                ai_network_create
 .text.ai_network_create_and_init
                0x0800a6a0       0xfc ./X-CUBE-AI/App/network.o
                0x0800a6a0                ai_network_create_and_init
 .text.ai_network_inputs_get
                0x0800a79c       0x34 ./X-CUBE-AI/App/network.o
                0x0800a79c                ai_network_inputs_get
 .text.ai_network_outputs_get
                0x0800a7d0       0x34 ./X-CUBE-AI/App/network.o
                0x0800a7d0                ai_network_outputs_get
 .text.ai_network_init
                0x0800a804       0x78 ./X-CUBE-AI/App/network.o
                0x0800a804                ai_network_init
 .text.ai_network_run
                0x0800a87c       0x20 ./X-CUBE-AI/App/network.o
                0x0800a87c                ai_network_run
 .text.ai_network_data_params_get
                0x0800a89c       0x50 ./X-CUBE-AI/App/network_data.o
                0x0800a89c                ai_network_data_params_get
 .text.ai_buffer_get_size
                0x0800a8ec       0x68 ../Middlewares/ST/AI/Lib\NetworkRuntime1000_CM7_GCC.a(ai_platform.o)
                0x0800a8ec                ai_buffer_get_size
 .text.ai_buffer_array_sane
                0x0800a954       0x14 ../Middlewares/ST/AI/Lib\NetworkRuntime1000_CM7_GCC.a(ai_platform.o)
                0x0800a954                ai_buffer_array_sane
 .text.ai_buffer_array_item_set_address
                0x0800a968       0x20 ../Middlewares/ST/AI/Lib\NetworkRuntime1000_CM7_GCC.a(ai_platform.o)
                0x0800a968                ai_buffer_array_item_set_address
 .text.ai_platform_get_weights_map
                0x0800a988       0xb0 ../Middlewares/ST/AI/Lib\NetworkRuntime1000_CM7_GCC.a(ai_platform_interface.o)
                0x0800a988                ai_platform_get_weights_map
 .text.ai_platform_get_activations_map
                0x0800aa38       0xb0 ../Middlewares/ST/AI/Lib\NetworkRuntime1000_CM7_GCC.a(ai_platform_interface.o)
                0x0800aa38                ai_platform_get_activations_map
 .text.ai_platform_bind_network_params
                0x0800aae8       0x34 ../Middlewares/ST/AI/Lib\NetworkRuntime1000_CM7_GCC.a(ai_platform_interface.o)
                0x0800aae8                ai_platform_bind_network_params
 .text.ai_platform_network_get_error
                0x0800ab1c       0x18 ../Middlewares/ST/AI/Lib\NetworkRuntime1000_CM7_GCC.a(ai_platform_interface.o)
                0x0800ab1c                ai_platform_network_get_error
 .text.ai_platform_network_set_error
                0x0800ab34        0xc ../Middlewares/ST/AI/Lib\NetworkRuntime1000_CM7_GCC.a(ai_platform_interface.o)
                0x0800ab34                ai_platform_network_set_error
 .text.ai_platform_inputs_get
                0x0800ab40       0xf0 ../Middlewares/ST/AI/Lib\NetworkRuntime1000_CM7_GCC.a(ai_platform_interface.o)
                0x0800ab40                ai_platform_inputs_get
 .text.ai_platform_outputs_get
                0x0800ac30       0xec ../Middlewares/ST/AI/Lib\NetworkRuntime1000_CM7_GCC.a(ai_platform_interface.o)
                0x0800ac30                ai_platform_outputs_get
 .text.ai_platform_network_create
                0x0800ad1c       0x84 ../Middlewares/ST/AI/Lib\NetworkRuntime1000_CM7_GCC.a(ai_platform_interface.o)
                0x0800ad1c                ai_platform_network_create
 .text.ai_platform_network_init
                0x0800ada0      0x180 ../Middlewares/ST/AI/Lib\NetworkRuntime1000_CM7_GCC.a(ai_platform_interface.o)
                0x0800ada0                ai_platform_network_init
 .text.ai_platform_network_post_init
                0x0800af20       0x60 ../Middlewares/ST/AI/Lib\NetworkRuntime1000_CM7_GCC.a(ai_platform_interface.o)
                0x0800af20                ai_platform_network_post_init
 .text.ai_platform_network_process
                0x0800af80      0x48c ../Middlewares/ST/AI/Lib\NetworkRuntime1000_CM7_GCC.a(ai_platform_interface.o)
                0x0800af80                ai_platform_network_process
 .text.core_init
                0x0800b40c        0x4 ../Middlewares/ST/AI/Lib\NetworkRuntime1000_CM7_GCC.a(core_common.o)
                0x0800b40c                core_init
 .text.core_get_error
                0x0800b410        0xc ../Middlewares/ST/AI/Lib\NetworkRuntime1000_CM7_GCC.a(core_common.o)
                0x0800b410                core_get_error
 .text.core_set_error
                0x0800b41c       0x18 ../Middlewares/ST/AI/Lib\NetworkRuntime1000_CM7_GCC.a(core_common.o)
                0x0800b41c                core_set_error
 .text.ai_check_custom_types
                0x0800b434       0x50 ../Middlewares/ST/AI/Lib\NetworkRuntime1000_CM7_GCC.a(layers.o)
                0x0800b434                ai_check_custom_types
 .text.ai_layers_init_all
                0x0800b484       0x1c ../Middlewares/ST/AI/Lib\NetworkRuntime1000_CM7_GCC.a(layers.o)
                0x0800b484                ai_layers_init_all
 .text.ai_layers_post_init_all
                0x0800b4a0       0x28 ../Middlewares/ST/AI/Lib\NetworkRuntime1000_CM7_GCC.a(layers.o)
                0x0800b4a0                ai_layers_post_init_all
 .text.ai_layers_forward_all
                0x0800b4c8       0x90 ../Middlewares/ST/AI/Lib\NetworkRuntime1000_CM7_GCC.a(layers.o)
                0x0800b4c8                ai_layers_forward_all
 .text.func_dummy
                0x0800b558        0x4 ../Middlewares/ST/AI/Lib\NetworkRuntime1000_CM7_GCC.a(layers_conv2d_sssa8_ch.o)
 .text.forward_conv2d_sssa8_ch_nl_pool
                0x0800b55c      0x528 ../Middlewares/ST/AI/Lib\NetworkRuntime1000_CM7_GCC.a(layers_conv2d_sssa8_ch.o)
                0x0800b55c                forward_conv2d_sssa8_ch_nl_pool
 .text.forward_dense_integer_SSSA_ch
                0x0800ba84      0x2a8 ../Middlewares/ST/AI/Lib\NetworkRuntime1000_CM7_GCC.a(layers_conv2d_stm32_integer.o)
                0x0800ba84                forward_dense_integer_SSSA_ch
 .text.forward_sm_integer
                0x0800bd2c       0xc0 ../Middlewares/ST/AI/Lib\NetworkRuntime1000_CM7_GCC.a(layers_nl_stm32_integer.o)
                0x0800bd2c                forward_sm_integer
 .text.pool_func_mp_array_integer_INT8
                0x0800bdec      0x1d4 ../Middlewares/ST/AI/Lib\NetworkRuntime1000_CM7_GCC.a(layers_pool_stm32_integer.o)
                0x0800bdec                pool_func_mp_array_integer_INT8
 .text.forward_lite_maxpool_is8os8_scalepos
                0x0800bfc0      0x1c4 ../Middlewares/ST/AI/Lib\NetworkRuntime1000_CM7_GCC.a(forward_lite_maxpool_is8os8_scalepos.o)
                0x0800bfc0                forward_lite_maxpool_is8os8_scalepos
 .text.forward_lite_conv2d_sssa8_ch
                0x0800c184      0xab0 ../Middlewares/ST/AI/Lib\NetworkRuntime1000_CM7_GCC.a(forward_lite_conv2d_sssa8_ch.o)
                0x0800c184                forward_lite_conv2d_sssa8_ch
 .text.forward_lite_maxpool_is8os8_scaleneg
                0x0800cc34      0x1c0 ../Middlewares/ST/AI/Lib\NetworkRuntime1000_CM7_GCC.a(forward_lite_maxpool_is8os8.o)
                0x0800cc34                forward_lite_maxpool_is8os8_scaleneg
 .text.forward_lite_nl_softmax_is8os8
                0x0800cdf4       0x14 ../Middlewares/ST/AI/Lib\NetworkRuntime1000_CM7_GCC.a(lite_nl_generic_integer.o)
                0x0800cdf4                forward_lite_nl_softmax_is8os8
 .text.forward_lite_nl_softmax_iu8ou8
                0x0800ce08       0x14 ../Middlewares/ST/AI/Lib\NetworkRuntime1000_CM7_GCC.a(lite_nl_generic_integer.o)
                0x0800ce08                forward_lite_nl_softmax_iu8ou8
 .text.align_factor_ch
                0x0800ce1c       0x60 ../Middlewares/ST/AI/Lib\NetworkRuntime1000_CM7_GCC.a(st_align_factor.o)
                0x0800ce1c                align_factor_ch
 .text.st_int8_to16_no_shift
                0x0800ce7c       0xc4 ../Middlewares/ST/AI/Lib\NetworkRuntime1000_CM7_GCC.a(st_int8_to16_no_shift.o)
                0x0800ce7c                st_int8_to16_no_shift
 .text.st_int8_to16_no_shift_interleaved
                0x0800cf40       0x88 ../Middlewares/ST/AI/Lib\NetworkRuntime1000_CM7_GCC.a(st_int8_to16_no_shift.o)
                0x0800cf40                st_int8_to16_no_shift_interleaved
 .text.st_int8_to16_dual
                0x0800cfc8      0x1d4 ../Middlewares/ST/AI/Lib\NetworkRuntime1000_CM7_GCC.a(st_int8_to16_no_shift.o)
                0x0800cfc8                st_int8_to16_dual
 .text.st_int8_to16_dual_interleaved
                0x0800d19c      0x174 ../Middlewares/ST/AI/Lib\NetworkRuntime1000_CM7_GCC.a(st_int8_to16_no_shift.o)
                0x0800d19c                st_int8_to16_dual_interleaved
 .text.ai_padding_opt_init
                0x0800d310       0xb4 ../Middlewares/ST/AI/Lib\NetworkRuntime1000_CM7_GCC.a(st_padding_opt.o)
                0x0800d310                ai_padding_opt_init
 .text.ai_padding_opt_phase1
                0x0800d3c4       0x34 ../Middlewares/ST/AI/Lib\NetworkRuntime1000_CM7_GCC.a(st_padding_opt.o)
                0x0800d3c4                ai_padding_opt_phase1
 .text.st_int16_fill
                0x0800d3f8       0x5c ../Middlewares/ST/AI/Lib\NetworkRuntime1000_CM7_GCC.a(st_int16_fill.o)
                0x0800d3f8                st_int16_fill
 .text.st_sssa8_ch_convolve_rank1upd
                0x0800d454      0x114 ../Middlewares/ST/AI/Lib\NetworkRuntime1000_CM7_GCC.a(st_sssa8_ch_convolve.o)
                0x0800d454                st_sssa8_ch_convolve_rank1upd
 .text.st_sssa8_ch_fully_connected
                0x0800d568      0x530 ../Middlewares/ST/AI/Lib\NetworkRuntime1000_CM7_GCC.a(st_sssa8_ch_dense.o)
                0x0800d568                st_sssa8_ch_fully_connected
 .text.st_int8_copy
                0x0800da98      0x144 ../Middlewares/ST/AI/Lib\NetworkRuntime1000_CM7_GCC.a(st_int8_fill.o)
                0x0800da98                st_int8_copy
 .text.st_int8_reordered_no_shift_zero
                0x0800dbdc       0x6c ../Middlewares/ST/AI/Lib\NetworkRuntime1000_CM7_GCC.a(st_int8_reordered_no_shift.o)
                0x0800dbdc                st_int8_reordered_no_shift_zero
 .text.st_sssa8_ch_nn_mat_mult_kernel_single_opt
                0x0800dc48      0x394 ../Middlewares/ST/AI/Lib\NetworkRuntime1000_CM7_GCC.a(st_sssa8_ch_nn_mat_mult_kernel_single_opt.o)
                0x0800dc48                st_sssa8_ch_nn_mat_mult_kernel_single_opt
 .text.st_sssa8_ch_nn_mat_mult_kernel_opt
                0x0800dfdc      0x33c ../Middlewares/ST/AI/Lib\NetworkRuntime1000_CM7_GCC.a(st_sssa8_ch_nn_mat_mult_kernel_opt.o)
                0x0800dfdc                st_sssa8_ch_nn_mat_mult_kernel_opt
 .text.ai_array_to_buffer_fmt
                0x0800e318       0xe0 ../Middlewares/ST/AI/Lib\NetworkRuntime1000_CM7_GCC.a(ai_datatypes_format.o)
                0x0800e318                ai_array_to_buffer_fmt
 .text.ai_array_get_byte_size
                0x0800e3f8       0x50 ../Middlewares/ST/AI/Lib\NetworkRuntime1000_CM7_GCC.a(ai_datatypes_format.o)
                0x0800e3f8                ai_array_get_byte_size
 .text.ai_array_get_data_byte_size
                0x0800e448       0x24 ../Middlewares/ST/AI/Lib\NetworkRuntime1000_CM7_GCC.a(ai_datatypes_format.o)
                0x0800e448                ai_array_get_data_byte_size
 .text.ai_version_get
                0x0800e46c        0xc ../Middlewares/ST/AI/Lib\NetworkRuntime1000_CM7_GCC.a(ai_datatypes_internal.o)
                0x0800e46c                ai_version_get
 .text.get_tensor_byte_size
                0x0800e478       0x2c ../Middlewares/ST/AI/Lib\NetworkRuntime1000_CM7_GCC.a(ai_datatypes_internal.o)
                0x0800e478                get_tensor_byte_size
 .text.core_tensor_clone
                0x0800e4a4       0x64 ../Middlewares/ST/AI/Lib\NetworkRuntime1000_CM7_GCC.a(core_utils.o)
                0x0800e4a4                core_tensor_clone
 .text.core_array_clone
                0x0800e508        0xc ../Middlewares/ST/AI/Lib\NetworkRuntime1000_CM7_GCC.a(core_utils.o)
                0x0800e508                core_array_clone
 .text._lite_kernel_nl_softmax_is8os8
                0x0800e514      0xb64 ../Middlewares/ST/AI/Lib\NetworkRuntime1000_CM7_GCC.a(lite_nl_softmax_is8os8.o)
                0x0800e514                _lite_kernel_nl_softmax_is8os8
 .text._lite_kernel_nl_softmax_iu8ou8
                0x0800f078      0x878 ../Middlewares/ST/AI/Lib\NetworkRuntime1000_CM7_GCC.a(lite_nl_softmax_iu8ou8.o)
                0x0800f078                _lite_kernel_nl_softmax_iu8ou8
 .text.atoi     0x0800f8f0        0x8 C:/ST/STM32CubeIDE_1.13.0/STM32CubeIDE/plugins/com.st.stm32cube.ide.mcu.externaltools.gnu-tools-for-stm32.12.3.rel1.win32_1.1.0.202410251130/tools/bin/../lib/gcc/arm-none-eabi/12.3.1/../../../../arm-none-eabi/lib/thumb/v7e-m+dp/hard\libc_nano.a(libc_a-atoi.o)
                0x0800f8f0                atoi
 .text.malloc   0x0800f8f8       0x10 C:/ST/STM32CubeIDE_1.13.0/STM32CubeIDE/plugins/com.st.stm32cube.ide.mcu.externaltools.gnu-tools-for-stm32.12.3.rel1.win32_1.1.0.202410251130/tools/bin/../lib/gcc/arm-none-eabi/12.3.1/../../../../arm-none-eabi/lib/thumb/v7e-m+dp/hard\libc_nano.a(libc_a-malloc.o)
                0x0800f8f8                malloc
 .text.sbrk_aligned
                0x0800f908       0x44 C:/ST/STM32CubeIDE_1.13.0/STM32CubeIDE/plugins/com.st.stm32cube.ide.mcu.externaltools.gnu-tools-for-stm32.12.3.rel1.win32_1.1.0.202410251130/tools/bin/../lib/gcc/arm-none-eabi/12.3.1/../../../../arm-none-eabi/lib/thumb/v7e-m+dp/hard\libc_nano.a(libc_a-mallocr.o)
 .text._malloc_r
                0x0800f94c      0x100 C:/ST/STM32CubeIDE_1.13.0/STM32CubeIDE/plugins/com.st.stm32cube.ide.mcu.externaltools.gnu-tools-for-stm32.12.3.rel1.win32_1.1.0.202410251130/tools/bin/../lib/gcc/arm-none-eabi/12.3.1/../../../../arm-none-eabi/lib/thumb/v7e-m+dp/hard\libc_nano.a(libc_a-mallocr.o)
                0x0800f94c                _malloc_r
 .text.__malloc_lock
                0x0800fa4c        0xc C:/ST/STM32CubeIDE_1.13.0/STM32CubeIDE/plugins/com.st.stm32cube.ide.mcu.externaltools.gnu-tools-for-stm32.12.3.rel1.win32_1.1.0.202410251130/tools/bin/../lib/gcc/arm-none-eabi/12.3.1/../../../../arm-none-eabi/lib/thumb/v7e-m+dp/hard\libc_nano.a(libc_a-mlock.o)
                0x0800fa4c                __malloc_lock
 .text.__malloc_unlock
                0x0800fa58        0xc C:/ST/STM32CubeIDE_1.13.0/STM32CubeIDE/plugins/com.st.stm32cube.ide.mcu.externaltools.gnu-tools-for-stm32.12.3.rel1.win32_1.1.0.202410251130/tools/bin/../lib/gcc/arm-none-eabi/12.3.1/../../../../arm-none-eabi/lib/thumb/v7e-m+dp/hard\libc_nano.a(libc_a-mlock.o)
                0x0800fa58                __malloc_unlock
 .text.srand    0x0800fa64       0x5c C:/ST/STM32CubeIDE_1.13.0/STM32CubeIDE/plugins/com.st.stm32cube.ide.mcu.externaltools.gnu-tools-for-stm32.12.3.rel1.win32_1.1.0.202410251130/tools/bin/../lib/gcc/arm-none-eabi/12.3.1/../../../../arm-none-eabi/lib/thumb/v7e-m+dp/hard\libc_nano.a(libc_a-rand.o)
                0x0800fa64                srand
 .text.rand     0x0800fac0       0x7c C:/ST/STM32CubeIDE_1.13.0/STM32CubeIDE/plugins/com.st.stm32cube.ide.mcu.externaltools.gnu-tools-for-stm32.12.3.rel1.win32_1.1.0.202410251130/tools/bin/../lib/gcc/arm-none-eabi/12.3.1/../../../../arm-none-eabi/lib/thumb/v7e-m+dp/hard\libc_nano.a(libc_a-rand.o)
                0x0800fac0                rand
 .text._realloc_r
                0x0800fb3c       0x5c C:/ST/STM32CubeIDE_1.13.0/STM32CubeIDE/plugins/com.st.stm32cube.ide.mcu.externaltools.gnu-tools-for-stm32.12.3.rel1.win32_1.1.0.202410251130/tools/bin/../lib/gcc/arm-none-eabi/12.3.1/../../../../arm-none-eabi/lib/thumb/v7e-m+dp/hard\libc_nano.a(libc_a-reallocr.o)
                0x0800fb3c                _realloc_r
 .text._strtol_l.constprop.0
                0x0800fb98       0xf4 C:/ST/STM32CubeIDE_1.13.0/STM32CubeIDE/plugins/com.st.stm32cube.ide.mcu.externaltools.gnu-tools-for-stm32.12.3.rel1.win32_1.1.0.202410251130/tools/bin/../lib/gcc/arm-none-eabi/12.3.1/../../../../arm-none-eabi/lib/thumb/v7e-m+dp/hard\libc_nano.a(libc_a-strtol.o)
 .text.strtol   0x0800fc8c       0x14 C:/ST/STM32CubeIDE_1.13.0/STM32CubeIDE/plugins/com.st.stm32cube.ide.mcu.externaltools.gnu-tools-for-stm32.12.3.rel1.win32_1.1.0.202410251130/tools/bin/../lib/gcc/arm-none-eabi/12.3.1/../../../../arm-none-eabi/lib/thumb/v7e-m+dp/hard\libc_nano.a(libc_a-strtol.o)
                0x0800fc8c                strtol
 .text.std      0x0800fca0       0x6c C:/ST/STM32CubeIDE_1.13.0/STM32CubeIDE/plugins/com.st.stm32cube.ide.mcu.externaltools.gnu-tools-for-stm32.12.3.rel1.win32_1.1.0.202410251130/tools/bin/../lib/gcc/arm-none-eabi/12.3.1/../../../../arm-none-eabi/lib/thumb/v7e-m+dp/hard\libc_nano.a(libc_a-findfp.o)
 .text.stdio_exit_handler
                0x0800fd0c       0x18 C:/ST/STM32CubeIDE_1.13.0/STM32CubeIDE/plugins/com.st.stm32cube.ide.mcu.externaltools.gnu-tools-for-stm32.12.3.rel1.win32_1.1.0.202410251130/tools/bin/../lib/gcc/arm-none-eabi/12.3.1/../../../../arm-none-eabi/lib/thumb/v7e-m+dp/hard\libc_nano.a(libc_a-findfp.o)
 .text.cleanup_stdio
                0x0800fd24       0x40 C:/ST/STM32CubeIDE_1.13.0/STM32CubeIDE/plugins/com.st.stm32cube.ide.mcu.externaltools.gnu-tools-for-stm32.12.3.rel1.win32_1.1.0.202410251130/tools/bin/../lib/gcc/arm-none-eabi/12.3.1/../../../../arm-none-eabi/lib/thumb/v7e-m+dp/hard\libc_nano.a(libc_a-findfp.o)
 .text.global_stdio_init.part.0
                0x0800fd64       0x3c C:/ST/STM32CubeIDE_1.13.0/STM32CubeIDE/plugins/com.st.stm32cube.ide.mcu.externaltools.gnu-tools-for-stm32.12.3.rel1.win32_1.1.0.202410251130/tools/bin/../lib/gcc/arm-none-eabi/12.3.1/../../../../arm-none-eabi/lib/thumb/v7e-m+dp/hard\libc_nano.a(libc_a-findfp.o)
 .text.__sfp_lock_acquire
                0x0800fda0        0xc C:/ST/STM32CubeIDE_1.13.0/STM32CubeIDE/plugins/com.st.stm32cube.ide.mcu.externaltools.gnu-tools-for-stm32.12.3.rel1.win32_1.1.0.202410251130/tools/bin/../lib/gcc/arm-none-eabi/12.3.1/../../../../arm-none-eabi/lib/thumb/v7e-m+dp/hard\libc_nano.a(libc_a-findfp.o)
                0x0800fda0                __sfp_lock_acquire
 .text.__sfp_lock_release
                0x0800fdac        0xc C:/ST/STM32CubeIDE_1.13.0/STM32CubeIDE/plugins/com.st.stm32cube.ide.mcu.externaltools.gnu-tools-for-stm32.12.3.rel1.win32_1.1.0.202410251130/tools/bin/../lib/gcc/arm-none-eabi/12.3.1/../../../../arm-none-eabi/lib/thumb/v7e-m+dp/hard\libc_nano.a(libc_a-findfp.o)
                0x0800fdac                __sfp_lock_release
 .text.__sinit  0x0800fdb8       0x30 C:/ST/STM32CubeIDE_1.13.0/STM32CubeIDE/plugins/com.st.stm32cube.ide.mcu.externaltools.gnu-tools-for-stm32.12.3.rel1.win32_1.1.0.202410251130/tools/bin/../lib/gcc/arm-none-eabi/12.3.1/../../../../arm-none-eabi/lib/thumb/v7e-m+dp/hard\libc_nano.a(libc_a-findfp.o)
                0x0800fdb8                __sinit
 .text._fwalk_sglue
                0x0800fde8       0x3c C:/ST/STM32CubeIDE_1.13.0/STM32CubeIDE/plugins/com.st.stm32cube.ide.mcu.externaltools.gnu-tools-for-stm32.12.3.rel1.win32_1.1.0.202410251130/tools/bin/../lib/gcc/arm-none-eabi/12.3.1/../../../../arm-none-eabi/lib/thumb/v7e-m+dp/hard\libc_nano.a(libc_a-fwalk.o)
                0x0800fde8                _fwalk_sglue
 .text.printf   0x0800fe24       0x24 C:/ST/STM32CubeIDE_1.13.0/STM32CubeIDE/plugins/com.st.stm32cube.ide.mcu.externaltools.gnu-tools-for-stm32.12.3.rel1.win32_1.1.0.202410251130/tools/bin/../lib/gcc/arm-none-eabi/12.3.1/../../../../arm-none-eabi/lib/thumb/v7e-m+dp/hard\libc_nano.a(libc_a-printf.o)
                0x0800fe24                iprintf
                0x0800fe24                printf
 .text.sprintf  0x0800fe48       0x40 C:/ST/STM32CubeIDE_1.13.0/STM32CubeIDE/plugins/com.st.stm32cube.ide.mcu.externaltools.gnu-tools-for-stm32.12.3.rel1.win32_1.1.0.202410251130/tools/bin/../lib/gcc/arm-none-eabi/12.3.1/../../../../arm-none-eabi/lib/thumb/v7e-m+dp/hard\libc_nano.a(libc_a-sprintf.o)
                0x0800fe48                siprintf
                0x0800fe48                sprintf
 .text.__sread  0x0800fe88       0x22 C:/ST/STM32CubeIDE_1.13.0/STM32CubeIDE/plugins/com.st.stm32cube.ide.mcu.externaltools.gnu-tools-for-stm32.12.3.rel1.win32_1.1.0.202410251130/tools/bin/../lib/gcc/arm-none-eabi/12.3.1/../../../../arm-none-eabi/lib/thumb/v7e-m+dp/hard\libc_nano.a(libc_a-stdio.o)
                0x0800fe88                __sread
 .text.__swrite
                0x0800feaa       0x38 C:/ST/STM32CubeIDE_1.13.0/STM32CubeIDE/plugins/com.st.stm32cube.ide.mcu.externaltools.gnu-tools-for-stm32.12.3.rel1.win32_1.1.0.202410251130/tools/bin/../lib/gcc/arm-none-eabi/12.3.1/../../../../arm-none-eabi/lib/thumb/v7e-m+dp/hard\libc_nano.a(libc_a-stdio.o)
                0x0800feaa                __swrite
 .text.__sseek  0x0800fee2       0x24 C:/ST/STM32CubeIDE_1.13.0/STM32CubeIDE/plugins/com.st.stm32cube.ide.mcu.externaltools.gnu-tools-for-stm32.12.3.rel1.win32_1.1.0.202410251130/tools/bin/../lib/gcc/arm-none-eabi/12.3.1/../../../../arm-none-eabi/lib/thumb/v7e-m+dp/hard\libc_nano.a(libc_a-stdio.o)
                0x0800fee2                __sseek
 .text.__sclose
                0x0800ff06        0x8 C:/ST/STM32CubeIDE_1.13.0/STM32CubeIDE/plugins/com.st.stm32cube.ide.mcu.externaltools.gnu-tools-for-stm32.12.3.rel1.win32_1.1.0.202410251130/tools/bin/../lib/gcc/arm-none-eabi/12.3.1/../../../../arm-none-eabi/lib/thumb/v7e-m+dp/hard\libc_nano.a(libc_a-stdio.o)
                0x0800ff06                __sclose
 .text.memset   0x0800ff0e       0x10 C:/ST/STM32CubeIDE_1.13.0/STM32CubeIDE/plugins/com.st.stm32cube.ide.mcu.externaltools.gnu-tools-for-stm32.12.3.rel1.win32_1.1.0.202410251130/tools/bin/../lib/gcc/arm-none-eabi/12.3.1/../../../../arm-none-eabi/lib/thumb/v7e-m+dp/hard\libc_nano.a(libc_a-memset.o)
                0x0800ff0e                memset
 *fill*         0x0800ff1e        0x2 
 .text._close_r
                0x0800ff20       0x20 C:/ST/STM32CubeIDE_1.13.0/STM32CubeIDE/plugins/com.st.stm32cube.ide.mcu.externaltools.gnu-tools-for-stm32.12.3.rel1.win32_1.1.0.202410251130/tools/bin/../lib/gcc/arm-none-eabi/12.3.1/../../../../arm-none-eabi/lib/thumb/v7e-m+dp/hard\libc_nano.a(libc_a-closer.o)
                0x0800ff20                _close_r
 .text._lseek_r
                0x0800ff40       0x24 C:/ST/STM32CubeIDE_1.13.0/STM32CubeIDE/plugins/com.st.stm32cube.ide.mcu.externaltools.gnu-tools-for-stm32.12.3.rel1.win32_1.1.0.202410251130/tools/bin/../lib/gcc/arm-none-eabi/12.3.1/../../../../arm-none-eabi/lib/thumb/v7e-m+dp/hard\libc_nano.a(libc_a-lseekr.o)
                0x0800ff40                _lseek_r
 .text._read_r  0x0800ff64       0x24 C:/ST/STM32CubeIDE_1.13.0/STM32CubeIDE/plugins/com.st.stm32cube.ide.mcu.externaltools.gnu-tools-for-stm32.12.3.rel1.win32_1.1.0.202410251130/tools/bin/../lib/gcc/arm-none-eabi/12.3.1/../../../../arm-none-eabi/lib/thumb/v7e-m+dp/hard\libc_nano.a(libc_a-readr.o)
                0x0800ff64                _read_r
 .text._sbrk_r  0x0800ff88       0x20 C:/ST/STM32CubeIDE_1.13.0/STM32CubeIDE/plugins/com.st.stm32cube.ide.mcu.externaltools.gnu-tools-for-stm32.12.3.rel1.win32_1.1.0.202410251130/tools/bin/../lib/gcc/arm-none-eabi/12.3.1/../../../../arm-none-eabi/lib/thumb/v7e-m+dp/hard\libc_nano.a(libc_a-sbrkr.o)
                0x0800ff88                _sbrk_r
 .text._write_r
                0x0800ffa8       0x24 C:/ST/STM32CubeIDE_1.13.0/STM32CubeIDE/plugins/com.st.stm32cube.ide.mcu.externaltools.gnu-tools-for-stm32.12.3.rel1.win32_1.1.0.202410251130/tools/bin/../lib/gcc/arm-none-eabi/12.3.1/../../../../arm-none-eabi/lib/thumb/v7e-m+dp/hard\libc_nano.a(libc_a-writer.o)
                0x0800ffa8                _write_r
 .text.__errno  0x0800ffcc        0xc C:/ST/STM32CubeIDE_1.13.0/STM32CubeIDE/plugins/com.st.stm32cube.ide.mcu.externaltools.gnu-tools-for-stm32.12.3.rel1.win32_1.1.0.202410251130/tools/bin/../lib/gcc/arm-none-eabi/12.3.1/../../../../arm-none-eabi/lib/thumb/v7e-m+dp/hard\libc_nano.a(libc_a-errno.o)
                0x0800ffcc                __errno
 .text.__libc_init_array
                0x0800ffd8       0x48 C:/ST/STM32CubeIDE_1.13.0/STM32CubeIDE/plugins/com.st.stm32cube.ide.mcu.externaltools.gnu-tools-for-stm32.12.3.rel1.win32_1.1.0.202410251130/tools/bin/../lib/gcc/arm-none-eabi/12.3.1/../../../../arm-none-eabi/lib/thumb/v7e-m+dp/hard\libc_nano.a(libc_a-init.o)
                0x0800ffd8                __libc_init_array
 .text.__retarget_lock_init_recursive
                0x08010020        0x2 C:/ST/STM32CubeIDE_1.13.0/STM32CubeIDE/plugins/com.st.stm32cube.ide.mcu.externaltools.gnu-tools-for-stm32.12.3.rel1.win32_1.1.0.202410251130/tools/bin/../lib/gcc/arm-none-eabi/12.3.1/../../../../arm-none-eabi/lib/thumb/v7e-m+dp/hard\libc_nano.a(libc_a-lock.o)
                0x08010020                __retarget_lock_init_recursive
 .text.__retarget_lock_acquire_recursive
                0x08010022        0x2 C:/ST/STM32CubeIDE_1.13.0/STM32CubeIDE/plugins/com.st.stm32cube.ide.mcu.externaltools.gnu-tools-for-stm32.12.3.rel1.win32_1.1.0.202410251130/tools/bin/../lib/gcc/arm-none-eabi/12.3.1/../../../../arm-none-eabi/lib/thumb/v7e-m+dp/hard\libc_nano.a(libc_a-lock.o)
                0x08010022                __retarget_lock_acquire_recursive
 .text.__retarget_lock_release_recursive
                0x08010024        0x2 C:/ST/STM32CubeIDE_1.13.0/STM32CubeIDE/plugins/com.st.stm32cube.ide.mcu.externaltools.gnu-tools-for-stm32.12.3.rel1.win32_1.1.0.202410251130/tools/bin/../lib/gcc/arm-none-eabi/12.3.1/../../../../arm-none-eabi/lib/thumb/v7e-m+dp/hard\libc_nano.a(libc_a-lock.o)
                0x08010024                __retarget_lock_release_recursive
 .text.memcpy   0x08010026       0x1c C:/ST/STM32CubeIDE_1.13.0/STM32CubeIDE/plugins/com.st.stm32cube.ide.mcu.externaltools.gnu-tools-for-stm32.12.3.rel1.win32_1.1.0.202410251130/tools/bin/../lib/gcc/arm-none-eabi/12.3.1/../../../../arm-none-eabi/lib/thumb/v7e-m+dp/hard\libc_nano.a(libc_a-memcpy-stub.o)
                0x08010026                memcpy
 *fill*         0x08010042        0x2 
 .text.__assert_func
                0x08010044       0x3c C:/ST/STM32CubeIDE_1.13.0/STM32CubeIDE/plugins/com.st.stm32cube.ide.mcu.externaltools.gnu-tools-for-stm32.12.3.rel1.win32_1.1.0.202410251130/tools/bin/../lib/gcc/arm-none-eabi/12.3.1/../../../../arm-none-eabi/lib/thumb/v7e-m+dp/hard\libc_nano.a(libc_a-assert.o)
                0x08010044                __assert_func
 .text._free_r  0x08010080       0x94 C:/ST/STM32CubeIDE_1.13.0/STM32CubeIDE/plugins/com.st.stm32cube.ide.mcu.externaltools.gnu-tools-for-stm32.12.3.rel1.win32_1.1.0.202410251130/tools/bin/../lib/gcc/arm-none-eabi/12.3.1/../../../../arm-none-eabi/lib/thumb/v7e-m+dp/hard\libc_nano.a(libc_a-freer.o)
                0x08010080                _free_r
 .text._malloc_usable_size_r
                0x08010114       0x10 C:/ST/STM32CubeIDE_1.13.0/STM32CubeIDE/plugins/com.st.stm32cube.ide.mcu.externaltools.gnu-tools-for-stm32.12.3.rel1.win32_1.1.0.202410251130/tools/bin/../lib/gcc/arm-none-eabi/12.3.1/../../../../arm-none-eabi/lib/thumb/v7e-m+dp/hard\libc_nano.a(libc_a-msizer.o)
                0x08010114                _malloc_usable_size_r
 .text.__ssputs_r
                0x08010124       0xb6 C:/ST/STM32CubeIDE_1.13.0/STM32CubeIDE/plugins/com.st.stm32cube.ide.mcu.externaltools.gnu-tools-for-stm32.12.3.rel1.win32_1.1.0.202410251130/tools/bin/../lib/gcc/arm-none-eabi/12.3.1/../../../../arm-none-eabi/lib/thumb/v7e-m+dp/hard\libc_nano.a(libc_a-nano-svfprintf.o)
                0x08010124                __ssputs_r
 *fill*         0x080101da        0x2 
 .text._svfprintf_r
                0x080101dc      0x1f8 C:/ST/STM32CubeIDE_1.13.0/STM32CubeIDE/plugins/com.st.stm32cube.ide.mcu.externaltools.gnu-tools-for-stm32.12.3.rel1.win32_1.1.0.202410251130/tools/bin/../lib/gcc/arm-none-eabi/12.3.1/../../../../arm-none-eabi/lib/thumb/v7e-m+dp/hard\libc_nano.a(libc_a-nano-svfprintf.o)
                0x080101dc                _svfiprintf_r
                0x080101dc                _svfprintf_r
 .text.__sfputc_r
                0x080103d4       0x2e C:/ST/STM32CubeIDE_1.13.0/STM32CubeIDE/plugins/com.st.stm32cube.ide.mcu.externaltools.gnu-tools-for-stm32.12.3.rel1.win32_1.1.0.202410251130/tools/bin/../lib/gcc/arm-none-eabi/12.3.1/../../../../arm-none-eabi/lib/thumb/v7e-m+dp/hard\libc_nano.a(libc_a-nano-vfprintf.o)
 .text.__sfputs_r
                0x08010402       0x24 C:/ST/STM32CubeIDE_1.13.0/STM32CubeIDE/plugins/com.st.stm32cube.ide.mcu.externaltools.gnu-tools-for-stm32.12.3.rel1.win32_1.1.0.202410251130/tools/bin/../lib/gcc/arm-none-eabi/12.3.1/../../../../arm-none-eabi/lib/thumb/v7e-m+dp/hard\libc_nano.a(libc_a-nano-vfprintf.o)
                0x08010402                __sfputs_r
 *fill*         0x08010426        0x2 
 .text._vfprintf_r
                0x08010428      0x230 C:/ST/STM32CubeIDE_1.13.0/STM32CubeIDE/plugins/com.st.stm32cube.ide.mcu.externaltools.gnu-tools-for-stm32.12.3.rel1.win32_1.1.0.202410251130/tools/bin/../lib/gcc/arm-none-eabi/12.3.1/../../../../arm-none-eabi/lib/thumb/v7e-m+dp/hard\libc_nano.a(libc_a-nano-vfprintf.o)
                0x08010428                _vfprintf_r
                0x08010428                _vfiprintf_r
 .text._printf_common
                0x08010658       0xda C:/ST/STM32CubeIDE_1.13.0/STM32CubeIDE/plugins/com.st.stm32cube.ide.mcu.externaltools.gnu-tools-for-stm32.12.3.rel1.win32_1.1.0.202410251130/tools/bin/../lib/gcc/arm-none-eabi/12.3.1/../../../../arm-none-eabi/lib/thumb/v7e-m+dp/hard\libc_nano.a(libc_a-nano-vfprintf_i.o)
                0x08010658                _printf_common
 *fill*         0x08010732        0x2 
 .text._printf_i
                0x08010734      0x240 C:/ST/STM32CubeIDE_1.13.0/STM32CubeIDE/plugins/com.st.stm32cube.ide.mcu.externaltools.gnu-tools-for-stm32.12.3.rel1.win32_1.1.0.202410251130/tools/bin/../lib/gcc/arm-none-eabi/12.3.1/../../../../arm-none-eabi/lib/thumb/v7e-m+dp/hard\libc_nano.a(libc_a-nano-vfprintf_i.o)
                0x08010734                _printf_i
 .text.__sflush_r
                0x08010974      0x108 C:/ST/STM32CubeIDE_1.13.0/STM32CubeIDE/plugins/com.st.stm32cube.ide.mcu.externaltools.gnu-tools-for-stm32.12.3.rel1.win32_1.1.0.202410251130/tools/bin/../lib/gcc/arm-none-eabi/12.3.1/../../../../arm-none-eabi/lib/thumb/v7e-m+dp/hard\libc_nano.a(libc_a-fflush.o)
                0x08010974                __sflush_r
 .text._fflush_r
                0x08010a7c       0x50 C:/ST/STM32CubeIDE_1.13.0/STM32CubeIDE/plugins/com.st.stm32cube.ide.mcu.externaltools.gnu-tools-for-stm32.12.3.rel1.win32_1.1.0.202410251130/tools/bin/../lib/gcc/arm-none-eabi/12.3.1/../../../../arm-none-eabi/lib/thumb/v7e-m+dp/hard\libc_nano.a(libc_a-fflush.o)
                0x08010a7c                _fflush_r
 .text.fprintf  0x08010acc       0x24 C:/ST/STM32CubeIDE_1.13.0/STM32CubeIDE/plugins/com.st.stm32cube.ide.mcu.externaltools.gnu-tools-for-stm32.12.3.rel1.win32_1.1.0.202410251130/tools/bin/../lib/gcc/arm-none-eabi/12.3.1/../../../../arm-none-eabi/lib/thumb/v7e-m+dp/hard\libc_nano.a(libc_a-fprintf.o)
                0x08010acc                fiprintf
                0x08010acc                fprintf
 .text.__swbuf_r
                0x08010af0       0x7c C:/ST/STM32CubeIDE_1.13.0/STM32CubeIDE/plugins/com.st.stm32cube.ide.mcu.externaltools.gnu-tools-for-stm32.12.3.rel1.win32_1.1.0.202410251130/tools/bin/../lib/gcc/arm-none-eabi/12.3.1/../../../../arm-none-eabi/lib/thumb/v7e-m+dp/hard\libc_nano.a(libc_a-wbuf.o)
                0x08010af0                __swbuf_r
 .text.__swsetup_r
                0x08010b6c       0xac C:/ST/STM32CubeIDE_1.13.0/STM32CubeIDE/plugins/com.st.stm32cube.ide.mcu.externaltools.gnu-tools-for-stm32.12.3.rel1.win32_1.1.0.202410251130/tools/bin/../lib/gcc/arm-none-eabi/12.3.1/../../../../arm-none-eabi/lib/thumb/v7e-m+dp/hard\libc_nano.a(libc_a-wsetup.o)
                0x08010b6c                __swsetup_r
 .text.memmove  0x08010c18       0x34 C:/ST/STM32CubeIDE_1.13.0/STM32CubeIDE/plugins/com.st.stm32cube.ide.mcu.externaltools.gnu-tools-for-stm32.12.3.rel1.win32_1.1.0.202410251130/tools/bin/../lib/gcc/arm-none-eabi/12.3.1/../../../../arm-none-eabi/lib/thumb/v7e-m+dp/hard\libc_nano.a(libc_a-memmove.o)
                0x08010c18                memmove
 .text.abort    0x08010c4c        0xe C:/ST/STM32CubeIDE_1.13.0/STM32CubeIDE/plugins/com.st.stm32cube.ide.mcu.externaltools.gnu-tools-for-stm32.12.3.rel1.win32_1.1.0.202410251130/tools/bin/../lib/gcc/arm-none-eabi/12.3.1/../../../../arm-none-eabi/lib/thumb/v7e-m+dp/hard\libc_nano.a(libc_a-abort.o)
                0x08010c4c                abort
 .text.__swhatbuf_r
                0x08010c5a       0x4c C:/ST/STM32CubeIDE_1.13.0/STM32CubeIDE/plugins/com.st.stm32cube.ide.mcu.externaltools.gnu-tools-for-stm32.12.3.rel1.win32_1.1.0.202410251130/tools/bin/../lib/gcc/arm-none-eabi/12.3.1/../../../../arm-none-eabi/lib/thumb/v7e-m+dp/hard\libc_nano.a(libc_a-makebuf.o)
                0x08010c5a                __swhatbuf_r
 .text.__smakebuf_r
                0x08010ca6       0x78 C:/ST/STM32CubeIDE_1.13.0/STM32CubeIDE/plugins/com.st.stm32cube.ide.mcu.externaltools.gnu-tools-for-stm32.12.3.rel1.win32_1.1.0.202410251130/tools/bin/../lib/gcc/arm-none-eabi/12.3.1/../../../../arm-none-eabi/lib/thumb/v7e-m+dp/hard\libc_nano.a(libc_a-makebuf.o)
                0x08010ca6                __smakebuf_r
 .text._raise_r
                0x08010d1e       0x50 C:/ST/STM32CubeIDE_1.13.0/STM32CubeIDE/plugins/com.st.stm32cube.ide.mcu.externaltools.gnu-tools-for-stm32.12.3.rel1.win32_1.1.0.202410251130/tools/bin/../lib/gcc/arm-none-eabi/12.3.1/../../../../arm-none-eabi/lib/thumb/v7e-m+dp/hard\libc_nano.a(libc_a-signal.o)
                0x08010d1e                _raise_r
 *fill*         0x08010d6e        0x2 
 .text.raise    0x08010d70       0x10 C:/ST/STM32CubeIDE_1.13.0/STM32CubeIDE/plugins/com.st.stm32cube.ide.mcu.externaltools.gnu-tools-for-stm32.12.3.rel1.win32_1.1.0.202410251130/tools/bin/../lib/gcc/arm-none-eabi/12.3.1/../../../../arm-none-eabi/lib/thumb/v7e-m+dp/hard\libc_nano.a(libc_a-signal.o)
                0x08010d70                raise
 .text._fstat_r
                0x08010d80       0x24 C:/ST/STM32CubeIDE_1.13.0/STM32CubeIDE/plugins/com.st.stm32cube.ide.mcu.externaltools.gnu-tools-for-stm32.12.3.rel1.win32_1.1.0.202410251130/tools/bin/../lib/gcc/arm-none-eabi/12.3.1/../../../../arm-none-eabi/lib/thumb/v7e-m+dp/hard\libc_nano.a(libc_a-fstatr.o)
                0x08010d80                _fstat_r
 .text._isatty_r
                0x08010da4       0x20 C:/ST/STM32CubeIDE_1.13.0/STM32CubeIDE/plugins/com.st.stm32cube.ide.mcu.externaltools.gnu-tools-for-stm32.12.3.rel1.win32_1.1.0.202410251130/tools/bin/../lib/gcc/arm-none-eabi/12.3.1/../../../../arm-none-eabi/lib/thumb/v7e-m+dp/hard\libc_nano.a(libc_a-isattyr.o)
                0x08010da4                _isatty_r
 .text._kill_r  0x08010dc4       0x24 C:/ST/STM32CubeIDE_1.13.0/STM32CubeIDE/plugins/com.st.stm32cube.ide.mcu.externaltools.gnu-tools-for-stm32.12.3.rel1.win32_1.1.0.202410251130/tools/bin/../lib/gcc/arm-none-eabi/12.3.1/../../../../arm-none-eabi/lib/thumb/v7e-m+dp/hard\libc_nano.a(libc_a-signalr.o)
                0x08010dc4                _kill_r
 .text._getpid_r
                0x08010de8        0x4 C:/ST/STM32CubeIDE_1.13.0/STM32CubeIDE/plugins/com.st.stm32cube.ide.mcu.externaltools.gnu-tools-for-stm32.12.3.rel1.win32_1.1.0.202410251130/tools/bin/../lib/gcc/arm-none-eabi/12.3.1/../../../../arm-none-eabi/lib/thumb/v7e-m+dp/hard\libc_nano.a(libc_a-signalr.o)
                0x08010de8                _getpid_r
 .text._close   0x08010dec       0x10 C:/ST/STM32CubeIDE_1.13.0/STM32CubeIDE/plugins/com.st.stm32cube.ide.mcu.externaltools.gnu-tools-for-stm32.12.3.rel1.win32_1.1.0.202410251130/tools/bin/../lib/gcc/arm-none-eabi/12.3.1/../../../../arm-none-eabi/lib/thumb/v7e-m+dp/hard\libnosys.a(close.o)
                0x08010dec                _close
 .text._fstat   0x08010dfc       0x10 C:/ST/STM32CubeIDE_1.13.0/STM32CubeIDE/plugins/com.st.stm32cube.ide.mcu.externaltools.gnu-tools-for-stm32.12.3.rel1.win32_1.1.0.202410251130/tools/bin/../lib/gcc/arm-none-eabi/12.3.1/../../../../arm-none-eabi/lib/thumb/v7e-m+dp/hard\libnosys.a(fstat.o)
                0x08010dfc                _fstat
 .text._getpid  0x08010e0c       0x10 C:/ST/STM32CubeIDE_1.13.0/STM32CubeIDE/plugins/com.st.stm32cube.ide.mcu.externaltools.gnu-tools-for-stm32.12.3.rel1.win32_1.1.0.202410251130/tools/bin/../lib/gcc/arm-none-eabi/12.3.1/../../../../arm-none-eabi/lib/thumb/v7e-m+dp/hard\libnosys.a(getpid.o)
                0x08010e0c                _getpid
 .text._isatty  0x08010e1c       0x10 C:/ST/STM32CubeIDE_1.13.0/STM32CubeIDE/plugins/com.st.stm32cube.ide.mcu.externaltools.gnu-tools-for-stm32.12.3.rel1.win32_1.1.0.202410251130/tools/bin/../lib/gcc/arm-none-eabi/12.3.1/../../../../arm-none-eabi/lib/thumb/v7e-m+dp/hard\libnosys.a(isatty.o)
                0x08010e1c                _isatty
 .text._kill    0x08010e2c       0x10 C:/ST/STM32CubeIDE_1.13.0/STM32CubeIDE/plugins/com.st.stm32cube.ide.mcu.externaltools.gnu-tools-for-stm32.12.3.rel1.win32_1.1.0.202410251130/tools/bin/../lib/gcc/arm-none-eabi/12.3.1/../../../../arm-none-eabi/lib/thumb/v7e-m+dp/hard\libnosys.a(kill.o)
                0x08010e2c                _kill
 .text._lseek   0x08010e3c       0x10 C:/ST/STM32CubeIDE_1.13.0/STM32CubeIDE/plugins/com.st.stm32cube.ide.mcu.externaltools.gnu-tools-for-stm32.12.3.rel1.win32_1.1.0.202410251130/tools/bin/../lib/gcc/arm-none-eabi/12.3.1/../../../../arm-none-eabi/lib/thumb/v7e-m+dp/hard\libnosys.a(lseek.o)
                0x08010e3c                _lseek
 .text._read    0x08010e4c       0x10 C:/ST/STM32CubeIDE_1.13.0/STM32CubeIDE/plugins/com.st.stm32cube.ide.mcu.externaltools.gnu-tools-for-stm32.12.3.rel1.win32_1.1.0.202410251130/tools/bin/../lib/gcc/arm-none-eabi/12.3.1/../../../../arm-none-eabi/lib/thumb/v7e-m+dp/hard\libnosys.a(read.o)
                0x08010e4c                _read
 .text._write   0x08010e5c       0x10 C:/ST/STM32CubeIDE_1.13.0/STM32CubeIDE/plugins/com.st.stm32cube.ide.mcu.externaltools.gnu-tools-for-stm32.12.3.rel1.win32_1.1.0.202410251130/tools/bin/../lib/gcc/arm-none-eabi/12.3.1/../../../../arm-none-eabi/lib/thumb/v7e-m+dp/hard\libnosys.a(write.o)
                0x08010e5c                _write
 .text._exit    0x08010e6c        0x2 C:/ST/STM32CubeIDE_1.13.0/STM32CubeIDE/plugins/com.st.stm32cube.ide.mcu.externaltools.gnu-tools-for-stm32.12.3.rel1.win32_1.1.0.202410251130/tools/bin/../lib/gcc/arm-none-eabi/12.3.1/../../../../arm-none-eabi/lib/thumb/v7e-m+dp/hard\libnosys.a(_exit.o)
                0x08010e6c                _exit
 *(.glue_7)
 .glue_7        0x08010e6e        0x0 linker stubs
 *(.glue_7t)
 .glue_7t       0x08010e6e        0x0 linker stubs
 *(.eh_frame)
 *fill*         0x08010e6e        0x2 
 .eh_frame      0x08010e70        0x0 C:/ST/STM32CubeIDE_1.13.0/STM32CubeIDE/plugins/com.st.stm32cube.ide.mcu.externaltools.gnu-tools-for-stm32.12.3.rel1.win32_1.1.0.202410251130/tools/bin/../lib/gcc/arm-none-eabi/12.3.1/thumb/v7e-m+dp/hard/crtbegin.o
 *(.init)
 .init          0x08010e70        0x4 C:/ST/STM32CubeIDE_1.13.0/STM32CubeIDE/plugins/com.st.stm32cube.ide.mcu.externaltools.gnu-tools-for-stm32.12.3.rel1.win32_1.1.0.202410251130/tools/bin/../lib/gcc/arm-none-eabi/12.3.1/thumb/v7e-m+dp/hard/crti.o
                0x08010e70                _init
 .init          0x08010e74        0x8 C:/ST/STM32CubeIDE_1.13.0/STM32CubeIDE/plugins/com.st.stm32cube.ide.mcu.externaltools.gnu-tools-for-stm32.12.3.rel1.win32_1.1.0.202410251130/tools/bin/../lib/gcc/arm-none-eabi/12.3.1/thumb/v7e-m+dp/hard/crtn.o
 *(.fini)
 .fini          0x08010e7c        0x4 C:/ST/STM32CubeIDE_1.13.0/STM32CubeIDE/plugins/com.st.stm32cube.ide.mcu.externaltools.gnu-tools-for-stm32.12.3.rel1.win32_1.1.0.202410251130/tools/bin/../lib/gcc/arm-none-eabi/12.3.1/thumb/v7e-m+dp/hard/crti.o
                0x08010e7c                _fini
 .fini          0x08010e80        0x8 C:/ST/STM32CubeIDE_1.13.0/STM32CubeIDE/plugins/com.st.stm32cube.ide.mcu.externaltools.gnu-tools-for-stm32.12.3.rel1.win32_1.1.0.202410251130/tools/bin/../lib/gcc/arm-none-eabi/12.3.1/thumb/v7e-m+dp/hard/crtn.o
                0x08010e88                        . = ALIGN (0x4)
                0x08010e88                        _etext = .

.vfp11_veneer   0x08010e88        0x0
 .vfp11_veneer  0x08010e88        0x0 linker stubs

.v4_bx          0x08010e88        0x0
 .v4_bx         0x08010e88        0x0 linker stubs

.iplt           0x08010e88        0x0
 .iplt          0x08010e88        0x0 C:/ST/STM32CubeIDE_1.13.0/STM32CubeIDE/plugins/com.st.stm32cube.ide.mcu.externaltools.gnu-tools-for-stm32.12.3.rel1.win32_1.1.0.202410251130/tools/bin/../lib/gcc/arm-none-eabi/12.3.1/thumb/v7e-m+dp/hard/crtbegin.o

.rodata         0x08010ea0     0xa4d0
                0x08010ea0                        . = ALIGN (0x4)
 *(.rodata)
 .rodata        0x08010ea0       0x76 ./Core/Src/main.o
 *fill*         0x08010f16        0x2 
 .rodata        0x08010f18        0x5 ./Middlewares/Third_Party/FreeRTOS/Source/tasks.o
 *fill*         0x08010f1d        0x3 
 .rodata        0x08010f20        0xd ./Middlewares/Third_Party/FreeRTOS/Source/timers.o
 *fill*         0x08010f2d        0x3 
 .rodata        0x08010f30       0xa3 ./X-CUBE-AI/App/app_x-cube-ai.o
 *fill*         0x08010fd3        0x1 
 .rodata        0x08010fd4       0x30 ./X-CUBE-AI/App/network_data.o
 *(.rodata*)
 .rodata.Task01input_attributes
                0x08011004       0x24 ./Core/Src/main.o