../Drivers/CMSIS/Include/core_cm7.h:2229:22:SCB_EnableICache	4	static,ignoring_inline_asm
../Drivers/CMSIS/Include/core_cm7.h:2281:22:SCB_EnableDCache	24	static,ignoring_inline_asm
../Core/Src/main.c:172:5:main	8	static
../Core/Src/main.c:287:6:SystemClock_Config	88	static
../Core/Src/main.c:345:13:MX_DAC_Init	16	static
../Core/Src/main.c:385:13:MX_ETH_Init	8	static
../Core/Src/main.c:434:13:MX_I2C2_Init	8	static
../Core/Src/main.c:482:13:MX_TIM4_Init	40	static
../Core/Src/main.c:527:13:MX_USART3_UART_Init	8	static
../Core/Src/main.c:562:13:MX_USB_OTG_FS_PCD_Init	8	static
../Core/Src/main.c:597:13:MX_GPIO_Init	64	static
../Core/Src/main.c:656:6:HAL_UART_RxCpltCallback	16	static
../Core/Src/main.c:672:6:PlayWav	8	static
../Core/Src/main.c:686:6:Taskuser	16	static
../Core/Src/main.c:727:6:Task02image	32	static
../Core/Src/main.c:766:6:Task03logic	64	static
../Core/Src/main.c:839:6:Task04display	112	static
../Core/Src/main.c:896:6:Task05song	32	static
../Core/Src/main.c:941:6:Error_Handler	4	static,ignoring_inline_asm
