../Core/Src/stm32f7xx_it.c:86:6:NMI_Handler	4	static
../Core/Src/stm32f7xx_it.c:101:6:HardFault_Handler	4	static
../Core/Src/stm32f7xx_it.c:116:6:MemManage_Handler	4	static
../Core/Src/stm32f7xx_it.c:131:6:BusFault_Handler	4	static
../Core/Src/stm32f7xx_it.c:146:6:UsageFault_Handler	4	static
../Core/Src/stm32f7xx_it.c:161:6:DebugMon_Handler	4	static
../Core/Src/stm32f7xx_it.c:174:6:SysTick_Handler	8	static
../Core/Src/stm32f7xx_it.c:203:6:TIM4_IRQHandler	8	static
../Core/Src/stm32f7xx_it.c:249:6:USART3_IRQHandler	8	static
