../Core/Src/stm32f7xx_it.c:91:6:NMI_Handler	4	static
../Core/Src/stm32f7xx_it.c:106:6:HardFault_Handler	4	static
../Core/Src/stm32f7xx_it.c:121:6:MemManage_Handler	4	static
../Core/Src/stm32f7xx_it.c:136:6:BusFault_Handler	4	static
../Core/Src/stm32f7xx_it.c:151:6:UsageFault_Handler	4	static
../Core/Src/stm32f7xx_it.c:166:6:DebugMon_Handler	4	static
../Core/Src/stm32f7xx_it.c:179:6:SysTick_Handler	8	static
../Core/Src/stm32f7xx_it.c:208:6:TIM4_IRQHandler	8	static
../Core/Src/stm32f7xx_it.c:272:6:USART3_IRQHandler	8	static
